[0.026s] Invoking command in '/home/dev_pc/dev_ws/build/asio_cmake_module': CMAKE_PREFIX_PATH=${CMAKE_PREFIX_PATH}:/opt/ros/foxy /usr/bin/cmake --build /home/dev_pc/dev_ws/build/asio_cmake_module -- -j6 -l6
[0.062s] Invoked command in '/home/dev_pc/dev_ws/build/asio_cmake_module' returned '0': CMAKE_PREFIX_PATH=${CMAKE_PREFIX_PATH}:/opt/ros/foxy /usr/bin/cmake --build /home/dev_pc/dev_ws/build/asio_cmake_module -- -j6 -l6
[0.074s] Invoking command in '/home/dev_pc/dev_ws/build/asio_cmake_module': CMAKE_PREFIX_PATH=${CMAKE_PREFIX_PATH}:/opt/ros/foxy /usr/bin/cmake --install /home/dev_pc/dev_ws/build/asio_cmake_module
[0.083s] -- Install configuration: ""
[0.083s] -- Up-to-date: /home/dev_pc/dev_ws/install/asio_cmake_module/share/ament_index/resource_index/package_run_dependencies/asio_cmake_module
[0.084s] -- Up-to-date: /home/dev_pc/dev_ws/install/asio_cmake_module/share/ament_index/resource_index/parent_prefix_path/asio_cmake_module
[0.085s] -- Up-to-date: /home/dev_pc/dev_ws/install/asio_cmake_module/share/asio_cmake_module/environment/ament_prefix_path.sh
[0.085s] -- Up-to-date: /home/dev_pc/dev_ws/install/asio_cmake_module/share/asio_cmake_module/environment/ament_prefix_path.dsv
[0.085s] -- Up-to-date: /home/dev_pc/dev_ws/install/asio_cmake_module/share/asio_cmake_module/environment/path.sh
[0.085s] -- Up-to-date: /home/dev_pc/dev_ws/install/asio_cmake_module/share/asio_cmake_module/environment/path.dsv
[0.085s] -- Up-to-date: /home/dev_pc/dev_ws/install/asio_cmake_module/share/asio_cmake_module/local_setup.bash
[0.086s] -- Up-to-date: /home/dev_pc/dev_ws/install/asio_cmake_module/share/asio_cmake_module/local_setup.sh
[0.086s] -- Up-to-date: /home/dev_pc/dev_ws/install/asio_cmake_module/share/asio_cmake_module/local_setup.zsh
[0.086s] -- Up-to-date: /home/dev_pc/dev_ws/install/asio_cmake_module/share/asio_cmake_module/local_setup.dsv
[0.086s] -- Up-to-date: /home/dev_pc/dev_ws/install/asio_cmake_module/share/asio_cmake_module/package.dsv
[0.086s] -- Up-to-date: /home/dev_pc/dev_ws/install/asio_cmake_module/share/ament_index/resource_index/packages/asio_cmake_module
[0.086s] -- Up-to-date: /home/dev_pc/dev_ws/install/asio_cmake_module/share/asio_cmake_module/cmake/asio_cmake_module-extras.cmake
[0.087s] -- Up-to-date: /home/dev_pc/dev_ws/install/asio_cmake_module/share/asio_cmake_module/cmake/asio_cmake_moduleConfig.cmake
[0.087s] -- Up-to-date: /home/dev_pc/dev_ws/install/asio_cmake_module/share/asio_cmake_module/cmake/asio_cmake_moduleConfig-version.cmake
[0.087s] -- Up-to-date: /home/dev_pc/dev_ws/install/asio_cmake_module/share/asio_cmake_module/package.xml
[0.087s] -- Up-to-date: /home/dev_pc/dev_ws/install/asio_cmake_module/share/asio_cmake_module/cmake
[0.087s] -- Up-to-date: /home/dev_pc/dev_ws/install/asio_cmake_module/share/asio_cmake_module/cmake/Modules
[0.087s] -- Up-to-date: /home/dev_pc/dev_ws/install/asio_cmake_module/share/asio_cmake_module/cmake/Modules/FindASIO.cmake
[0.088s] Invoked command in '/home/dev_pc/dev_ws/build/asio_cmake_module' returned '0': CMAKE_PREFIX_PATH=${CMAKE_PREFIX_PATH}:/opt/ros/foxy /usr/bin/cmake --install /home/dev_pc/dev_ws/build/asio_cmake_module
