[0.019s] Invoking command in '/home/dev_pc/dev_ws/build/racecar_hw_interface': CMAKE_PREFIX_PATH=${CMAKE_PREFIX_PATH}:/opt/ros/foxy /usr/bin/cmake /home/dev_pc/dev_ws/src/racecar_hw_interface -DCMAKE_INSTALL_PREFIX=/home/dev_pc/dev_ws/install/racecar_hw_interface
[0.067s] -- The C compiler identification is GNU 9.4.0
[0.116s] -- The CXX compiler identification is GNU 9.4.0
[0.119s] -- Check for working C compiler: /usr/bin/cc
[0.176s] -- Check for working C compiler: /usr/bin/cc -- works
[0.177s] -- Detecting C compiler ABI info
[0.237s] -- Detecting C compiler ABI info - done
[0.246s] -- Detecting C compile features
[0.246s] -- Detecting C compile features - done
[0.248s] -- Check for working CXX compiler: /usr/bin/c++
[0.315s] -- Check for working CXX compiler: /usr/bin/c++ -- works
[0.316s] -- Detecting CXX compiler ABI info
[0.384s] -- Detecting CXX compiler ABI info - done
[0.394s] -- Detecting CXX compile features
[0.395s] -- Detecting CXX compile features - done
[0.397s] -- Found ament_cmake: 0.9.12 (/opt/ros/foxy/share/ament_cmake/cmake)
[0.416s] -- Found PythonInterp: /usr/bin/python3 (found suitable version "3.8.10", minimum required is "3") 
[0.417s] -- Using PYTHON_EXECUTABLE: /usr/bin/python3
[0.584s] -- Found rclcpp: 2.4.3 (/opt/ros/foxy/share/rclcpp/cmake)
[0.621s] -- Using all available rosidl_typesupport_c: rosidl_typesupport_fastrtps_c;rosidl_typesupport_introspection_c
[0.627s] -- Found rosidl_adapter: 1.3.1 (/opt/ros/foxy/share/rosidl_adapter/cmake)
[0.699s] -- Found OpenSSL: /usr/lib/x86_64-linux-gnu/libcrypto.so (found version "1.1.1f")  
[0.725s] -- Found FastRTPS: /opt/ros/foxy/include  
[0.791s] -- Using all available rosidl_typesupport_cpp: rosidl_typesupport_fastrtps_cpp;rosidl_typesupport_introspection_cpp
[0.840s] -- Found rmw_implementation_cmake: 1.0.4 (/opt/ros/foxy/share/rmw_implementation_cmake/cmake)
[0.841s] -- Using RMW implementation 'rmw_fastrtps_cpp' as default
[0.842s] -- Looking for pthread.h
[0.904s] -- Looking for pthread.h - found
[0.904s] -- Performing Test CMAKE_HAVE_LIBC_PTHREAD
[0.980s] -- Performing Test CMAKE_HAVE_LIBC_PTHREAD - Failed
[0.980s] -- Looking for pthread_create in pthreads
[1.042s] -- Looking for pthread_create in pthreads - not found
[1.042s] -- Looking for pthread_create in pthread
[1.108s] -- Looking for pthread_create in pthread - found
[1.109s] -- Found Threads: TRUE  
[1.279s] CMake Error at CMakeLists.txt:16 (find_package):
[1.279s]   By not providing "Findserial.cmake" in CMAKE_MODULE_PATH this project has
[1.279s]   asked CMake to find a package configuration file provided by "serial", but
[1.279s]   CMake did not find one.
[1.279s] 
[1.279s]   Could not find a package configuration file provided by "serial" with any
[1.279s]   of the following names:
[1.279s] 
[1.279s]     serialConfig.cmake
[1.279s]     serial-config.cmake
[1.279s] 
[1.279s]   Add the installation prefix of "serial" to CMAKE_PREFIX_PATH or set
[1.279s]   "serial_DIR" to a directory containing one of the above files.  If "serial"
[1.279s]   provides a separate development package or SDK, be sure it has been
[1.279s]   installed.
[1.279s] 
[1.280s] 
[1.280s] -- Configuring incomplete, errors occurred!
[1.280s] See also "/home/dev_pc/dev_ws/build/racecar_hw_interface/CMakeFiles/CMakeOutput.log".
[1.280s] See also "/home/dev_pc/dev_ws/build/racecar_hw_interface/CMakeFiles/CMakeError.log".
[1.288s] Invoked command in '/home/dev_pc/dev_ws/build/racecar_hw_interface' returned '1': CMAKE_PREFIX_PATH=${CMAKE_PREFIX_PATH}:/opt/ros/foxy /usr/bin/cmake /home/dev_pc/dev_ws/src/racecar_hw_interface -DCMAKE_INSTALL_PREFIX=/home/dev_pc/dev_ws/install/racecar_hw_interface
