[0.162s] DEBUG:colcon:Command line arguments: ['/usr/bin/colcon', 'build']
[0.162s] DEBUG:colcon:Parsed command line arguments: Namespace(allow_overriding=[], ament_cmake_args=None, base_paths=['.'], build_base='build', catkin_cmake_args=None, catkin_skip_building_tests=False, cmake_args=None, cmake_clean_cache=False, cmake_clean_first=False, cmake_force_configure=False, cmake_target=None, cmake_target_skip_unavailable=False, continue_on_error=False, event_handlers=None, executor='parallel', ignore_user_meta=False, install_base='install', log_base=None, log_level=None, main=<bound method BuildVerb.main of <colcon_core.verb.build.BuildVerb object at 0x7f368b05fbe0>>, merge_install=False, metas=['./colcon.meta'], mixin=None, mixin_files=None, mixin_verb=('build',), packages_above=None, packages_above_and_dependencies=None, packages_above_depth=None, packages_end=None, packages_ignore=None, packages_ignore_regex=None, packages_select=None, packages_select_build_failed=False, packages_select_by_dep=None, packages_select_regex=None, packages_select_test_failures=False, packages_skip=None, packages_skip_build_finished=False, packages_skip_by_dep=None, packages_skip_regex=None, packages_skip_test_passed=False, packages_skip_up_to=None, packages_start=None, packages_up_to=None, packages_up_to_regex=None, parallel_workers=6, paths=None, symlink_install=False, test_result_base=None, verb_extension=<colcon_core.verb.build.BuildVerb object at 0x7f368b05fbe0>, verb_name='build', verb_parser=<colcon_mixin.mixin.mixin_argument.MixinArgumentDecorator object at 0x7f368b070130>)
[0.287s] Level 1:colcon.colcon_core.package_discovery:discover_packages(colcon_meta) check parameters
[0.287s] Level 1:colcon.colcon_core.package_discovery:discover_packages(recursive) check parameters
[0.287s] Level 1:colcon.colcon_core.package_discovery:discover_packages(ignore) check parameters
[0.287s] Level 1:colcon.colcon_core.package_discovery:discover_packages(path) check parameters
[0.287s] Level 1:colcon.colcon_core.package_discovery:discover_packages(colcon_meta) discover
[0.287s] Level 1:colcon.colcon_core.package_discovery:discover_packages(recursive) discover
[0.287s] INFO:colcon.colcon_core.package_discovery:Crawling recursively for packages in '/home/dev_pc/dev_ws'
[0.287s] Level 1:colcon.colcon_core.package_identification:_identify(.) by extensions ['ignore', 'ignore_ament_install']
[0.287s] Level 1:colcon.colcon_core.package_identification:_identify(.) by extension 'ignore'
[0.287s] Level 1:colcon.colcon_core.package_identification:_identify(.) by extension 'ignore_ament_install'
[0.287s] Level 1:colcon.colcon_core.package_identification:_identify(.) by extensions ['colcon_pkg']
[0.287s] Level 1:colcon.colcon_core.package_identification:_identify(.) by extension 'colcon_pkg'
[0.287s] Level 1:colcon.colcon_core.package_identification:_identify(.) by extensions ['colcon_meta']
[0.287s] Level 1:colcon.colcon_core.package_identification:_identify(.) by extension 'colcon_meta'
[0.287s] Level 1:colcon.colcon_core.package_identification:_identify(.) by extensions ['ros']
[0.287s] Level 1:colcon.colcon_core.package_identification:_identify(.) by extension 'ros'
[0.296s] Level 1:colcon.colcon_core.package_identification:_identify(.) by extensions ['cmake', 'python']
[0.296s] Level 1:colcon.colcon_core.package_identification:_identify(.) by extension 'cmake'
[0.296s] Level 1:colcon.colcon_core.package_identification:_identify(.) by extension 'python'
[0.296s] Level 1:colcon.colcon_core.package_identification:_identify(.) by extensions ['python_setup_py']
[0.296s] Level 1:colcon.colcon_core.package_identification:_identify(.) by extension 'python_setup_py'
[0.296s] Level 1:colcon.colcon_core.package_identification:_identify(build) by extensions ['ignore', 'ignore_ament_install']
[0.296s] Level 1:colcon.colcon_core.package_identification:_identify(build) by extension 'ignore'
[0.297s] Level 1:colcon.colcon_core.package_identification:_identify(build) ignored
[0.297s] Level 1:colcon.colcon_core.package_identification:_identify(install) by extensions ['ignore', 'ignore_ament_install']
[0.297s] Level 1:colcon.colcon_core.package_identification:_identify(install) by extension 'ignore'
[0.297s] Level 1:colcon.colcon_core.package_identification:_identify(install) ignored
[0.297s] Level 1:colcon.colcon_core.package_identification:_identify(log) by extensions ['ignore', 'ignore_ament_install']
[0.297s] Level 1:colcon.colcon_core.package_identification:_identify(log) by extension 'ignore'
[0.297s] Level 1:colcon.colcon_core.package_identification:_identify(log) ignored
[0.297s] Level 1:colcon.colcon_core.package_identification:_identify(src) by extensions ['ignore', 'ignore_ament_install']
[0.297s] Level 1:colcon.colcon_core.package_identification:_identify(src) by extension 'ignore'
[0.297s] Level 1:colcon.colcon_core.package_identification:_identify(src) by extension 'ignore_ament_install'
[0.297s] Level 1:colcon.colcon_core.package_identification:_identify(src) by extensions ['colcon_pkg']
[0.297s] Level 1:colcon.colcon_core.package_identification:_identify(src) by extension 'colcon_pkg'
[0.297s] Level 1:colcon.colcon_core.package_identification:_identify(src) by extensions ['colcon_meta']
[0.297s] Level 1:colcon.colcon_core.package_identification:_identify(src) by extension 'colcon_meta'
[0.297s] Level 1:colcon.colcon_core.package_identification:_identify(src) by extensions ['ros']
[0.297s] Level 1:colcon.colcon_core.package_identification:_identify(src) by extension 'ros'
[0.297s] Level 1:colcon.colcon_core.package_identification:_identify(src) by extensions ['cmake', 'python']
[0.297s] Level 1:colcon.colcon_core.package_identification:_identify(src) by extension 'cmake'
[0.297s] Level 1:colcon.colcon_core.package_identification:_identify(src) by extension 'python'
[0.297s] Level 1:colcon.colcon_core.package_identification:_identify(src) by extensions ['python_setup_py']
[0.297s] Level 1:colcon.colcon_core.package_identification:_identify(src) by extension 'python_setup_py'
[0.298s] Level 1:colcon.colcon_core.package_identification:_identify(src/racecar_hw_interface) by extensions ['ignore', 'ignore_ament_install']
[0.298s] Level 1:colcon.colcon_core.package_identification:_identify(src/racecar_hw_interface) by extension 'ignore'
[0.298s] Level 1:colcon.colcon_core.package_identification:_identify(src/racecar_hw_interface) by extension 'ignore_ament_install'
[0.298s] Level 1:colcon.colcon_core.package_identification:_identify(src/racecar_hw_interface) by extensions ['colcon_pkg']
[0.298s] Level 1:colcon.colcon_core.package_identification:_identify(src/racecar_hw_interface) by extension 'colcon_pkg'
[0.298s] Level 1:colcon.colcon_core.package_identification:_identify(src/racecar_hw_interface) by extensions ['colcon_meta']
[0.298s] Level 1:colcon.colcon_core.package_identification:_identify(src/racecar_hw_interface) by extension 'colcon_meta'
[0.298s] Level 1:colcon.colcon_core.package_identification:_identify(src/racecar_hw_interface) by extensions ['ros']
[0.298s] Level 1:colcon.colcon_core.package_identification:_identify(src/racecar_hw_interface) by extension 'ros'
[0.300s] DEBUG:colcon.colcon_core.package_identification:Package 'src/racecar_hw_interface' with type 'ros.ament_cmake' and name 'racecar_hw_interface'
[0.300s] Level 1:colcon.colcon_core.package_identification:_identify(src/racer_bot) by extensions ['ignore', 'ignore_ament_install']
[0.300s] Level 1:colcon.colcon_core.package_identification:_identify(src/racer_bot) by extension 'ignore'
[0.300s] Level 1:colcon.colcon_core.package_identification:_identify(src/racer_bot) by extension 'ignore_ament_install'
[0.300s] Level 1:colcon.colcon_core.package_identification:_identify(src/racer_bot) by extensions ['colcon_pkg']
[0.300s] Level 1:colcon.colcon_core.package_identification:_identify(src/racer_bot) by extension 'colcon_pkg'
[0.300s] Level 1:colcon.colcon_core.package_identification:_identify(src/racer_bot) by extensions ['colcon_meta']
[0.300s] Level 1:colcon.colcon_core.package_identification:_identify(src/racer_bot) by extension 'colcon_meta'
[0.300s] Level 1:colcon.colcon_core.package_identification:_identify(src/racer_bot) by extensions ['ros']
[0.300s] Level 1:colcon.colcon_core.package_identification:_identify(src/racer_bot) by extension 'ros'
[0.301s] DEBUG:colcon.colcon_core.package_identification:Package 'src/racer_bot' with type 'ros.ament_cmake' and name 'racer_bot'
[0.301s] Level 1:colcon.colcon_core.package_identification:_identify(src/serial) by extensions ['ignore', 'ignore_ament_install']
[0.301s] Level 1:colcon.colcon_core.package_identification:_identify(src/serial) by extension 'ignore'
[0.301s] Level 1:colcon.colcon_core.package_identification:_identify(src/serial) by extension 'ignore_ament_install'
[0.301s] Level 1:colcon.colcon_core.package_identification:_identify(src/serial) by extensions ['colcon_pkg']
[0.301s] Level 1:colcon.colcon_core.package_identification:_identify(src/serial) by extension 'colcon_pkg'
[0.301s] Level 1:colcon.colcon_core.package_identification:_identify(src/serial) by extensions ['colcon_meta']
[0.301s] Level 1:colcon.colcon_core.package_identification:_identify(src/serial) by extension 'colcon_meta'
[0.301s] Level 1:colcon.colcon_core.package_identification:_identify(src/serial) by extensions ['ros']
[0.301s] Level 1:colcon.colcon_core.package_identification:_identify(src/serial) by extension 'ros'
[0.301s] DEBUG:colcon.colcon_core.package_identification:Package 'src/serial' with type 'ros.ament_cmake' and name 'serial'
[0.302s] Level 1:colcon.colcon_core.package_discovery:discover_packages(recursive) using defaults
[0.302s] Level 1:colcon.colcon_core.package_discovery:discover_packages(ignore) discover
[0.302s] Level 1:colcon.colcon_core.package_discovery:discover_packages(ignore) using defaults
[0.302s] Level 1:colcon.colcon_core.package_discovery:discover_packages(path) discover
[0.302s] Level 1:colcon.colcon_core.package_discovery:discover_packages(path) using defaults
[0.314s] Level 1:colcon.colcon_core.package_discovery:discover_packages(prefix_path) check parameters
[0.314s] Level 1:colcon.colcon_core.package_discovery:discover_packages(prefix_path) discover
[0.316s] DEBUG:colcon.colcon_installed_package_information.package_discovery:Found 8 installed packages in /home/dev_pc/dev_ws/install
[0.317s] DEBUG:colcon.colcon_installed_package_information.package_discovery:Found 266 installed packages in /opt/ros/foxy
[0.325s] Level 1:colcon.colcon_core.package_discovery:discover_packages(prefix_path) using defaults
[0.377s] Level 5:colcon.colcon_core.verb:set package 'racer_bot' build argument 'cmake_args' from command line to 'None'
[0.377s] Level 5:colcon.colcon_core.verb:set package 'racer_bot' build argument 'cmake_target' from command line to 'None'
[0.377s] Level 5:colcon.colcon_core.verb:set package 'racer_bot' build argument 'cmake_target_skip_unavailable' from command line to 'False'
[0.377s] Level 5:colcon.colcon_core.verb:set package 'racer_bot' build argument 'cmake_clean_cache' from command line to 'False'
[0.377s] Level 5:colcon.colcon_core.verb:set package 'racer_bot' build argument 'cmake_clean_first' from command line to 'False'
[0.377s] Level 5:colcon.colcon_core.verb:set package 'racer_bot' build argument 'cmake_force_configure' from command line to 'False'
[0.377s] Level 5:colcon.colcon_core.verb:set package 'racer_bot' build argument 'ament_cmake_args' from command line to 'None'
[0.377s] Level 5:colcon.colcon_core.verb:set package 'racer_bot' build argument 'catkin_cmake_args' from command line to 'None'
[0.377s] Level 5:colcon.colcon_core.verb:set package 'racer_bot' build argument 'catkin_skip_building_tests' from command line to 'False'
[0.377s] DEBUG:colcon.colcon_core.verb:Building package 'racer_bot' with the following arguments: {'ament_cmake_args': None, 'build_base': '/home/dev_pc/dev_ws/build/racer_bot', 'catkin_cmake_args': None, 'catkin_skip_building_tests': False, 'cmake_args': None, 'cmake_clean_cache': False, 'cmake_clean_first': False, 'cmake_force_configure': False, 'cmake_target': None, 'cmake_target_skip_unavailable': False, 'install_base': '/home/dev_pc/dev_ws/install/racer_bot', 'merge_install': False, 'path': '/home/dev_pc/dev_ws/src/racer_bot', 'symlink_install': False, 'test_result_base': None}
[0.377s] Level 5:colcon.colcon_core.verb:set package 'serial' build argument 'cmake_args' from command line to 'None'
[0.377s] Level 5:colcon.colcon_core.verb:set package 'serial' build argument 'cmake_target' from command line to 'None'
[0.377s] Level 5:colcon.colcon_core.verb:set package 'serial' build argument 'cmake_target_skip_unavailable' from command line to 'False'
[0.377s] Level 5:colcon.colcon_core.verb:set package 'serial' build argument 'cmake_clean_cache' from command line to 'False'
[0.377s] Level 5:colcon.colcon_core.verb:set package 'serial' build argument 'cmake_clean_first' from command line to 'False'
[0.377s] Level 5:colcon.colcon_core.verb:set package 'serial' build argument 'cmake_force_configure' from command line to 'False'
[0.377s] Level 5:colcon.colcon_core.verb:set package 'serial' build argument 'ament_cmake_args' from command line to 'None'
[0.377s] Level 5:colcon.colcon_core.verb:set package 'serial' build argument 'catkin_cmake_args' from command line to 'None'
[0.377s] Level 5:colcon.colcon_core.verb:set package 'serial' build argument 'catkin_skip_building_tests' from command line to 'False'
[0.377s] DEBUG:colcon.colcon_core.verb:Building package 'serial' with the following arguments: {'ament_cmake_args': None, 'build_base': '/home/dev_pc/dev_ws/build/serial', 'catkin_cmake_args': None, 'catkin_skip_building_tests': False, 'cmake_args': None, 'cmake_clean_cache': False, 'cmake_clean_first': False, 'cmake_force_configure': False, 'cmake_target': None, 'cmake_target_skip_unavailable': False, 'install_base': '/home/dev_pc/dev_ws/install/serial', 'merge_install': False, 'path': '/home/dev_pc/dev_ws/src/serial', 'symlink_install': False, 'test_result_base': None}
[0.378s] Level 5:colcon.colcon_core.verb:set package 'racecar_hw_interface' build argument 'cmake_args' from command line to 'None'
[0.378s] Level 5:colcon.colcon_core.verb:set package 'racecar_hw_interface' build argument 'cmake_target' from command line to 'None'
[0.378s] Level 5:colcon.colcon_core.verb:set package 'racecar_hw_interface' build argument 'cmake_target_skip_unavailable' from command line to 'False'
[0.378s] Level 5:colcon.colcon_core.verb:set package 'racecar_hw_interface' build argument 'cmake_clean_cache' from command line to 'False'
[0.378s] Level 5:colcon.colcon_core.verb:set package 'racecar_hw_interface' build argument 'cmake_clean_first' from command line to 'False'
[0.378s] Level 5:colcon.colcon_core.verb:set package 'racecar_hw_interface' build argument 'cmake_force_configure' from command line to 'False'
[0.378s] Level 5:colcon.colcon_core.verb:set package 'racecar_hw_interface' build argument 'ament_cmake_args' from command line to 'None'
[0.378s] Level 5:colcon.colcon_core.verb:set package 'racecar_hw_interface' build argument 'catkin_cmake_args' from command line to 'None'
[0.378s] Level 5:colcon.colcon_core.verb:set package 'racecar_hw_interface' build argument 'catkin_skip_building_tests' from command line to 'False'
[0.378s] DEBUG:colcon.colcon_core.verb:Building package 'racecar_hw_interface' with the following arguments: {'ament_cmake_args': None, 'build_base': '/home/dev_pc/dev_ws/build/racecar_hw_interface', 'catkin_cmake_args': None, 'catkin_skip_building_tests': False, 'cmake_args': None, 'cmake_clean_cache': False, 'cmake_clean_first': False, 'cmake_force_configure': False, 'cmake_target': None, 'cmake_target_skip_unavailable': False, 'install_base': '/home/dev_pc/dev_ws/install/racecar_hw_interface', 'merge_install': False, 'path': '/home/dev_pc/dev_ws/src/racecar_hw_interface', 'symlink_install': False, 'test_result_base': None}
[0.378s] INFO:colcon.colcon_core.executor:Executing jobs using 'parallel' executor
[0.379s] DEBUG:colcon.colcon_parallel_executor.executor.parallel:run_until_complete
[0.379s] INFO:colcon.colcon_ros.task.ament_cmake.build:Building ROS package in '/home/dev_pc/dev_ws/src/serial' with build type 'ament_cmake'
[0.379s] INFO:colcon.colcon_cmake.task.cmake.build:Building CMake package in '/home/dev_pc/dev_ws/src/serial'
[0.381s] INFO:colcon.colcon_core.plugin_system:Skipping extension 'colcon_core.shell.bat': Not used on non-Windows systems
[0.381s] INFO:colcon.colcon_core.shell:Skip shell extension 'powershell' for command environment: Not usable outside of PowerShell
[0.381s] DEBUG:colcon.colcon_core.shell:Skip shell extension 'dsv' for command environment
[0.385s] INFO:colcon.colcon_ros.task.ament_cmake.build:Building ROS package in '/home/dev_pc/dev_ws/src/racer_bot' with build type 'ament_cmake'
[0.385s] INFO:colcon.colcon_cmake.task.cmake.build:Building CMake package in '/home/dev_pc/dev_ws/src/racer_bot'
[0.386s] INFO:colcon.colcon_core.shell:Skip shell extension 'powershell' for command environment: Not usable outside of PowerShell
[0.386s] DEBUG:colcon.colcon_core.shell:Skip shell extension 'dsv' for command environment
[0.396s] DEBUG:colcon.colcon_core.event_handler.log_command:Invoking command in '/home/dev_pc/dev_ws/build/serial': CMAKE_PREFIX_PATH=${CMAKE_PREFIX_PATH}:/opt/ros/foxy /usr/bin/cmake --build /home/dev_pc/dev_ws/build/serial -- -j6 -l6
[0.401s] DEBUG:colcon.colcon_core.event_handler.log_command:Invoking command in '/home/dev_pc/dev_ws/build/racer_bot': CMAKE_PREFIX_PATH=${CMAKE_PREFIX_PATH}:/opt/ros/foxy /usr/bin/cmake --build /home/dev_pc/dev_ws/build/racer_bot -- -j6 -l6
[0.436s] DEBUG:colcon.colcon_core.event_handler.log_command:Invoked command in '/home/dev_pc/dev_ws/build/racer_bot' returned '0': CMAKE_PREFIX_PATH=${CMAKE_PREFIX_PATH}:/opt/ros/foxy /usr/bin/cmake --build /home/dev_pc/dev_ws/build/racer_bot -- -j6 -l6
[0.448s] DEBUG:colcon.colcon_core.event_handler.log_command:Invoking command in '/home/dev_pc/dev_ws/build/racer_bot': CMAKE_PREFIX_PATH=${CMAKE_PREFIX_PATH}:/opt/ros/foxy /usr/bin/cmake --install /home/dev_pc/dev_ws/build/racer_bot
[0.470s] DEBUG:colcon.colcon_core.event_handler.log_command:Invoked command in '/home/dev_pc/dev_ws/build/serial' returned '0': CMAKE_PREFIX_PATH=${CMAKE_PREFIX_PATH}:/opt/ros/foxy /usr/bin/cmake --build /home/dev_pc/dev_ws/build/serial -- -j6 -l6
[0.473s] DEBUG:colcon.colcon_core.event_handler.log_command:Invoking command in '/home/dev_pc/dev_ws/build/serial': CMAKE_PREFIX_PATH=${CMAKE_PREFIX_PATH}:/opt/ros/foxy /usr/bin/cmake --install /home/dev_pc/dev_ws/build/serial
[0.474s] Level 1:colcon.colcon_core.environment:create_environment_scripts_only(racer_bot)
[0.475s] DEBUG:colcon.colcon_core.event_handler.log_command:Invoked command in '/home/dev_pc/dev_ws/build/racer_bot' returned '0': CMAKE_PREFIX_PATH=${CMAKE_PREFIX_PATH}:/opt/ros/foxy /usr/bin/cmake --install /home/dev_pc/dev_ws/build/racer_bot
[0.477s] Level 1:colcon.colcon_core.environment:checking '/home/dev_pc/dev_ws/install/racer_bot' for CMake module files
[0.477s] Level 1:colcon.colcon_core.environment:checking '/home/dev_pc/dev_ws/install/racer_bot' for CMake config files
[0.477s] Level 1:colcon.colcon_core.shell:create_environment_hook('racer_bot', 'cmake_prefix_path')
[0.478s] INFO:colcon.colcon_core.shell:Creating environment hook '/home/dev_pc/dev_ws/install/racer_bot/share/racer_bot/hook/cmake_prefix_path.ps1'
[0.478s] INFO:colcon.colcon_core.shell:Creating environment descriptor '/home/dev_pc/dev_ws/install/racer_bot/share/racer_bot/hook/cmake_prefix_path.dsv'
[0.479s] INFO:colcon.colcon_core.shell:Creating environment hook '/home/dev_pc/dev_ws/install/racer_bot/share/racer_bot/hook/cmake_prefix_path.sh'
[0.480s] Level 1:colcon.colcon_core.environment:checking '/home/dev_pc/dev_ws/install/racer_bot/bin'
[0.480s] Level 1:colcon.colcon_core.environment:checking '/home/dev_pc/dev_ws/install/racer_bot/lib/pkgconfig/racer_bot.pc'
[0.480s] Level 1:colcon.colcon_core.environment:checking '/home/dev_pc/dev_ws/install/racer_bot/lib/python3.8/site-packages'
[0.480s] Level 1:colcon.colcon_core.environment:checking '/home/dev_pc/dev_ws/install/racer_bot/bin'
[0.480s] INFO:colcon.colcon_core.shell:Creating package script '/home/dev_pc/dev_ws/install/racer_bot/share/racer_bot/package.ps1'
[0.481s] INFO:colcon.colcon_core.shell:Creating package descriptor '/home/dev_pc/dev_ws/install/racer_bot/share/racer_bot/package.dsv'
[0.482s] INFO:colcon.colcon_core.shell:Creating package script '/home/dev_pc/dev_ws/install/racer_bot/share/racer_bot/package.sh'
[0.483s] INFO:colcon.colcon_core.shell:Creating package script '/home/dev_pc/dev_ws/install/racer_bot/share/racer_bot/package.bash'
[0.484s] INFO:colcon.colcon_core.shell:Creating package script '/home/dev_pc/dev_ws/install/racer_bot/share/racer_bot/package.zsh'
[0.485s] Level 1:colcon.colcon_core.environment:create_file_with_runtime_dependencies(/home/dev_pc/dev_ws/install/racer_bot/share/colcon-core/packages/racer_bot)
[0.486s] Level 1:colcon.colcon_core.environment:create_environment_scripts_only(racer_bot)
[0.486s] Level 1:colcon.colcon_core.environment:checking '/home/dev_pc/dev_ws/install/racer_bot' for CMake module files
[0.486s] Level 1:colcon.colcon_core.environment:checking '/home/dev_pc/dev_ws/install/racer_bot' for CMake config files
[0.487s] Level 1:colcon.colcon_core.shell:create_environment_hook('racer_bot', 'cmake_prefix_path')
[0.487s] INFO:colcon.colcon_core.shell:Creating environment hook '/home/dev_pc/dev_ws/install/racer_bot/share/racer_bot/hook/cmake_prefix_path.ps1'
[0.487s] INFO:colcon.colcon_core.shell:Creating environment descriptor '/home/dev_pc/dev_ws/install/racer_bot/share/racer_bot/hook/cmake_prefix_path.dsv'
[0.488s] INFO:colcon.colcon_core.shell:Creating environment hook '/home/dev_pc/dev_ws/install/racer_bot/share/racer_bot/hook/cmake_prefix_path.sh'
[0.488s] Level 1:colcon.colcon_core.environment:checking '/home/dev_pc/dev_ws/install/racer_bot/bin'
[0.488s] Level 1:colcon.colcon_core.environment:checking '/home/dev_pc/dev_ws/install/racer_bot/lib/pkgconfig/racer_bot.pc'
[0.488s] Level 1:colcon.colcon_core.environment:checking '/home/dev_pc/dev_ws/install/racer_bot/lib/python3.8/site-packages'
[0.488s] Level 1:colcon.colcon_core.environment:checking '/home/dev_pc/dev_ws/install/racer_bot/bin'
[0.489s] INFO:colcon.colcon_core.shell:Creating package script '/home/dev_pc/dev_ws/install/racer_bot/share/racer_bot/package.ps1'
[0.489s] INFO:colcon.colcon_core.shell:Creating package descriptor '/home/dev_pc/dev_ws/install/racer_bot/share/racer_bot/package.dsv'
[0.489s] INFO:colcon.colcon_core.shell:Creating package script '/home/dev_pc/dev_ws/install/racer_bot/share/racer_bot/package.sh'
[0.490s] INFO:colcon.colcon_core.shell:Creating package script '/home/dev_pc/dev_ws/install/racer_bot/share/racer_bot/package.bash'
[0.490s] INFO:colcon.colcon_core.shell:Creating package script '/home/dev_pc/dev_ws/install/racer_bot/share/racer_bot/package.zsh'
[0.491s] Level 1:colcon.colcon_core.environment:create_file_with_runtime_dependencies(/home/dev_pc/dev_ws/install/racer_bot/share/colcon-core/packages/racer_bot)
[0.497s] Level 1:colcon.colcon_core.environment:create_environment_scripts_only(serial)
[0.497s] Level 1:colcon.colcon_core.environment:checking '/home/dev_pc/dev_ws/install/serial' for CMake module files
[0.497s] DEBUG:colcon.colcon_core.event_handler.log_command:Invoked command in '/home/dev_pc/dev_ws/build/serial' returned '0': CMAKE_PREFIX_PATH=${CMAKE_PREFIX_PATH}:/opt/ros/foxy /usr/bin/cmake --install /home/dev_pc/dev_ws/build/serial
[0.498s] Level 1:colcon.colcon_core.environment:checking '/home/dev_pc/dev_ws/install/serial' for CMake config files
[0.498s] Level 1:colcon.colcon_core.shell:create_environment_hook('serial', 'cmake_prefix_path')
[0.498s] INFO:colcon.colcon_core.shell:Creating environment hook '/home/dev_pc/dev_ws/install/serial/share/serial/hook/cmake_prefix_path.ps1'
[0.498s] INFO:colcon.colcon_core.shell:Creating environment descriptor '/home/dev_pc/dev_ws/install/serial/share/serial/hook/cmake_prefix_path.dsv'
[0.499s] INFO:colcon.colcon_core.shell:Creating environment hook '/home/dev_pc/dev_ws/install/serial/share/serial/hook/cmake_prefix_path.sh'
[0.499s] Level 1:colcon.colcon_core.environment:checking '/home/dev_pc/dev_ws/install/serial/lib'
[0.499s] Level 1:colcon.colcon_core.environment:checking '/home/dev_pc/dev_ws/install/serial/bin'
[0.499s] Level 1:colcon.colcon_core.environment:checking '/home/dev_pc/dev_ws/install/serial/lib/pkgconfig/serial.pc'
[0.500s] Level 1:colcon.colcon_core.environment:checking '/home/dev_pc/dev_ws/install/serial/lib/python3.8/site-packages'
[0.500s] Level 1:colcon.colcon_core.environment:checking '/home/dev_pc/dev_ws/install/serial/bin'
[0.500s] INFO:colcon.colcon_core.shell:Creating package script '/home/dev_pc/dev_ws/install/serial/share/serial/package.ps1'
[0.500s] INFO:colcon.colcon_core.shell:Creating package descriptor '/home/dev_pc/dev_ws/install/serial/share/serial/package.dsv'
[0.501s] INFO:colcon.colcon_core.shell:Creating package script '/home/dev_pc/dev_ws/install/serial/share/serial/package.sh'
[0.501s] INFO:colcon.colcon_core.shell:Creating package script '/home/dev_pc/dev_ws/install/serial/share/serial/package.bash'
[0.501s] INFO:colcon.colcon_core.shell:Creating package script '/home/dev_pc/dev_ws/install/serial/share/serial/package.zsh'
[0.501s] Level 1:colcon.colcon_core.environment:create_file_with_runtime_dependencies(/home/dev_pc/dev_ws/install/serial/share/colcon-core/packages/serial)
[0.502s] Level 1:colcon.colcon_core.environment:create_environment_scripts_only(serial)
[0.502s] Level 1:colcon.colcon_core.environment:checking '/home/dev_pc/dev_ws/install/serial' for CMake module files
[0.502s] Level 1:colcon.colcon_core.environment:checking '/home/dev_pc/dev_ws/install/serial' for CMake config files
[0.503s] Level 1:colcon.colcon_core.shell:create_environment_hook('serial', 'cmake_prefix_path')
[0.503s] INFO:colcon.colcon_core.shell:Creating environment hook '/home/dev_pc/dev_ws/install/serial/share/serial/hook/cmake_prefix_path.ps1'
[0.503s] INFO:colcon.colcon_core.shell:Creating environment descriptor '/home/dev_pc/dev_ws/install/serial/share/serial/hook/cmake_prefix_path.dsv'
[0.503s] INFO:colcon.colcon_core.shell:Creating environment hook '/home/dev_pc/dev_ws/install/serial/share/serial/hook/cmake_prefix_path.sh'
[0.504s] Level 1:colcon.colcon_core.environment:checking '/home/dev_pc/dev_ws/install/serial/lib'
[0.504s] Level 1:colcon.colcon_core.environment:checking '/home/dev_pc/dev_ws/install/serial/bin'
[0.504s] Level 1:colcon.colcon_core.environment:checking '/home/dev_pc/dev_ws/install/serial/lib/pkgconfig/serial.pc'
[0.504s] Level 1:colcon.colcon_core.environment:checking '/home/dev_pc/dev_ws/install/serial/lib/python3.8/site-packages'
[0.504s] Level 1:colcon.colcon_core.environment:checking '/home/dev_pc/dev_ws/install/serial/bin'
[0.504s] INFO:colcon.colcon_core.shell:Creating package script '/home/dev_pc/dev_ws/install/serial/share/serial/package.ps1'
[0.505s] INFO:colcon.colcon_core.shell:Creating package descriptor '/home/dev_pc/dev_ws/install/serial/share/serial/package.dsv'
[0.505s] INFO:colcon.colcon_core.shell:Creating package script '/home/dev_pc/dev_ws/install/serial/share/serial/package.sh'
[0.505s] INFO:colcon.colcon_core.shell:Creating package script '/home/dev_pc/dev_ws/install/serial/share/serial/package.bash'
[0.506s] INFO:colcon.colcon_core.shell:Creating package script '/home/dev_pc/dev_ws/install/serial/share/serial/package.zsh'
[0.506s] Level 1:colcon.colcon_core.environment:create_file_with_runtime_dependencies(/home/dev_pc/dev_ws/install/serial/share/colcon-core/packages/serial)
[0.506s] INFO:colcon.colcon_ros.task.ament_cmake.build:Building ROS package in '/home/dev_pc/dev_ws/src/racecar_hw_interface' with build type 'ament_cmake'
[0.506s] INFO:colcon.colcon_cmake.task.cmake.build:Building CMake package in '/home/dev_pc/dev_ws/src/racecar_hw_interface'
[0.507s] INFO:colcon.colcon_core.shell:Skip shell extension 'powershell' for command environment: Not usable outside of PowerShell
[0.507s] DEBUG:colcon.colcon_core.shell:Skip shell extension 'dsv' for command environment
[0.518s] DEBUG:colcon.colcon_core.event_handler.log_command:Invoking command in '/home/dev_pc/dev_ws/build/racecar_hw_interface': CMAKE_PREFIX_PATH=/home/dev_pc/dev_ws/install/serial:/home/dev_pc/dev_ws/install/udp_driver:/home/dev_pc/dev_ws/install/serial_driver:/home/dev_pc/dev_ws/install/io_context:/home/dev_pc/dev_ws/install/udp_msgs:/home/dev_pc/dev_ws/install/racecar_hw_interface:/home/dev_pc/dev_ws/install/racer_bot:/home/dev_pc/dev_ws/install/asio_cmake_module:/opt/ros/foxy /usr/bin/cmake --build /home/dev_pc/dev_ws/build/racecar_hw_interface -- -j6 -l6
[1.116s] DEBUG:colcon.colcon_core.event_handler.log_command:Invoked command in '/home/dev_pc/dev_ws/build/racecar_hw_interface' returned '0': CMAKE_PREFIX_PATH=/home/dev_pc/dev_ws/install/serial:/home/dev_pc/dev_ws/install/udp_driver:/home/dev_pc/dev_ws/install/serial_driver:/home/dev_pc/dev_ws/install/io_context:/home/dev_pc/dev_ws/install/udp_msgs:/home/dev_pc/dev_ws/install/racecar_hw_interface:/home/dev_pc/dev_ws/install/racer_bot:/home/dev_pc/dev_ws/install/asio_cmake_module:/opt/ros/foxy /usr/bin/cmake --build /home/dev_pc/dev_ws/build/racecar_hw_interface -- -j6 -l6
[1.118s] DEBUG:colcon.colcon_core.event_handler.log_command:Invoking command in '/home/dev_pc/dev_ws/build/racecar_hw_interface': CMAKE_PREFIX_PATH=/home/dev_pc/dev_ws/install/serial:/home/dev_pc/dev_ws/install/udp_driver:/home/dev_pc/dev_ws/install/serial_driver:/home/dev_pc/dev_ws/install/io_context:/home/dev_pc/dev_ws/install/udp_msgs:/home/dev_pc/dev_ws/install/racecar_hw_interface:/home/dev_pc/dev_ws/install/racer_bot:/home/dev_pc/dev_ws/install/asio_cmake_module:/opt/ros/foxy /usr/bin/cmake --install /home/dev_pc/dev_ws/build/racecar_hw_interface
[1.138s] Level 1:colcon.colcon_core.environment:create_environment_scripts_only(racecar_hw_interface)
[1.139s] Level 1:colcon.colcon_core.environment:checking '/home/dev_pc/dev_ws/install/racecar_hw_interface' for CMake module files
[1.139s] DEBUG:colcon.colcon_core.event_handler.log_command:Invoked command in '/home/dev_pc/dev_ws/build/racecar_hw_interface' returned '0': CMAKE_PREFIX_PATH=/home/dev_pc/dev_ws/install/serial:/home/dev_pc/dev_ws/install/udp_driver:/home/dev_pc/dev_ws/install/serial_driver:/home/dev_pc/dev_ws/install/io_context:/home/dev_pc/dev_ws/install/udp_msgs:/home/dev_pc/dev_ws/install/racecar_hw_interface:/home/dev_pc/dev_ws/install/racer_bot:/home/dev_pc/dev_ws/install/asio_cmake_module:/opt/ros/foxy /usr/bin/cmake --install /home/dev_pc/dev_ws/build/racecar_hw_interface
[1.139s] Level 1:colcon.colcon_core.environment:checking '/home/dev_pc/dev_ws/install/racecar_hw_interface' for CMake config files
[1.140s] Level 1:colcon.colcon_core.shell:create_environment_hook('racecar_hw_interface', 'cmake_prefix_path')
[1.140s] INFO:colcon.colcon_core.shell:Creating environment hook '/home/dev_pc/dev_ws/install/racecar_hw_interface/share/racecar_hw_interface/hook/cmake_prefix_path.ps1'
[1.140s] INFO:colcon.colcon_core.shell:Creating environment descriptor '/home/dev_pc/dev_ws/install/racecar_hw_interface/share/racecar_hw_interface/hook/cmake_prefix_path.dsv'
[1.141s] INFO:colcon.colcon_core.shell:Creating environment hook '/home/dev_pc/dev_ws/install/racecar_hw_interface/share/racecar_hw_interface/hook/cmake_prefix_path.sh'
[1.141s] Level 1:colcon.colcon_core.environment:checking '/home/dev_pc/dev_ws/install/racecar_hw_interface/bin'
[1.141s] Level 1:colcon.colcon_core.environment:checking '/home/dev_pc/dev_ws/install/racecar_hw_interface/lib/pkgconfig/racecar_hw_interface.pc'
[1.141s] Level 1:colcon.colcon_core.environment:checking '/home/dev_pc/dev_ws/install/racecar_hw_interface/lib/python3.8/site-packages'
[1.142s] Level 1:colcon.colcon_core.environment:checking '/home/dev_pc/dev_ws/install/racecar_hw_interface/bin'
[1.142s] INFO:colcon.colcon_core.shell:Creating package script '/home/dev_pc/dev_ws/install/racecar_hw_interface/share/racecar_hw_interface/package.ps1'
[1.142s] INFO:colcon.colcon_core.shell:Creating package descriptor '/home/dev_pc/dev_ws/install/racecar_hw_interface/share/racecar_hw_interface/package.dsv'
[1.142s] INFO:colcon.colcon_core.shell:Creating package script '/home/dev_pc/dev_ws/install/racecar_hw_interface/share/racecar_hw_interface/package.sh'
[1.143s] INFO:colcon.colcon_core.shell:Creating package script '/home/dev_pc/dev_ws/install/racecar_hw_interface/share/racecar_hw_interface/package.bash'
[1.143s] INFO:colcon.colcon_core.shell:Creating package script '/home/dev_pc/dev_ws/install/racecar_hw_interface/share/racecar_hw_interface/package.zsh'
[1.143s] Level 1:colcon.colcon_core.environment:create_file_with_runtime_dependencies(/home/dev_pc/dev_ws/install/racecar_hw_interface/share/colcon-core/packages/racecar_hw_interface)
[1.144s] Level 1:colcon.colcon_core.environment:create_environment_scripts_only(racecar_hw_interface)
[1.144s] Level 1:colcon.colcon_core.environment:checking '/home/dev_pc/dev_ws/install/racecar_hw_interface' for CMake module files
[1.144s] Level 1:colcon.colcon_core.environment:checking '/home/dev_pc/dev_ws/install/racecar_hw_interface' for CMake config files
[1.145s] Level 1:colcon.colcon_core.shell:create_environment_hook('racecar_hw_interface', 'cmake_prefix_path')
[1.145s] INFO:colcon.colcon_core.shell:Creating environment hook '/home/dev_pc/dev_ws/install/racecar_hw_interface/share/racecar_hw_interface/hook/cmake_prefix_path.ps1'
[1.145s] INFO:colcon.colcon_core.shell:Creating environment descriptor '/home/dev_pc/dev_ws/install/racecar_hw_interface/share/racecar_hw_interface/hook/cmake_prefix_path.dsv'
[1.145s] INFO:colcon.colcon_core.shell:Creating environment hook '/home/dev_pc/dev_ws/install/racecar_hw_interface/share/racecar_hw_interface/hook/cmake_prefix_path.sh'
[1.146s] Level 1:colcon.colcon_core.environment:checking '/home/dev_pc/dev_ws/install/racecar_hw_interface/bin'
[1.146s] Level 1:colcon.colcon_core.environment:checking '/home/dev_pc/dev_ws/install/racecar_hw_interface/lib/pkgconfig/racecar_hw_interface.pc'
[1.146s] Level 1:colcon.colcon_core.environment:checking '/home/dev_pc/dev_ws/install/racecar_hw_interface/lib/python3.8/site-packages'
[1.146s] Level 1:colcon.colcon_core.environment:checking '/home/dev_pc/dev_ws/install/racecar_hw_interface/bin'
[1.146s] INFO:colcon.colcon_core.shell:Creating package script '/home/dev_pc/dev_ws/install/racecar_hw_interface/share/racecar_hw_interface/package.ps1'
[1.147s] INFO:colcon.colcon_core.shell:Creating package descriptor '/home/dev_pc/dev_ws/install/racecar_hw_interface/share/racecar_hw_interface/package.dsv'
[1.147s] INFO:colcon.colcon_core.shell:Creating package script '/home/dev_pc/dev_ws/install/racecar_hw_interface/share/racecar_hw_interface/package.sh'
[1.147s] INFO:colcon.colcon_core.shell:Creating package script '/home/dev_pc/dev_ws/install/racecar_hw_interface/share/racecar_hw_interface/package.bash'
[1.148s] INFO:colcon.colcon_core.shell:Creating package script '/home/dev_pc/dev_ws/install/racecar_hw_interface/share/racecar_hw_interface/package.zsh'
[1.148s] Level 1:colcon.colcon_core.environment:create_file_with_runtime_dependencies(/home/dev_pc/dev_ws/install/racecar_hw_interface/share/colcon-core/packages/racecar_hw_interface)
[1.148s] DEBUG:colcon.colcon_parallel_executor.executor.parallel:closing loop
[1.148s] DEBUG:colcon.colcon_parallel_executor.executor.parallel:loop closed
[1.148s] DEBUG:colcon.colcon_parallel_executor.executor.parallel:run_until_complete finished with '0'
[1.149s] DEBUG:colcon.colcon_core.event_reactor:joining thread
[1.154s] INFO:colcon.colcon_core.plugin_system:Skipping extension 'colcon_notification.desktop_notification.terminal_notifier': Not used on non-Darwin systems
[1.154s] INFO:colcon.colcon_core.plugin_system:Skipping extension 'colcon_notification.desktop_notification.win32': Not used on non-Windows systems
[1.154s] INFO:colcon.colcon_notification.desktop_notification:Sending desktop notification using 'notify2'
[1.164s] DEBUG:colcon.colcon_core.event_reactor:joined thread
[1.165s] INFO:colcon.colcon_core.shell:Creating prefix script '/home/dev_pc/dev_ws/install/local_setup.ps1'
[1.166s] INFO:colcon.colcon_core.shell:Creating prefix util module '/home/dev_pc/dev_ws/install/_local_setup_util_ps1.py'
[1.167s] INFO:colcon.colcon_core.shell:Creating prefix chain script '/home/dev_pc/dev_ws/install/setup.ps1'
[1.168s] INFO:colcon.colcon_core.shell:Creating prefix script '/home/dev_pc/dev_ws/install/local_setup.sh'
[1.168s] INFO:colcon.colcon_core.shell:Creating prefix util module '/home/dev_pc/dev_ws/install/_local_setup_util_sh.py'
[1.169s] INFO:colcon.colcon_core.shell:Creating prefix chain script '/home/dev_pc/dev_ws/install/setup.sh'
[1.170s] INFO:colcon.colcon_core.shell:Creating prefix script '/home/dev_pc/dev_ws/install/local_setup.bash'
[1.170s] INFO:colcon.colcon_core.shell:Creating prefix chain script '/home/dev_pc/dev_ws/install/setup.bash'
[1.171s] INFO:colcon.colcon_core.shell:Creating prefix script '/home/dev_pc/dev_ws/install/local_setup.zsh'
[1.172s] INFO:colcon.colcon_core.shell:Creating prefix chain script '/home/dev_pc/dev_ws/install/setup.zsh'
