[0.018s] Invoking command in '/home/dev_pc/dev_ws/build/racer_bot': CMAKE_PREFIX_PATH=${CMAKE_PREFIX_PATH}:/opt/ros/foxy /usr/bin/cmake /home/dev_pc/dev_ws/src/racer_bot -DCMAKE_INSTALL_PREFIX=/home/dev_pc/dev_ws/install/racer_bot
[0.029s] -- Found ament_cmake: 0.9.12 (/opt/ros/foxy/share/ament_cmake/cmake)
[0.047s] -- Using PYTHON_EXECUTABLE: /usr/bin/python3
[0.200s] -- Override CMake install command with custom implementation using symlinks instead of copying resources
[0.208s] -- Found ament_lint_auto: 0.9.8 (/opt/ros/foxy/share/ament_lint_auto/cmake)
[0.268s] -- Added test 'copyright' to check source files copyright and LICENSE
[0.274s] -- Added test 'flake8' to check Python code syntax and style conventions
[0.275s] -- Added test 'lint_cmake' to check CMake code style
[0.276s] -- Added test 'pep257' to check Python code against some of the style conventions in PEP 257
[0.279s] -- Added test 'xmllint' to check XML markup files
[0.281s] -- Configuring done
[0.283s] -- Generating done
[0.285s] -- Build files have been written to: /home/dev_pc/dev_ws/build/racer_bot
[0.287s] Invoked command in '/home/dev_pc/dev_ws/build/racer_bot' returned '0': CMAKE_PREFIX_PATH=${CMAKE_PREFIX_PATH}:/opt/ros/foxy /usr/bin/cmake /home/dev_pc/dev_ws/src/racer_bot -DCMAKE_INSTALL_PREFIX=/home/dev_pc/dev_ws/install/racer_bot
[0.289s] Invoking command in '/home/dev_pc/dev_ws/build/racer_bot': CMAKE_PREFIX_PATH=${CMAKE_PREFIX_PATH}:/opt/ros/foxy /usr/bin/cmake --build /home/dev_pc/dev_ws/build/racer_bot -- -j6 -l6
[0.324s] Invoked command in '/home/dev_pc/dev_ws/build/racer_bot' returned '0': CMAKE_PREFIX_PATH=${CMAKE_PREFIX_PATH}:/opt/ros/foxy /usr/bin/cmake --build /home/dev_pc/dev_ws/build/racer_bot -- -j6 -l6
[0.335s] Invoking command in '/home/dev_pc/dev_ws/build/racer_bot': CMAKE_PREFIX_PATH=${CMAKE_PREFIX_PATH}:/opt/ros/foxy /usr/bin/cmake --install /home/dev_pc/dev_ws/build/racer_bot
[0.342s] -- Install configuration: ""
[0.343s] -- Execute custom install script
[0.343s] -- Up-to-date symlink: /home/dev_pc/dev_ws/install/racer_bot/share/racer_bot/config/empty.yaml
[0.344s] -- Up-to-date symlink: /home/dev_pc/dev_ws/install/racer_bot/share/racer_bot/description/gazebo_control.xacro
[0.344s] -- Up-to-date symlink: /home/dev_pc/dev_ws/install/racer_bot/share/racer_bot/description/inertial_macros.xacro
[0.345s] -- Up-to-date symlink: /home/dev_pc/dev_ws/install/racer_bot/share/racer_bot/description/robot.urdf.xacro
[0.345s] -- Up-to-date symlink: /home/dev_pc/dev_ws/install/racer_bot/share/racer_bot/description/robot_core.xacro
[0.345s] -- Up-to-date symlink: /home/dev_pc/dev_ws/install/racer_bot/share/racer_bot/launch/launch_sim.launch.py
[0.346s] -- Up-to-date symlink: /home/dev_pc/dev_ws/install/racer_bot/share/racer_bot/launch/rsp.launch.py
[0.346s] -- Up-to-date symlink: /home/dev_pc/dev_ws/install/racer_bot/share/racer_bot/worlds/empty.world
[0.346s] -- Up-to-date symlink: /home/dev_pc/dev_ws/install/racer_bot/share/ament_index/resource_index/package_run_dependencies/racer_bot
[0.347s] -- Up-to-date symlink: /home/dev_pc/dev_ws/install/racer_bot/share/ament_index/resource_index/parent_prefix_path/racer_bot
[0.347s] -- Up-to-date symlink: /home/dev_pc/dev_ws/install/racer_bot/share/racer_bot/environment/ament_prefix_path.sh
[0.347s] -- Up-to-date symlink: /home/dev_pc/dev_ws/install/racer_bot/share/racer_bot/environment/ament_prefix_path.dsv
[0.348s] -- Up-to-date symlink: /home/dev_pc/dev_ws/install/racer_bot/share/racer_bot/environment/path.sh
[0.348s] -- Up-to-date symlink: /home/dev_pc/dev_ws/install/racer_bot/share/racer_bot/environment/path.dsv
[0.348s] -- Up-to-date symlink: /home/dev_pc/dev_ws/install/racer_bot/share/racer_bot/local_setup.bash
[0.348s] -- Up-to-date symlink: /home/dev_pc/dev_ws/install/racer_bot/share/racer_bot/local_setup.sh
[0.349s] -- Up-to-date symlink: /home/dev_pc/dev_ws/install/racer_bot/share/racer_bot/local_setup.zsh
[0.349s] -- Up-to-date symlink: /home/dev_pc/dev_ws/install/racer_bot/share/racer_bot/local_setup.dsv
[0.349s] -- Symlinking: /home/dev_pc/dev_ws/install/racer_bot/share/racer_bot/package.dsv
[0.359s] -- Up-to-date symlink: /home/dev_pc/dev_ws/install/racer_bot/share/ament_index/resource_index/packages/racer_bot
[0.359s] -- Up-to-date symlink: /home/dev_pc/dev_ws/install/racer_bot/share/racer_bot/cmake/racer_botConfig.cmake
[0.359s] -- Up-to-date symlink: /home/dev_pc/dev_ws/install/racer_bot/share/racer_bot/cmake/racer_botConfig-version.cmake
[0.360s] -- Up-to-date symlink: /home/dev_pc/dev_ws/install/racer_bot/share/racer_bot/package.xml
[0.362s] Invoked command in '/home/dev_pc/dev_ws/build/racer_bot' returned '0': CMAKE_PREFIX_PATH=${CMAKE_PREFIX_PATH}:/opt/ros/foxy /usr/bin/cmake --install /home/dev_pc/dev_ws/build/racer_bot
