-- Found ament_cmake: 0.9.12 (/opt/ros/foxy/share/ament_cmake/cmake)
-- Using PYTHON_EXECUTABLE: /usr/bin/python3
-- Override CMake install command with custom implementation using symlinks instead of copying resources
-- Found ament_lint_auto: 0.9.8 (/opt/ros/foxy/share/ament_lint_auto/cmake)
-- Added test 'copyright' to check source files copyright and LICENSE
-- Added test 'flake8' to check Python code syntax and style conventions
-- Added test 'lint_cmake' to check CMake code style
-- Added test 'pep257' to check Python code against some of the style conventions in PEP 257
-- Added test 'xmllint' to check XML markup files
-- Configuring done
-- Generating done
-- Build files have been written to: /home/dev_pc/dev_ws/build/racer_bot
-- Install configuration: ""
-- Execute custom install script
-- Symlinking: /home/dev_pc/dev_ws/install/racer_bot/share/racer_bot/config/empty.yaml
-- Symlinking: /home/dev_pc/dev_ws/install/racer_bot/share/racer_bot/description/gazebo_control.xacro
-- Symlinking: /home/dev_pc/dev_ws/install/racer_bot/share/racer_bot/description/inertial_macros.xacro
-- Symlinking: /home/dev_pc/dev_ws/install/racer_bot/share/racer_bot/description/robot.urdf.xacro
-- Symlinking: /home/dev_pc/dev_ws/install/racer_bot/share/racer_bot/description/robot_core.xacro
-- Symlinking: /home/dev_pc/dev_ws/install/racer_bot/share/racer_bot/launch/launch_sim.launch.py
-- Symlinking: /home/dev_pc/dev_ws/install/racer_bot/share/racer_bot/launch/rsp.launch.py
-- Symlinking: /home/dev_pc/dev_ws/install/racer_bot/share/racer_bot/worlds/empty.world
-- Symlinking: /home/dev_pc/dev_ws/install/racer_bot/share/ament_index/resource_index/package_run_dependencies/racer_bot
-- Symlinking: /home/dev_pc/dev_ws/install/racer_bot/share/ament_index/resource_index/parent_prefix_path/racer_bot
-- Symlinking: /home/dev_pc/dev_ws/install/racer_bot/share/racer_bot/environment/ament_prefix_path.sh
-- Symlinking: /home/dev_pc/dev_ws/install/racer_bot/share/racer_bot/environment/ament_prefix_path.dsv
-- Symlinking: /home/dev_pc/dev_ws/install/racer_bot/share/racer_bot/environment/path.sh
-- Symlinking: /home/dev_pc/dev_ws/install/racer_bot/share/racer_bot/environment/path.dsv
-- Symlinking: /home/dev_pc/dev_ws/install/racer_bot/share/racer_bot/local_setup.bash
-- Symlinking: /home/dev_pc/dev_ws/install/racer_bot/share/racer_bot/local_setup.sh
-- Symlinking: /home/dev_pc/dev_ws/install/racer_bot/share/racer_bot/local_setup.zsh
-- Symlinking: /home/dev_pc/dev_ws/install/racer_bot/share/racer_bot/local_setup.dsv
-- Symlinking: /home/dev_pc/dev_ws/install/racer_bot/share/racer_bot/package.dsv
-- Symlinking: /home/dev_pc/dev_ws/install/racer_bot/share/ament_index/resource_index/packages/racer_bot
-- Symlinking: /home/dev_pc/dev_ws/install/racer_bot/share/racer_bot/cmake/racer_botConfig.cmake
-- Symlinking: /home/dev_pc/dev_ws/install/racer_bot/share/racer_bot/cmake/racer_botConfig-version.cmake
-- Symlinking: /home/dev_pc/dev_ws/install/racer_bot/share/racer_bot/package.xml
