[0.014s] Invoking command in '/home/dev_pc/dev_ws/build/racer_bot': CMAKE_PREFIX_PATH=${CMAKE_PREFIX_PATH}:/opt/ros/foxy /usr/bin/cmake /home/dev_pc/dev_ws/src/racer_bot -DAMENT_CMAKE_SYMLINK_INSTALL=1 -DCMAKE_INSTALL_PREFIX=/home/dev_pc/dev_ws/install/racer_bot
[0.026s] -- Found ament_cmake: 0.9.12 (/opt/ros/foxy/share/ament_cmake/cmake)
[0.045s] -- Using PYTHON_EXECUTABLE: /usr/bin/python3
[0.194s] -- Override CMake install command with custom implementation using symlinks instead of copying resources
[0.200s] -- Found ament_lint_auto: 0.9.8 (/opt/ros/foxy/share/ament_lint_auto/cmake)
[0.255s] -- Added test 'copyright' to check source files copyright and LICENSE
[0.260s] -- Added test 'flake8' to check Python code syntax and style conventions
[0.261s] -- Added test 'lint_cmake' to check CMake code style
[0.262s] -- Added test 'pep257' to check Python code against some of the style conventions in PEP 257
[0.265s] -- Added test 'xmllint' to check XML markup files
[0.266s] -- Configuring done
[0.268s] -- Generating done
[0.269s] -- Build files have been written to: /home/dev_pc/dev_ws/build/racer_bot
[0.271s] Invoked command in '/home/dev_pc/dev_ws/build/racer_bot' returned '0': CMAKE_PREFIX_PATH=${CMAKE_PREFIX_PATH}:/opt/ros/foxy /usr/bin/cmake /home/dev_pc/dev_ws/src/racer_bot -DAMENT_CMAKE_SYMLINK_INSTALL=1 -DCMAKE_INSTALL_PREFIX=/home/dev_pc/dev_ws/install/racer_bot
[0.274s] Invoking command in '/home/dev_pc/dev_ws/build/racer_bot': CMAKE_PREFIX_PATH=${CMAKE_PREFIX_PATH}:/opt/ros/foxy /usr/bin/cmake --build /home/dev_pc/dev_ws/build/racer_bot -- -j6 -l6
[0.310s] Invoked command in '/home/dev_pc/dev_ws/build/racer_bot' returned '0': CMAKE_PREFIX_PATH=${CMAKE_PREFIX_PATH}:/opt/ros/foxy /usr/bin/cmake --build /home/dev_pc/dev_ws/build/racer_bot -- -j6 -l6
[0.323s] Invoking command in '/home/dev_pc/dev_ws/build/racer_bot': CMAKE_PREFIX_PATH=${CMAKE_PREFIX_PATH}:/opt/ros/foxy /usr/bin/cmake --install /home/dev_pc/dev_ws/build/racer_bot
[0.331s] -- Install configuration: ""
[0.331s] -- Execute custom install script
[0.332s] -- Symlinking: /home/dev_pc/dev_ws/install/racer_bot/share/racer_bot/config/empty.yaml
[0.341s] -- Symlinking: /home/dev_pc/dev_ws/install/racer_bot/share/racer_bot/description/gazebo_control.xacro
[0.349s] -- Symlinking: /home/dev_pc/dev_ws/install/racer_bot/share/racer_bot/description/inertial_macros.xacro
[0.358s] -- Symlinking: /home/dev_pc/dev_ws/install/racer_bot/share/racer_bot/description/robot.urdf.xacro
[0.366s] -- Symlinking: /home/dev_pc/dev_ws/install/racer_bot/share/racer_bot/description/robot_core.xacro
[0.374s] -- Symlinking: /home/dev_pc/dev_ws/install/racer_bot/share/racer_bot/launch/launch_sim.launch.py
[0.382s] -- Symlinking: /home/dev_pc/dev_ws/install/racer_bot/share/racer_bot/launch/rsp.launch.py
[0.390s] -- Symlinking: /home/dev_pc/dev_ws/install/racer_bot/share/racer_bot/worlds/empty.world
[0.399s] -- Symlinking: /home/dev_pc/dev_ws/install/racer_bot/share/ament_index/resource_index/package_run_dependencies/racer_bot
[0.408s] -- Symlinking: /home/dev_pc/dev_ws/install/racer_bot/share/ament_index/resource_index/parent_prefix_path/racer_bot
[0.416s] -- Symlinking: /home/dev_pc/dev_ws/install/racer_bot/share/racer_bot/environment/ament_prefix_path.sh
[0.425s] -- Symlinking: /home/dev_pc/dev_ws/install/racer_bot/share/racer_bot/environment/ament_prefix_path.dsv
[0.434s] -- Symlinking: /home/dev_pc/dev_ws/install/racer_bot/share/racer_bot/environment/path.sh
[0.442s] -- Symlinking: /home/dev_pc/dev_ws/install/racer_bot/share/racer_bot/environment/path.dsv
[0.451s] -- Symlinking: /home/dev_pc/dev_ws/install/racer_bot/share/racer_bot/local_setup.bash
[0.459s] -- Symlinking: /home/dev_pc/dev_ws/install/racer_bot/share/racer_bot/local_setup.sh
[0.468s] -- Symlinking: /home/dev_pc/dev_ws/install/racer_bot/share/racer_bot/local_setup.zsh
[0.477s] -- Symlinking: /home/dev_pc/dev_ws/install/racer_bot/share/racer_bot/local_setup.dsv
[0.485s] -- Symlinking: /home/dev_pc/dev_ws/install/racer_bot/share/racer_bot/package.dsv
[0.494s] -- Symlinking: /home/dev_pc/dev_ws/install/racer_bot/share/ament_index/resource_index/packages/racer_bot
[0.502s] -- Symlinking: /home/dev_pc/dev_ws/install/racer_bot/share/racer_bot/cmake/racer_botConfig.cmake
[0.511s] -- Symlinking: /home/dev_pc/dev_ws/install/racer_bot/share/racer_bot/cmake/racer_botConfig-version.cmake
[0.520s] -- Symlinking: /home/dev_pc/dev_ws/install/racer_bot/share/racer_bot/package.xml
[0.530s] Invoked command in '/home/dev_pc/dev_ws/build/racer_bot' returned '0': CMAKE_PREFIX_PATH=${CMAKE_PREFIX_PATH}:/opt/ros/foxy /usr/bin/cmake --install /home/dev_pc/dev_ws/build/racer_bot
