[0.014s] Invoking command in '/home/dev_pc/dev_ws/build/serial_driver': AMENT_PREFIX_PATH=/home/dev_pc/dev_ws/install/io_context:/home/dev_pc/dev_ws/install/udp_msgs:/home/dev_pc/dev_ws/install/asio_cmake_module:${AMENT_PREFIX_PATH} CMAKE_PREFIX_PATH=/home/dev_pc/dev_ws/install/io_context:/home/dev_pc/dev_ws/install/udp_msgs:/home/dev_pc/dev_ws/install/asio_cmake_module:/home/dev_pc/dev_ws/install/serial:/home/dev_pc/dev_ws/install/racer_bot:/home/dev_pc/dev_ws/install/racecar_hw_interface:/home/dev_pc/dev_ws/src/install/serial:/home/dev_pc/dev_ws/src/install/racer_bot:/home/dev_pc/dev_ws/src/install/racecar_hw_interface:/opt/ros/foxy LD_LIBRARY_PATH=/home/dev_pc/dev_ws/install/io_context/lib:/home/dev_pc/dev_ws/install/udp_msgs/lib:${LD_LIBRARY_PATH} PYTHONPATH=/home/dev_pc/dev_ws/install/udp_msgs/lib/python3.8/site-packages:${PYTHONPATH} /usr/bin/cmake /home/dev_pc/dev_ws/src/transport_drivers/serial_driver -DCMAKE_INSTALL_PREFIX=/home/dev_pc/dev_ws/install/serial_driver
[0.061s] -- The C compiler identification is GNU 9.4.0
[0.109s] -- The CXX compiler identification is GNU 9.4.0
[0.113s] -- Check for working C compiler: /usr/bin/cc
[0.173s] -- Check for working C compiler: /usr/bin/cc -- works
[0.173s] -- Detecting C compiler ABI info
[0.233s] -- Detecting C compiler ABI info - done
[0.243s] -- Detecting C compile features
[0.243s] -- Detecting C compile features - done
[0.245s] -- Check for working CXX compiler: /usr/bin/c++
[0.314s] -- Check for working CXX compiler: /usr/bin/c++ -- works
[0.314s] -- Detecting CXX compiler ABI info
[0.384s] -- Detecting CXX compiler ABI info - done
[0.394s] -- Detecting CXX compile features
[0.394s] -- Detecting CXX compile features - done
[0.396s] -- Found ament_cmake_auto: 0.9.12 (/opt/ros/foxy/share/ament_cmake_auto/cmake)
[0.418s] -- Found PythonInterp: /usr/bin/python3 (found suitable version "3.8.10", minimum required is "3") 
[0.418s] -- Using PYTHON_EXECUTABLE: /usr/bin/python3
[0.688s] -- Using all available rosidl_typesupport_c: rosidl_typesupport_fastrtps_c;rosidl_typesupport_introspection_c
[0.695s] -- Found rosidl_adapter: 1.3.1 (/opt/ros/foxy/share/rosidl_adapter/cmake)
[0.766s] -- Found OpenSSL: /usr/lib/x86_64-linux-gnu/libcrypto.so (found version "1.1.1f")  
[0.791s] -- Found FastRTPS: /opt/ros/foxy/include  
[0.860s] -- Using all available rosidl_typesupport_cpp: rosidl_typesupport_fastrtps_cpp;rosidl_typesupport_introspection_cpp
[0.911s] -- Found rmw_implementation_cmake: 1.0.4 (/opt/ros/foxy/share/rmw_implementation_cmake/cmake)
[0.912s] -- Using RMW implementation 'rmw_fastrtps_cpp' as default
[0.913s] -- Looking for pthread.h
[0.976s] -- Looking for pthread.h - found
[0.976s] -- Performing Test CMAKE_HAVE_LIBC_PTHREAD
[1.041s] -- Performing Test CMAKE_HAVE_LIBC_PTHREAD - Failed
[1.041s] -- Looking for pthread_create in pthreads
[1.092s] -- Looking for pthread_create in pthreads - not found
[1.093s] -- Looking for pthread_create in pthread
[1.154s] -- Looking for pthread_create in pthread - found
[1.155s] -- Found Threads: TRUE  
[1.422s] -- Found ASIO: /usr/include  
[1.454s] -- Found ament_lint_auto: 0.9.8 (/opt/ros/foxy/share/ament_lint_auto/cmake)
[1.473s] -- Found gtest sources under '/opt/ros/foxy/src/gtest_vendor': C++ tests using 'Google Test' will be built
[1.474s] -- Check if compiler accepts -pthread
[1.539s] -- Check if compiler accepts -pthread - yes
[1.549s] -- Added test 'copyright' to check source files copyright and LICENSE
[1.550s] -- Added test 'cppcheck' to perform static code analysis on C / C++ code
[1.551s] -- Configured cppcheck include dirs: /home/dev_pc/dev_ws/src/transport_drivers/serial_driver/include
[1.551s] -- Configured cppcheck exclude dirs and/or files: 
[1.552s] -- Added test 'cpplint' to check C / C++ code against the Google style
[1.552s] -- Configured cpplint exclude dirs and/or files: 
[1.553s] -- Added test 'flake8' to check Python code syntax and style conventions
[1.554s] -- Added test 'lint_cmake' to check CMake code style
[1.554s] -- Added test 'pep257' to check Python code against some of the style conventions in PEP 257
[1.555s] -- Added test 'uncrustify' to check C / C++ code style
[1.555s] -- Configured uncrustify additional arguments: 
[1.556s] -- Added test 'xmllint' to check XML markup files
[1.561s] -- Configuring done
[1.619s] -- Generating done
[1.636s] -- Build files have been written to: /home/dev_pc/dev_ws/build/serial_driver
[1.644s] Invoked command in '/home/dev_pc/dev_ws/build/serial_driver' returned '0': AMENT_PREFIX_PATH=/home/dev_pc/dev_ws/install/io_context:/home/dev_pc/dev_ws/install/udp_msgs:/home/dev_pc/dev_ws/install/asio_cmake_module:${AMENT_PREFIX_PATH} CMAKE_PREFIX_PATH=/home/dev_pc/dev_ws/install/io_context:/home/dev_pc/dev_ws/install/udp_msgs:/home/dev_pc/dev_ws/install/asio_cmake_module:/home/dev_pc/dev_ws/install/serial:/home/dev_pc/dev_ws/install/racer_bot:/home/dev_pc/dev_ws/install/racecar_hw_interface:/home/dev_pc/dev_ws/src/install/serial:/home/dev_pc/dev_ws/src/install/racer_bot:/home/dev_pc/dev_ws/src/install/racecar_hw_interface:/opt/ros/foxy LD_LIBRARY_PATH=/home/dev_pc/dev_ws/install/io_context/lib:/home/dev_pc/dev_ws/install/udp_msgs/lib:${LD_LIBRARY_PATH} PYTHONPATH=/home/dev_pc/dev_ws/install/udp_msgs/lib/python3.8/site-packages:${PYTHONPATH} /usr/bin/cmake /home/dev_pc/dev_ws/src/transport_drivers/serial_driver -DCMAKE_INSTALL_PREFIX=/home/dev_pc/dev_ws/install/serial_driver
[1.646s] Invoking command in '/home/dev_pc/dev_ws/build/serial_driver': AMENT_PREFIX_PATH=/home/dev_pc/dev_ws/install/io_context:/home/dev_pc/dev_ws/install/udp_msgs:/home/dev_pc/dev_ws/install/asio_cmake_module:${AMENT_PREFIX_PATH} CMAKE_PREFIX_PATH=/home/dev_pc/dev_ws/install/io_context:/home/dev_pc/dev_ws/install/udp_msgs:/home/dev_pc/dev_ws/install/asio_cmake_module:/home/dev_pc/dev_ws/install/serial:/home/dev_pc/dev_ws/install/racer_bot:/home/dev_pc/dev_ws/install/racecar_hw_interface:/home/dev_pc/dev_ws/src/install/serial:/home/dev_pc/dev_ws/src/install/racer_bot:/home/dev_pc/dev_ws/src/install/racecar_hw_interface:/opt/ros/foxy LD_LIBRARY_PATH=/home/dev_pc/dev_ws/install/io_context/lib:/home/dev_pc/dev_ws/install/udp_msgs/lib:${LD_LIBRARY_PATH} PYTHONPATH=/home/dev_pc/dev_ws/install/udp_msgs/lib/python3.8/site-packages:${PYTHONPATH} /usr/bin/cmake --build /home/dev_pc/dev_ws/build/serial_driver -- -j6 -l6
[1.683s] [35m[1mScanning dependencies of target gtest_main[0m
[1.684s] [35m[1mScanning dependencies of target gtest[0m
[1.684s] [35m[1mScanning dependencies of target serial_bridge[0m
[1.684s] [35m[1mScanning dependencies of target serial_driver[0m
[1.697s] [  6%] [32mBuilding CXX object gtest/CMakeFiles/gtest_main.dir/src/gtest_main.cc.o[0m
[1.699s] [ 13%] [32mBuilding CXX object gtest/CMakeFiles/gtest.dir/src/gtest-all.cc.o[0m
[1.699s] [ 20%] [32mBuilding CXX object CMakeFiles/serial_driver.dir/src/serial_port.cpp.o[0m
[1.712s] [ 26%] [32mBuilding CXX object CMakeFiles/serial_driver.dir/src/serial_driver.cpp.o[0m
[1.738s] [ 33%] [32mBuilding CXX object CMakeFiles/serial_bridge.dir/rclcpp_components/node_main_serial_bridge.cpp.o[0m
[3.416s] [ 40%] [32m[1mLinking CXX static library libgtest_main.a[0m
[3.548s] [ 40%] Built target gtest_main
[4.162s] [ 46%] [32m[1mLinking CXX shared library libserial_driver.so[0m
[4.384s] [ 46%] Built target serial_driver
[4.395s] [35m[1mScanning dependencies of target serial_driver_nodes[0m
[4.408s] [ 53%] [32m[1mLinking CXX executable serial_bridge[0m
[4.485s] [ 60%] [32mBuilding CXX object CMakeFiles/serial_driver_nodes.dir/src/serial_bridge_node.cpp.o[0m
[4.612s] [ 60%] Built target serial_bridge
[5.956s] [ 66%] [32m[1mLinking CXX static library libgtest.a[0m
[6.011s] [ 66%] Built target gtest
[6.021s] [35m[1mScanning dependencies of target test_serial_port[0m
[6.021s] [35m[1mScanning dependencies of target test_serial_driver[0m
[6.040s] [ 73%] [32mBuilding CXX object CMakeFiles/test_serial_driver.dir/test/test_serial_driver.cpp.o[0m
[6.045s] [ 80%] [32mBuilding CXX object CMakeFiles/test_serial_port.dir/test/test_serial_port.cpp.o[0m
[7.767s] [ 86%] [32m[1mLinking CXX executable test_serial_driver[0m
[7.826s] [ 93%] [32m[1mLinking CXX executable test_serial_port[0m
[7.995s] [ 93%] Built target test_serial_driver
[8.053s] [ 93%] Built target test_serial_port
[9.940s] [100%] [32m[1mLinking CXX shared library libserial_driver_nodes.so[0m
[10.284s] [100%] Built target serial_driver_nodes
[10.298s] Invoked command in '/home/dev_pc/dev_ws/build/serial_driver' returned '0': AMENT_PREFIX_PATH=/home/dev_pc/dev_ws/install/io_context:/home/dev_pc/dev_ws/install/udp_msgs:/home/dev_pc/dev_ws/install/asio_cmake_module:${AMENT_PREFIX_PATH} CMAKE_PREFIX_PATH=/home/dev_pc/dev_ws/install/io_context:/home/dev_pc/dev_ws/install/udp_msgs:/home/dev_pc/dev_ws/install/asio_cmake_module:/home/dev_pc/dev_ws/install/serial:/home/dev_pc/dev_ws/install/racer_bot:/home/dev_pc/dev_ws/install/racecar_hw_interface:/home/dev_pc/dev_ws/src/install/serial:/home/dev_pc/dev_ws/src/install/racer_bot:/home/dev_pc/dev_ws/src/install/racecar_hw_interface:/opt/ros/foxy LD_LIBRARY_PATH=/home/dev_pc/dev_ws/install/io_context/lib:/home/dev_pc/dev_ws/install/udp_msgs/lib:${LD_LIBRARY_PATH} PYTHONPATH=/home/dev_pc/dev_ws/install/udp_msgs/lib/python3.8/site-packages:${PYTHONPATH} /usr/bin/cmake --build /home/dev_pc/dev_ws/build/serial_driver -- -j6 -l6
[10.298s] Invoking command in '/home/dev_pc/dev_ws/build/serial_driver': AMENT_PREFIX_PATH=/home/dev_pc/dev_ws/install/io_context:/home/dev_pc/dev_ws/install/udp_msgs:/home/dev_pc/dev_ws/install/asio_cmake_module:${AMENT_PREFIX_PATH} CMAKE_PREFIX_PATH=/home/dev_pc/dev_ws/install/io_context:/home/dev_pc/dev_ws/install/udp_msgs:/home/dev_pc/dev_ws/install/asio_cmake_module:/home/dev_pc/dev_ws/install/serial:/home/dev_pc/dev_ws/install/racer_bot:/home/dev_pc/dev_ws/install/racecar_hw_interface:/home/dev_pc/dev_ws/src/install/serial:/home/dev_pc/dev_ws/src/install/racer_bot:/home/dev_pc/dev_ws/src/install/racecar_hw_interface:/opt/ros/foxy LD_LIBRARY_PATH=/home/dev_pc/dev_ws/install/io_context/lib:/home/dev_pc/dev_ws/install/udp_msgs/lib:${LD_LIBRARY_PATH} PYTHONPATH=/home/dev_pc/dev_ws/install/udp_msgs/lib/python3.8/site-packages:${PYTHONPATH} /usr/bin/cmake --install /home/dev_pc/dev_ws/build/serial_driver
[10.309s] -- Install configuration: ""
[10.309s] -- Installing: /home/dev_pc/dev_ws/install/serial_driver/lib/serial_driver/serial_bridge
[10.309s] -- Set runtime path of "/home/dev_pc/dev_ws/install/serial_driver/lib/serial_driver/serial_bridge" to ""
[10.309s] -- Installing: /home/dev_pc/dev_ws/install/serial_driver/include
[10.310s] -- Installing: /home/dev_pc/dev_ws/install/serial_driver/include/serial_driver
[10.310s] -- Installing: /home/dev_pc/dev_ws/install/serial_driver/include/serial_driver/serial_bridge_node.hpp
[10.310s] -- Installing: /home/dev_pc/dev_ws/install/serial_driver/include/serial_driver/visibility_control.hpp
[10.310s] -- Installing: /home/dev_pc/dev_ws/install/serial_driver/include/serial_driver/serial_port.hpp
[10.310s] -- Installing: /home/dev_pc/dev_ws/install/serial_driver/include/serial_driver/serial_driver.hpp
[10.310s] -- Installing: /home/dev_pc/dev_ws/install/serial_driver/share/serial_driver/environment/library_path.sh
[10.310s] -- Installing: /home/dev_pc/dev_ws/install/serial_driver/share/serial_driver/environment/library_path.dsv
[10.310s] -- Installing: /home/dev_pc/dev_ws/install/serial_driver/lib/libserial_driver.so
[10.311s] -- Set runtime path of "/home/dev_pc/dev_ws/install/serial_driver/lib/libserial_driver.so" to ""
[10.311s] -- Installing: /home/dev_pc/dev_ws/install/serial_driver/lib/libserial_driver_nodes.so
[10.315s] -- Set runtime path of "/home/dev_pc/dev_ws/install/serial_driver/lib/libserial_driver_nodes.so" to ""
[10.315s] -- Installing: /home/dev_pc/dev_ws/install/serial_driver/share/serial_driver/launch
[10.315s] -- Installing: /home/dev_pc/dev_ws/install/serial_driver/share/serial_driver/launch/serial_driver_bridge_node.launch.py
[10.315s] -- Installing: /home/dev_pc/dev_ws/install/serial_driver/share/serial_driver/params
[10.315s] -- Installing: /home/dev_pc/dev_ws/install/serial_driver/share/serial_driver/params/example.params.yaml
[10.315s] -- Installing: /home/dev_pc/dev_ws/install/serial_driver/share/ament_index/resource_index/package_run_dependencies/serial_driver
[10.315s] -- Installing: /home/dev_pc/dev_ws/install/serial_driver/share/ament_index/resource_index/parent_prefix_path/serial_driver
[10.315s] -- Installing: /home/dev_pc/dev_ws/install/serial_driver/share/serial_driver/environment/ament_prefix_path.sh
[10.316s] -- Installing: /home/dev_pc/dev_ws/install/serial_driver/share/serial_driver/environment/ament_prefix_path.dsv
[10.316s] -- Installing: /home/dev_pc/dev_ws/install/serial_driver/share/serial_driver/environment/path.sh
[10.316s] -- Installing: /home/dev_pc/dev_ws/install/serial_driver/share/serial_driver/environment/path.dsv
[10.316s] -- Installing: /home/dev_pc/dev_ws/install/serial_driver/share/serial_driver/local_setup.bash
[10.316s] -- Installing: /home/dev_pc/dev_ws/install/serial_driver/share/serial_driver/local_setup.sh
[10.316s] -- Installing: /home/dev_pc/dev_ws/install/serial_driver/share/serial_driver/local_setup.zsh
[10.316s] -- Installing: /home/dev_pc/dev_ws/install/serial_driver/share/serial_driver/local_setup.dsv
[10.316s] -- Installing: /home/dev_pc/dev_ws/install/serial_driver/share/serial_driver/package.dsv
[10.317s] -- Installing: /home/dev_pc/dev_ws/install/serial_driver/share/ament_index/resource_index/packages/serial_driver
[10.317s] -- Installing: /home/dev_pc/dev_ws/install/serial_driver/share/ament_index/resource_index/rclcpp_components/serial_driver
[10.317s] -- Installing: /home/dev_pc/dev_ws/install/serial_driver/share/serial_driver/cmake/ament_cmake_export_dependencies-extras.cmake
[10.317s] -- Installing: /home/dev_pc/dev_ws/install/serial_driver/share/serial_driver/cmake/ament_cmake_export_include_directories-extras.cmake
[10.317s] -- Installing: /home/dev_pc/dev_ws/install/serial_driver/share/serial_driver/cmake/ament_cmake_export_libraries-extras.cmake
[10.318s] -- Installing: /home/dev_pc/dev_ws/install/serial_driver/share/serial_driver/cmake/serial_driverConfig.cmake
[10.318s] -- Installing: /home/dev_pc/dev_ws/install/serial_driver/share/serial_driver/cmake/serial_driverConfig-version.cmake
[10.318s] -- Installing: /home/dev_pc/dev_ws/install/serial_driver/share/serial_driver/package.xml
[10.325s] Invoked command in '/home/dev_pc/dev_ws/build/serial_driver' returned '0': AMENT_PREFIX_PATH=/home/dev_pc/dev_ws/install/io_context:/home/dev_pc/dev_ws/install/udp_msgs:/home/dev_pc/dev_ws/install/asio_cmake_module:${AMENT_PREFIX_PATH} CMAKE_PREFIX_PATH=/home/dev_pc/dev_ws/install/io_context:/home/dev_pc/dev_ws/install/udp_msgs:/home/dev_pc/dev_ws/install/asio_cmake_module:/home/dev_pc/dev_ws/install/serial:/home/dev_pc/dev_ws/install/racer_bot:/home/dev_pc/dev_ws/install/racecar_hw_interface:/home/dev_pc/dev_ws/src/install/serial:/home/dev_pc/dev_ws/src/install/racer_bot:/home/dev_pc/dev_ws/src/install/racecar_hw_interface:/opt/ros/foxy LD_LIBRARY_PATH=/home/dev_pc/dev_ws/install/io_context/lib:/home/dev_pc/dev_ws/install/udp_msgs/lib:${LD_LIBRARY_PATH} PYTHONPATH=/home/dev_pc/dev_ws/install/udp_msgs/lib/python3.8/site-packages:${PYTHONPATH} /usr/bin/cmake --install /home/dev_pc/dev_ws/build/serial_driver
