[0.011s] Invoking command in '/home/dev_pc/dev_ws/build/racecar_hw_interface': CMAKE_PREFIX_PATH=/home/dev_pc/dev_ws/install/serial:/home/dev_pc/dev_ws/install/udp_driver:/home/dev_pc/dev_ws/install/serial_driver:/home/dev_pc/dev_ws/install/io_context:/home/dev_pc/dev_ws/install/udp_msgs:/home/dev_pc/dev_ws/install/racecar_hw_interface:/home/dev_pc/dev_ws/install/racer_bot:/home/dev_pc/dev_ws/install/asio_cmake_module:/opt/ros/foxy /usr/bin/cmake --build /home/dev_pc/dev_ws/build/racecar_hw_interface -- -j6 -l6
[0.032s] -- Found ament_cmake: 0.9.12 (/opt/ros/foxy/share/ament_cmake/cmake)
[0.050s] -- Using PYTHON_EXECUTABLE: /usr/bin/python3
[0.198s] -- Override CMake install command with custom implementation using symlinks instead of copying resources
[0.204s] -- Found rclcpp: 2.4.3 (/opt/ros/foxy/share/rclcpp/cmake)
[0.233s] -- Using all available rosidl_typesupport_c: rosidl_typesupport_fastrtps_c;rosidl_typesupport_introspection_c
[0.236s] -- Found rosidl_adapter: 1.3.1 (/opt/ros/foxy/share/rosidl_adapter/cmake)
[0.338s] -- Using all available rosidl_typesupport_cpp: rosidl_typesupport_fastrtps_cpp;rosidl_typesupport_introspection_cpp
[0.380s] -- Found rmw_implementation_cmake: 1.0.4 (/opt/ros/foxy/share/rmw_implementation_cmake/cmake)
[0.382s] -- Using RMW implementation 'rmw_fastrtps_cpp' as default
[0.505s] -- Found serial: 1.2.1 (/home/dev_pc/dev_ws/install/serial/share/serial/cmake)
[0.506s] CMake Error at CMakeLists.txt:21 (target_include_directories):
[0.506s]   Cannot specify include directories for target "racecar_hw_interface" which
[0.506s]   is not built by this project.
[0.507s] 
[0.507s] 
[0.507s] -- Found ament_lint_auto: 0.9.8 (/opt/ros/foxy/share/ament_lint_auto/cmake)
[0.559s] -- Added test 'copyright' to check source files copyright and LICENSE
[0.566s] -- Added test 'cppcheck' to perform static code analysis on C / C++ code
[0.566s] -- Configured cppcheck include dirs: 
[0.566s] -- Configured cppcheck exclude dirs and/or files: 
[0.573s] -- Added test 'cpplint' to check C / C++ code against the Google style
[0.573s] -- Configured cpplint exclude dirs and/or files: 
[0.575s] -- Added test 'lint_cmake' to check CMake code style
[0.583s] -- Added test 'uncrustify' to check C / C++ code style
[0.583s] -- Configured uncrustify additional arguments: 
[0.584s] -- Added test 'xmllint' to check XML markup files
[0.586s] -- Configuring incomplete, errors occurred!
[0.586s] See also "/home/dev_pc/dev_ws/build/racecar_hw_interface/CMakeFiles/CMakeOutput.log".
[0.586s] See also "/home/dev_pc/dev_ws/build/racecar_hw_interface/CMakeFiles/CMakeError.log".
[0.591s] make: *** [Makefile:222: cmake_check_build_system] Error 1
[0.593s] Invoked command in '/home/dev_pc/dev_ws/build/racecar_hw_interface' returned '2': CMAKE_PREFIX_PATH=/home/dev_pc/dev_ws/install/serial:/home/dev_pc/dev_ws/install/udp_driver:/home/dev_pc/dev_ws/install/serial_driver:/home/dev_pc/dev_ws/install/io_context:/home/dev_pc/dev_ws/install/udp_msgs:/home/dev_pc/dev_ws/install/racecar_hw_interface:/home/dev_pc/dev_ws/install/racer_bot:/home/dev_pc/dev_ws/install/asio_cmake_module:/opt/ros/foxy /usr/bin/cmake --build /home/dev_pc/dev_ws/build/racecar_hw_interface -- -j6 -l6
