[0.010s] Invoking command in '/home/dev_pc/dev_ws/build/racecar_hw_interface': CMAKE_PREFIX_PATH=/home/dev_pc/dev_ws/install/serial:/home/dev_pc/dev_ws/install/udp_driver:/home/dev_pc/dev_ws/install/serial_driver:/home/dev_pc/dev_ws/install/io_context:/home/dev_pc/dev_ws/install/udp_msgs:/home/dev_pc/dev_ws/install/racecar_hw_interface:/home/dev_pc/dev_ws/install/racer_bot:/home/dev_pc/dev_ws/install/asio_cmake_module:/opt/ros/foxy /usr/bin/cmake --build /home/dev_pc/dev_ws/build/racecar_hw_interface -- -j6 -l6
[0.032s] -- Found ament_cmake: 0.9.12 (/opt/ros/foxy/share/ament_cmake/cmake)
[0.050s] -- Using PYTHON_EXECUTABLE: /usr/bin/python3
[0.196s] -- Override CMake install command with custom implementation using symlinks instead of copying resources
[0.202s] -- Found rclcpp: 2.4.3 (/opt/ros/foxy/share/rclcpp/cmake)
[0.231s] -- Using all available rosidl_typesupport_c: rosidl_typesupport_fastrtps_c;rosidl_typesupport_introspection_c
[0.234s] -- Found rosidl_adapter: 1.3.1 (/opt/ros/foxy/share/rosidl_adapter/cmake)
[0.337s] -- Using all available rosidl_typesupport_cpp: rosidl_typesupport_fastrtps_cpp;rosidl_typesupport_introspection_cpp
[0.379s] -- Found rmw_implementation_cmake: 1.0.4 (/opt/ros/foxy/share/rmw_implementation_cmake/cmake)
[0.381s] -- Using RMW implementation 'rmw_fastrtps_cpp' as default
[0.514s] CMake Error at CMakeLists.txt:16 (find_package):
[0.514s]   By not providing "Findseril.cmake" in CMAKE_MODULE_PATH this project has
[0.514s]   asked CMake to find a package configuration file provided by "seril", but
[0.514s]   CMake did not find one.
[0.514s] 
[0.514s]   Could not find a package configuration file provided by "seril" with any of
[0.514s]   the following names:
[0.514s] 
[0.514s]     serilConfig.cmake
[0.514s]     seril-config.cmake
[0.514s] 
[0.515s]   Add the installation prefix of "seril" to CMAKE_PREFIX_PATH or set
[0.515s]   "seril_DIR" to a directory containing one of the above files.  If "seril"
[0.515s]   provides a separate development package or SDK, be sure it has been
[0.515s]   installed.
[0.515s] 
[0.515s] 
[0.515s] -- Configuring incomplete, errors occurred!
[0.515s] See also "/home/dev_pc/dev_ws/build/racecar_hw_interface/CMakeFiles/CMakeOutput.log".
[0.515s] See also "/home/dev_pc/dev_ws/build/racecar_hw_interface/CMakeFiles/CMakeError.log".
[0.520s] make: *** [Makefile:222: cmake_check_build_system] Error 1
[0.522s] Invoked command in '/home/dev_pc/dev_ws/build/racecar_hw_interface' returned '2': CMAKE_PREFIX_PATH=/home/dev_pc/dev_ws/install/serial:/home/dev_pc/dev_ws/install/udp_driver:/home/dev_pc/dev_ws/install/serial_driver:/home/dev_pc/dev_ws/install/io_context:/home/dev_pc/dev_ws/install/udp_msgs:/home/dev_pc/dev_ws/install/racecar_hw_interface:/home/dev_pc/dev_ws/install/racer_bot:/home/dev_pc/dev_ws/install/asio_cmake_module:/opt/ros/foxy /usr/bin/cmake --build /home/dev_pc/dev_ws/build/racecar_hw_interface -- -j6 -l6
