[0.015s] Invoking command in '/home/dev_pc/dev_ws/build/racer_bot': CMAKE_PREFIX_PATH=${CMAKE_PREFIX_PATH}:/opt/ros/foxy /usr/bin/cmake /home/dev_pc/dev_ws/src/racer_bot -DCMAKE_INSTALL_PREFIX=/home/dev_pc/dev_ws/install/racer_bot
[0.027s] -- Found ament_cmake: 0.9.12 (/opt/ros/foxy/share/ament_cmake/cmake)
[0.046s] -- Using PYTHON_EXECUTABLE: /usr/bin/python3
[0.213s] -- Override CMake install command with custom implementation using symlinks instead of copying resources
[0.227s] -- Found ament_lint_auto: 0.9.8 (/opt/ros/foxy/share/ament_lint_auto/cmake)
[0.288s] -- Added test 'copyright' to check source files copyright and LICENSE
[0.294s] -- Added test 'flake8' to check Python code syntax and style conventions
[0.295s] -- Added test 'lint_cmake' to check CMake code style
[0.295s] -- Added test 'pep257' to check Python code against some of the style conventions in PEP 257
[0.298s] -- Added test 'xmllint' to check XML markup files
[0.300s] -- Configuring done
[0.303s] -- Generating done
[0.304s] -- Build files have been written to: /home/dev_pc/dev_ws/build/racer_bot
[0.306s] Invoked command in '/home/dev_pc/dev_ws/build/racer_bot' returned '0': CMAKE_PREFIX_PATH=${CMAKE_PREFIX_PATH}:/opt/ros/foxy /usr/bin/cmake /home/dev_pc/dev_ws/src/racer_bot -DCMAKE_INSTALL_PREFIX=/home/dev_pc/dev_ws/install/racer_bot
[0.308s] Invoking command in '/home/dev_pc/dev_ws/build/racer_bot': CMAKE_PREFIX_PATH=${CMAKE_PREFIX_PATH}:/opt/ros/foxy /usr/bin/cmake --build /home/dev_pc/dev_ws/build/racer_bot -- -j6 -l6
[0.347s] Invoked command in '/home/dev_pc/dev_ws/build/racer_bot' returned '0': CMAKE_PREFIX_PATH=${CMAKE_PREFIX_PATH}:/opt/ros/foxy /usr/bin/cmake --build /home/dev_pc/dev_ws/build/racer_bot -- -j6 -l6
[0.356s] Invoking command in '/home/dev_pc/dev_ws/build/racer_bot': CMAKE_PREFIX_PATH=${CMAKE_PREFIX_PATH}:/opt/ros/foxy /usr/bin/cmake --install /home/dev_pc/dev_ws/build/racer_bot
[0.365s] -- Install configuration: ""
[0.365s] -- Execute custom install script
[0.366s] -- Up-to-date symlink: /home/dev_pc/dev_ws/install/racer_bot/share/racer_bot/config/empty.yaml
[0.366s] -- Up-to-date symlink: /home/dev_pc/dev_ws/install/racer_bot/share/racer_bot/description/gazebo_control.xacro
[0.366s] -- Up-to-date symlink: /home/dev_pc/dev_ws/install/racer_bot/share/racer_bot/description/inertial_macros.xacro
[0.367s] -- Up-to-date symlink: /home/dev_pc/dev_ws/install/racer_bot/share/racer_bot/description/robot.urdf.xacro
[0.367s] -- Up-to-date symlink: /home/dev_pc/dev_ws/install/racer_bot/share/racer_bot/description/robot_core.xacro
[0.367s] -- Up-to-date symlink: /home/dev_pc/dev_ws/install/racer_bot/share/racer_bot/launch/launch_sim.launch.py
[0.367s] -- Up-to-date symlink: /home/dev_pc/dev_ws/install/racer_bot/share/racer_bot/launch/rsp.launch.py
[0.368s] -- Up-to-date symlink: /home/dev_pc/dev_ws/install/racer_bot/share/racer_bot/worlds/empty.world
[0.368s] -- Up-to-date symlink: /home/dev_pc/dev_ws/install/racer_bot/share/ament_index/resource_index/package_run_dependencies/racer_bot
[0.368s] -- Up-to-date symlink: /home/dev_pc/dev_ws/install/racer_bot/share/ament_index/resource_index/parent_prefix_path/racer_bot
[0.369s] -- Up-to-date symlink: /home/dev_pc/dev_ws/install/racer_bot/share/racer_bot/environment/ament_prefix_path.sh
[0.369s] -- Up-to-date symlink: /home/dev_pc/dev_ws/install/racer_bot/share/racer_bot/environment/ament_prefix_path.dsv
[0.369s] -- Up-to-date symlink: /home/dev_pc/dev_ws/install/racer_bot/share/racer_bot/environment/path.sh
[0.369s] -- Up-to-date symlink: /home/dev_pc/dev_ws/install/racer_bot/share/racer_bot/environment/path.dsv
[0.370s] -- Up-to-date symlink: /home/dev_pc/dev_ws/install/racer_bot/share/racer_bot/local_setup.bash
[0.370s] -- Up-to-date symlink: /home/dev_pc/dev_ws/install/racer_bot/share/racer_bot/local_setup.sh
[0.370s] -- Up-to-date symlink: /home/dev_pc/dev_ws/install/racer_bot/share/racer_bot/local_setup.zsh
[0.370s] -- Up-to-date symlink: /home/dev_pc/dev_ws/install/racer_bot/share/racer_bot/local_setup.dsv
[0.371s] -- Symlinking: /home/dev_pc/dev_ws/install/racer_bot/share/racer_bot/package.dsv
[0.380s] -- Up-to-date symlink: /home/dev_pc/dev_ws/install/racer_bot/share/ament_index/resource_index/packages/racer_bot
[0.381s] -- Up-to-date symlink: /home/dev_pc/dev_ws/install/racer_bot/share/racer_bot/cmake/racer_botConfig.cmake
[0.382s] -- Up-to-date symlink: /home/dev_pc/dev_ws/install/racer_bot/share/racer_bot/cmake/racer_botConfig-version.cmake
[0.382s] -- Up-to-date symlink: /home/dev_pc/dev_ws/install/racer_bot/share/racer_bot/package.xml
[0.384s] Invoked command in '/home/dev_pc/dev_ws/build/racer_bot' returned '0': CMAKE_PREFIX_PATH=${CMAKE_PREFIX_PATH}:/opt/ros/foxy /usr/bin/cmake --install /home/dev_pc/dev_ws/build/racer_bot
