-- Found ament_cmake: 0.9.12 (/opt/ros/foxy/share/ament_cmake/cmake)
-- Using PYTHON_EXECUTABLE: /usr/bin/python3
-- Found rclcpp: 2.4.3 (/opt/ros/foxy/share/rclcpp/cmake)
-- Using all available rosidl_typesupport_c: rosidl_typesupport_fastrtps_c;rosidl_typesupport_introspection_c
-- Found rosidl_adapter: 1.3.1 (/opt/ros/foxy/share/rosidl_adapter/cmake)
-- Using all available rosidl_typesupport_cpp: rosidl_typesupport_fastrtps_cpp;rosidl_typesupport_introspection_cpp
-- Found rmw_implementation_cmake: 1.0.4 (/opt/ros/foxy/share/rmw_implementation_cmake/cmake)
-- Using RMW implementation 'rmw_fastrtps_cpp' as default
-- Found serial: 1.2.1 (/home/dev_pc/dev_ws/install/serial/share/serial/cmake)
-- Found ament_lint_auto: 0.9.8 (/opt/ros/foxy/share/ament_lint_auto/cmake)
-- Added test 'copyright' to check source files copyright and LICENSE
-- Added test 'cppcheck' to perform static code analysis on C / C++ code
-- Configured cppcheck include dirs: 
-- Configured cppcheck exclude dirs and/or files: 
-- Added test 'cpplint' to check C / C++ code against the Google style
-- Configured cpplint exclude dirs and/or files: 
-- Added test 'lint_cmake' to check CMake code style
-- Added test 'uncrustify' to check C / C++ code style
-- Configured uncrustify additional arguments: 
-- Added test 'xmllint' to check XML markup files
-- Configuring done
-- Generating done
-- Build files have been written to: /home/dev_pc/dev_ws/build/racecar_hw_interface
-- Install configuration: ""
-- Installing: /home/dev_pc/dev_ws/install/racecar_hw_interface/share/ament_index/resource_index/package_run_dependencies/racecar_hw_interface
-- Up-to-date: /home/dev_pc/dev_ws/install/racecar_hw_interface/share/ament_index/resource_index/parent_prefix_path/racecar_hw_interface
-- Up-to-date: /home/dev_pc/dev_ws/install/racecar_hw_interface/share/racecar_hw_interface/environment/ament_prefix_path.sh
-- Installing: /home/dev_pc/dev_ws/install/racecar_hw_interface/share/racecar_hw_interface/environment/ament_prefix_path.dsv
-- Up-to-date: /home/dev_pc/dev_ws/install/racecar_hw_interface/share/racecar_hw_interface/environment/path.sh
-- Installing: /home/dev_pc/dev_ws/install/racecar_hw_interface/share/racecar_hw_interface/environment/path.dsv
-- Up-to-date: /home/dev_pc/dev_ws/install/racecar_hw_interface/share/racecar_hw_interface/local_setup.bash
-- Up-to-date: /home/dev_pc/dev_ws/install/racecar_hw_interface/share/racecar_hw_interface/local_setup.sh
-- Up-to-date: /home/dev_pc/dev_ws/install/racecar_hw_interface/share/racecar_hw_interface/local_setup.zsh
-- Installing: /home/dev_pc/dev_ws/install/racecar_hw_interface/share/racecar_hw_interface/local_setup.dsv
-- Installing: /home/dev_pc/dev_ws/install/racecar_hw_interface/share/racecar_hw_interface/package.dsv
-- Up-to-date: /home/dev_pc/dev_ws/install/racecar_hw_interface/share/ament_index/resource_index/packages/racecar_hw_interface
-- Up-to-date: /home/dev_pc/dev_ws/install/racecar_hw_interface/share/racecar_hw_interface/cmake/racecar_hw_interfaceConfig.cmake
-- Up-to-date: /home/dev_pc/dev_ws/install/racecar_hw_interface/share/racecar_hw_interface/cmake/racecar_hw_interfaceConfig-version.cmake
-- Installing: /home/dev_pc/dev_ws/install/racecar_hw_interface/share/racecar_hw_interface/package.xml
