-- Found ament_cmake: 0.9.12 (/opt/ros/foxy/share/ament_cmake/cmake)
-- Using PYTHON_EXECUTABLE: /usr/bin/python3
-- Found ament_cmake_gtest: 0.9.12 (/opt/ros/foxy/share/ament_cmake_gtest/cmake)
-- Found gtest sources under '/opt/ros/foxy/src/gtest_vendor': C++ tests using 'Google Test' will be built
-- Configuring done
-- Generating done
-- Build files have been written to: /home/dev_pc/dev_ws/build/serial
[35m[1mScanning dependencies of target serial[0m
[ 28%] Built target gtest
[ 28%] Built target gtest_main
[ 35%] [32mBuilding CXX object CMakeFiles/serial.dir/src/serial.cc.o[0m
[ 42%] [32mBuilding CXX object CMakeFiles/serial.dir/src/impl/list_ports/list_ports_linux.cc.o[0m
[ 50%] [32mBuilding CXX object CMakeFiles/serial.dir/src/impl/unix.cc.o[0m
[ 57%] [32m[1mLinking CXX static library libserial.a[0m
[ 57%] Built target serial
[35m[1mScanning dependencies of target serial_example[0m
[35m[1mScanning dependencies of target serial-test-timer[0m
[35m[1mScanning dependencies of target serial-test[0m
[ 64%] [32mBuilding CXX object CMakeFiles/serial_example.dir/examples/serial_example.cc.o[0m
[ 78%] [32mBuilding CXX object tests/CMakeFiles/serial-test.dir/unix_serial_tests.cc.o[0m
[ 78%] [32mBuilding CXX object tests/CMakeFiles/serial-test-timer.dir/unit/unix_timer_tests.cc.o[0m
[ 85%] [32m[1mLinking CXX executable serial_example[0m
[ 85%] Built target serial_example
[ 92%] [32m[1mLinking CXX executable serial-test-timer[0m
[100%] [32m[1mLinking CXX executable serial-test[0m
[100%] Built target serial-test-timer
[100%] Built target serial-test
-- Install configuration: ""
-- Installing: /home/dev_pc/dev_ws/install/serial/lib/libserial.a
-- Installing: /home/dev_pc/dev_ws/install/serial/include/serial/serial.h
-- Installing: /home/dev_pc/dev_ws/install/serial/include/serial/v8stdint.h
-- Up-to-date: /home/dev_pc/dev_ws/install/serial/share/serial/environment/library_path.sh
-- Installing: /home/dev_pc/dev_ws/install/serial/share/serial/environment/library_path.dsv
-- Up-to-date: /home/dev_pc/dev_ws/install/serial/share/ament_index/resource_index/package_run_dependencies/serial
-- Installing: /home/dev_pc/dev_ws/install/serial/share/ament_index/resource_index/parent_prefix_path/serial
-- Up-to-date: /home/dev_pc/dev_ws/install/serial/share/serial/environment/ament_prefix_path.sh
-- Installing: /home/dev_pc/dev_ws/install/serial/share/serial/environment/ament_prefix_path.dsv
-- Up-to-date: /home/dev_pc/dev_ws/install/serial/share/serial/environment/path.sh
-- Installing: /home/dev_pc/dev_ws/install/serial/share/serial/environment/path.dsv
-- Up-to-date: /home/dev_pc/dev_ws/install/serial/share/serial/local_setup.bash
-- Up-to-date: /home/dev_pc/dev_ws/install/serial/share/serial/local_setup.sh
-- Up-to-date: /home/dev_pc/dev_ws/install/serial/share/serial/local_setup.zsh
-- Installing: /home/dev_pc/dev_ws/install/serial/share/serial/local_setup.dsv
-- Installing: /home/dev_pc/dev_ws/install/serial/share/serial/package.dsv
-- Up-to-date: /home/dev_pc/dev_ws/install/serial/share/ament_index/resource_index/packages/serial
-- Up-to-date: /home/dev_pc/dev_ws/install/serial/share/serial/cmake/ament_cmake_export_include_directories-extras.cmake
-- Up-to-date: /home/dev_pc/dev_ws/install/serial/share/serial/cmake/ament_cmake_export_libraries-extras.cmake
-- Up-to-date: /home/dev_pc/dev_ws/install/serial/share/serial/cmake/serialConfig.cmake
-- Up-to-date: /home/dev_pc/dev_ws/install/serial/share/serial/cmake/serialConfig-version.cmake
-- Installing: /home/dev_pc/dev_ws/install/serial/share/serial/package.xml
