[0.023s] Invoking command in '/home/dev_pc/dev_ws/build/serial': CMAKE_PREFIX_PATH=${CMAKE_PREFIX_PATH}:/opt/ros/foxy /usr/bin/cmake --build /home/dev_pc/dev_ws/build/serial -- -j6 -l6
[0.045s] -- Found ament_cmake: 0.9.12 (/opt/ros/foxy/share/ament_cmake/cmake)
[0.065s] -- Using PYTHON_EXECUTABLE: /usr/bin/python3
[0.219s] -- Found ament_cmake_gtest: 0.9.12 (/opt/ros/foxy/share/ament_cmake_gtest/cmake)
[0.223s] -- Found gtest sources under '/opt/ros/foxy/src/gtest_vendor': C++ tests using 'Google Test' will be built
[0.277s] -- Configuring done
[0.285s] -- Generating done
[0.289s] -- Build files have been written to: /home/dev_pc/dev_ws/build/serial
[0.309s] [35m[1mScanning dependencies of target serial[0m
[0.319s] [ 28%] Built target gtest
[0.319s] [ 28%] Built target gtest_main
[0.320s] [ 35%] [32mBuilding CXX object CMakeFiles/serial.dir/src/serial.cc.o[0m
[0.320s] [ 42%] [32mBuilding CXX object CMakeFiles/serial.dir/src/impl/list_ports/list_ports_linux.cc.o[0m
[0.320s] [ 50%] [32mBuilding CXX object CMakeFiles/serial.dir/src/impl/unix.cc.o[0m
[0.694s] [ 57%] [32m[1mLinking CXX static library libserial.a[0m
[0.725s] [ 57%] Built target serial
[0.735s] [35m[1mScanning dependencies of target serial_example[0m
[0.735s] [35m[1mScanning dependencies of target serial-test-timer[0m
[0.735s] [35m[1mScanning dependencies of target serial-test[0m
[0.745s] [ 64%] [32mBuilding CXX object CMakeFiles/serial_example.dir/examples/serial_example.cc.o[0m
[0.746s] [ 78%] [32mBuilding CXX object tests/CMakeFiles/serial-test.dir/unix_serial_tests.cc.o[0m
[0.746s] [ 78%] [32mBuilding CXX object tests/CMakeFiles/serial-test-timer.dir/unit/unix_timer_tests.cc.o[0m
[1.008s] [ 85%] [32m[1mLinking CXX executable serial_example[0m
[1.086s] [ 85%] Built target serial_example
[1.330s] [ 92%] [32m[1mLinking CXX executable serial-test-timer[0m
[1.404s] [100%] [32m[1mLinking CXX executable serial-test[0m
[1.451s] [100%] Built target serial-test-timer
[1.522s] [100%] Built target serial-test
[1.533s] Invoked command in '/home/dev_pc/dev_ws/build/serial' returned '0': CMAKE_PREFIX_PATH=${CMAKE_PREFIX_PATH}:/opt/ros/foxy /usr/bin/cmake --build /home/dev_pc/dev_ws/build/serial -- -j6 -l6
[1.535s] Invoking command in '/home/dev_pc/dev_ws/build/serial': CMAKE_PREFIX_PATH=${CMAKE_PREFIX_PATH}:/opt/ros/foxy /usr/bin/cmake --install /home/dev_pc/dev_ws/build/serial
[1.542s] -- Install configuration: ""
[1.542s] -- Installing: /home/dev_pc/dev_ws/install/serial/lib/libserial.a
[1.543s] -- Installing: /home/dev_pc/dev_ws/install/serial/include/serial/serial.h
[1.543s] -- Installing: /home/dev_pc/dev_ws/install/serial/include/serial/v8stdint.h
[1.543s] -- Up-to-date: /home/dev_pc/dev_ws/install/serial/share/serial/environment/library_path.sh
[1.543s] -- Installing: /home/dev_pc/dev_ws/install/serial/share/serial/environment/library_path.dsv
[1.543s] -- Up-to-date: /home/dev_pc/dev_ws/install/serial/share/ament_index/resource_index/package_run_dependencies/serial
[1.543s] -- Installing: /home/dev_pc/dev_ws/install/serial/share/ament_index/resource_index/parent_prefix_path/serial
[1.544s] -- Up-to-date: /home/dev_pc/dev_ws/install/serial/share/serial/environment/ament_prefix_path.sh
[1.544s] -- Installing: /home/dev_pc/dev_ws/install/serial/share/serial/environment/ament_prefix_path.dsv
[1.544s] -- Up-to-date: /home/dev_pc/dev_ws/install/serial/share/serial/environment/path.sh
[1.544s] -- Installing: /home/dev_pc/dev_ws/install/serial/share/serial/environment/path.dsv
[1.544s] -- Up-to-date: /home/dev_pc/dev_ws/install/serial/share/serial/local_setup.bash
[1.544s] -- Up-to-date: /home/dev_pc/dev_ws/install/serial/share/serial/local_setup.sh
[1.544s] -- Up-to-date: /home/dev_pc/dev_ws/install/serial/share/serial/local_setup.zsh
[1.544s] -- Installing: /home/dev_pc/dev_ws/install/serial/share/serial/local_setup.dsv
[1.544s] -- Installing: /home/dev_pc/dev_ws/install/serial/share/serial/package.dsv
[1.544s] -- Up-to-date: /home/dev_pc/dev_ws/install/serial/share/ament_index/resource_index/packages/serial
[1.544s] -- Up-to-date: /home/dev_pc/dev_ws/install/serial/share/serial/cmake/ament_cmake_export_include_directories-extras.cmake
[1.544s] -- Up-to-date: /home/dev_pc/dev_ws/install/serial/share/serial/cmake/ament_cmake_export_libraries-extras.cmake
[1.544s] -- Up-to-date: /home/dev_pc/dev_ws/install/serial/share/serial/cmake/serialConfig.cmake
[1.544s] -- Up-to-date: /home/dev_pc/dev_ws/install/serial/share/serial/cmake/serialConfig-version.cmake
[1.544s] -- Installing: /home/dev_pc/dev_ws/install/serial/share/serial/package.xml
[1.546s] Invoked command in '/home/dev_pc/dev_ws/build/serial' returned '0': CMAKE_PREFIX_PATH=${CMAKE_PREFIX_PATH}:/opt/ros/foxy /usr/bin/cmake --install /home/dev_pc/dev_ws/build/serial
