-- Found ament_cmake: 0.9.12 (/opt/ros/foxy/share/ament_cmake/cmake)
-- Using PYTHON_EXECUTABLE: /usr/bin/python3
-- Override CMake install command with custom implementation using symlinks instead of copying resources
-- Found ament_cmake_gtest: 0.9.12 (/opt/ros/foxy/share/ament_cmake_gtest/cmake)
-- Found gtest sources under '/opt/ros/foxy/src/gtest_vendor': C++ tests using 'Google Test' will be built
-- Configuring done
-- Generating done
-- Build files have been written to: /home/dev_pc/dev_ws/build/serial
[ 42%] Built target gtest_main
[ 42%] Built target gtest
[ 57%] Built target serial
[ 85%] Built target serial_example
[ 85%] Built target serial-test-timer
[100%] Built target serial-test
-- Install configuration: ""
-- Execute custom install script
-- Symlinking: /home/dev_pc/dev_ws/install/serial/include/serial/serial.h
-- Symlinking: /home/dev_pc/dev_ws/install/serial/include/serial/v8stdint.h
-- Symlinking: /home/dev_pc/dev_ws/install/serial/share/serial/environment/library_path.sh
-- Symlinking: /home/dev_pc/dev_ws/install/serial/share/serial/environment/library_path.dsv
-- Symlinking: /home/dev_pc/dev_ws/install/serial/share/ament_index/resource_index/package_run_dependencies/serial
-- Symlinking: /home/dev_pc/dev_ws/install/serial/share/ament_index/resource_index/parent_prefix_path/serial
-- Symlinking: /home/dev_pc/dev_ws/install/serial/share/serial/environment/ament_prefix_path.sh
-- Symlinking: /home/dev_pc/dev_ws/install/serial/share/serial/environment/ament_prefix_path.dsv
-- Symlinking: /home/dev_pc/dev_ws/install/serial/share/serial/environment/path.sh
-- Symlinking: /home/dev_pc/dev_ws/install/serial/share/serial/environment/path.dsv
-- Symlinking: /home/dev_pc/dev_ws/install/serial/share/serial/local_setup.bash
-- Symlinking: /home/dev_pc/dev_ws/install/serial/share/serial/local_setup.sh
-- Symlinking: /home/dev_pc/dev_ws/install/serial/share/serial/local_setup.zsh
-- Symlinking: /home/dev_pc/dev_ws/install/serial/share/serial/local_setup.dsv
-- Symlinking: /home/dev_pc/dev_ws/install/serial/share/serial/package.dsv
-- Symlinking: /home/dev_pc/dev_ws/install/serial/share/ament_index/resource_index/packages/serial
-- Symlinking: /home/dev_pc/dev_ws/install/serial/share/serial/cmake/ament_cmake_export_include_directories-extras.cmake
-- Symlinking: /home/dev_pc/dev_ws/install/serial/share/serial/cmake/ament_cmake_export_libraries-extras.cmake
-- Symlinking: /home/dev_pc/dev_ws/install/serial/share/serial/cmake/serialConfig.cmake
-- Symlinking: /home/dev_pc/dev_ws/install/serial/share/serial/cmake/serialConfig-version.cmake
-- Symlinking: /home/dev_pc/dev_ws/install/serial/share/serial/package.xml
-- Up-to-date: /home/dev_pc/dev_ws/install/serial/lib/libserial.a
