[0.016s] Invoking command in '/home/dev_pc/dev_ws/build/serial': CMAKE_PREFIX_PATH=${CMAKE_PREFIX_PATH}:/opt/ros/foxy /usr/bin/cmake /home/dev_pc/dev_ws/src/serial -DAMENT_CMAKE_SYMLINK_INSTALL=1 -DCMAKE_INSTALL_PREFIX=/home/dev_pc/dev_ws/install/serial
[0.029s] -- Found ament_cmake: 0.9.12 (/opt/ros/foxy/share/ament_cmake/cmake)
[0.048s] -- Using PYTHON_EXECUTABLE: /usr/bin/python3
[0.200s] -- Override CMake install command with custom implementation using symlinks instead of copying resources
[0.207s] -- Found ament_cmake_gtest: 0.9.12 (/opt/ros/foxy/share/ament_cmake_gtest/cmake)
[0.211s] -- Found gtest sources under '/opt/ros/foxy/src/gtest_vendor': C++ tests using 'Google Test' will be built
[0.268s] -- Configuring done
[0.277s] -- Generating done
[0.281s] -- Build files have been written to: /home/dev_pc/dev_ws/build/serial
[0.283s] Invoked command in '/home/dev_pc/dev_ws/build/serial' returned '0': CMAKE_PREFIX_PATH=${CMAKE_PREFIX_PATH}:/opt/ros/foxy /usr/bin/cmake /home/dev_pc/dev_ws/src/serial -DAMENT_CMAKE_SYMLINK_INSTALL=1 -DCMAKE_INSTALL_PREFIX=/home/dev_pc/dev_ws/install/serial
[0.285s] Invoking command in '/home/dev_pc/dev_ws/build/serial': CMAKE_PREFIX_PATH=${CMAKE_PREFIX_PATH}:/opt/ros/foxy /usr/bin/cmake --build /home/dev_pc/dev_ws/build/serial -- -j6 -l6
[0.331s] [ 42%] Built target gtest_main
[0.331s] [ 42%] Built target gtest
[0.331s] [ 57%] Built target serial
[0.350s] [ 85%] Built target serial_example
[0.350s] [ 85%] Built target serial-test-timer
[0.351s] [100%] Built target serial-test
[0.361s] Invoked command in '/home/dev_pc/dev_ws/build/serial' returned '0': CMAKE_PREFIX_PATH=${CMAKE_PREFIX_PATH}:/opt/ros/foxy /usr/bin/cmake --build /home/dev_pc/dev_ws/build/serial -- -j6 -l6
[0.363s] Invoking command in '/home/dev_pc/dev_ws/build/serial': CMAKE_PREFIX_PATH=${CMAKE_PREFIX_PATH}:/opt/ros/foxy /usr/bin/cmake --install /home/dev_pc/dev_ws/build/serial
[0.371s] -- Install configuration: ""
[0.371s] -- Execute custom install script
[0.371s] -- Symlinking: /home/dev_pc/dev_ws/install/serial/include/serial/serial.h
[0.380s] -- Symlinking: /home/dev_pc/dev_ws/install/serial/include/serial/v8stdint.h
[0.388s] -- Symlinking: /home/dev_pc/dev_ws/install/serial/share/serial/environment/library_path.sh
[0.397s] -- Symlinking: /home/dev_pc/dev_ws/install/serial/share/serial/environment/library_path.dsv
[0.405s] -- Symlinking: /home/dev_pc/dev_ws/install/serial/share/ament_index/resource_index/package_run_dependencies/serial
[0.414s] -- Symlinking: /home/dev_pc/dev_ws/install/serial/share/ament_index/resource_index/parent_prefix_path/serial
[0.423s] -- Symlinking: /home/dev_pc/dev_ws/install/serial/share/serial/environment/ament_prefix_path.sh
[0.431s] -- Symlinking: /home/dev_pc/dev_ws/install/serial/share/serial/environment/ament_prefix_path.dsv
[0.440s] -- Symlinking: /home/dev_pc/dev_ws/install/serial/share/serial/environment/path.sh
[0.449s] -- Symlinking: /home/dev_pc/dev_ws/install/serial/share/serial/environment/path.dsv
[0.457s] -- Symlinking: /home/dev_pc/dev_ws/install/serial/share/serial/local_setup.bash
[0.466s] -- Symlinking: /home/dev_pc/dev_ws/install/serial/share/serial/local_setup.sh
[0.474s] -- Symlinking: /home/dev_pc/dev_ws/install/serial/share/serial/local_setup.zsh
[0.483s] -- Symlinking: /home/dev_pc/dev_ws/install/serial/share/serial/local_setup.dsv
[0.492s] -- Symlinking: /home/dev_pc/dev_ws/install/serial/share/serial/package.dsv
[0.500s] -- Symlinking: /home/dev_pc/dev_ws/install/serial/share/ament_index/resource_index/packages/serial
[0.509s] -- Symlinking: /home/dev_pc/dev_ws/install/serial/share/serial/cmake/ament_cmake_export_include_directories-extras.cmake
[0.518s] -- Symlinking: /home/dev_pc/dev_ws/install/serial/share/serial/cmake/ament_cmake_export_libraries-extras.cmake
[0.526s] -- Symlinking: /home/dev_pc/dev_ws/install/serial/share/serial/cmake/serialConfig.cmake
[0.535s] -- Symlinking: /home/dev_pc/dev_ws/install/serial/share/serial/cmake/serialConfig-version.cmake
[0.543s] -- Symlinking: /home/dev_pc/dev_ws/install/serial/share/serial/package.xml
[0.552s] -- Up-to-date: /home/dev_pc/dev_ws/install/serial/lib/libserial.a
[0.554s] Invoked command in '/home/dev_pc/dev_ws/build/serial' returned '0': CMAKE_PREFIX_PATH=${CMAKE_PREFIX_PATH}:/opt/ros/foxy /usr/bin/cmake --install /home/dev_pc/dev_ws/build/serial
