[0.018s] Invoking command in '/home/dev_pc/dev_ws/build/serial': CMAKE_PREFIX_PATH=${CMAKE_PREFIX_PATH}:/opt/ros/foxy /usr/bin/cmake --build /home/dev_pc/dev_ws/build/serial -- -j6 -l6
[0.065s] [ 28%] Built target gtest_main
[0.065s] [ 28%] Built target gtest
[0.065s] [ 57%] Built target serial
[0.085s] [ 85%] Built target serial_example
[0.085s] [ 85%] Built target serial-test-timer
[0.085s] [100%] Built target serial-test
[0.095s] Invoked command in '/home/dev_pc/dev_ws/build/serial' returned '0': CMAKE_PREFIX_PATH=${CMAKE_PREFIX_PATH}:/opt/ros/foxy /usr/bin/cmake --build /home/dev_pc/dev_ws/build/serial -- -j6 -l6
[0.107s] Invoking command in '/home/dev_pc/dev_ws/build/serial': CMAKE_PREFIX_PATH=${CMAKE_PREFIX_PATH}:/opt/ros/foxy /usr/bin/cmake --install /home/dev_pc/dev_ws/build/serial
[0.115s] -- Install configuration: ""
[0.115s] -- Execute custom install script
[0.115s] -- Up-to-date symlink: /home/dev_pc/dev_ws/install/serial/include/serial/serial.h
[0.116s] -- Up-to-date symlink: /home/dev_pc/dev_ws/install/serial/include/serial/v8stdint.h
[0.116s] -- Up-to-date symlink: /home/dev_pc/dev_ws/install/serial/share/serial/environment/library_path.sh
[0.116s] -- Up-to-date symlink: /home/dev_pc/dev_ws/install/serial/share/serial/environment/library_path.dsv
[0.116s] -- Up-to-date symlink: /home/dev_pc/dev_ws/install/serial/share/ament_index/resource_index/package_run_dependencies/serial
[0.117s] -- Up-to-date symlink: /home/dev_pc/dev_ws/install/serial/share/ament_index/resource_index/parent_prefix_path/serial
[0.117s] -- Up-to-date symlink: /home/dev_pc/dev_ws/install/serial/share/serial/environment/ament_prefix_path.sh
[0.117s] -- Up-to-date symlink: /home/dev_pc/dev_ws/install/serial/share/serial/environment/ament_prefix_path.dsv
[0.117s] -- Up-to-date symlink: /home/dev_pc/dev_ws/install/serial/share/serial/environment/path.sh
[0.117s] -- Up-to-date symlink: /home/dev_pc/dev_ws/install/serial/share/serial/environment/path.dsv
[0.118s] -- Up-to-date symlink: /home/dev_pc/dev_ws/install/serial/share/serial/local_setup.bash
[0.118s] -- Up-to-date symlink: /home/dev_pc/dev_ws/install/serial/share/serial/local_setup.sh
[0.118s] -- Up-to-date symlink: /home/dev_pc/dev_ws/install/serial/share/serial/local_setup.zsh
[0.118s] -- Up-to-date symlink: /home/dev_pc/dev_ws/install/serial/share/serial/local_setup.dsv
[0.118s] -- Symlinking: /home/dev_pc/dev_ws/install/serial/share/serial/package.dsv
[0.127s] -- Up-to-date symlink: /home/dev_pc/dev_ws/install/serial/share/ament_index/resource_index/packages/serial
[0.128s] -- Up-to-date symlink: /home/dev_pc/dev_ws/install/serial/share/serial/cmake/ament_cmake_export_include_directories-extras.cmake
[0.128s] -- Up-to-date symlink: /home/dev_pc/dev_ws/install/serial/share/serial/cmake/ament_cmake_export_libraries-extras.cmake
[0.128s] -- Up-to-date symlink: /home/dev_pc/dev_ws/install/serial/share/serial/cmake/serialConfig.cmake
[0.128s] -- Up-to-date symlink: /home/dev_pc/dev_ws/install/serial/share/serial/cmake/serialConfig-version.cmake
[0.128s] -- Up-to-date symlink: /home/dev_pc/dev_ws/install/serial/share/serial/package.xml
[0.129s] -- Up-to-date: /home/dev_pc/dev_ws/install/serial/lib/libserial.a
[0.131s] Invoked command in '/home/dev_pc/dev_ws/build/serial' returned '0': CMAKE_PREFIX_PATH=${CMAKE_PREFIX_PATH}:/opt/ros/foxy /usr/bin/cmake --install /home/dev_pc/dev_ws/build/serial
