[0.017s] Invoking command in '/home/dev_pc/dev_ws/build/racer_bot': CMAKE_PREFIX_PATH=${CMAKE_PREFIX_PATH}:/opt/ros/foxy /usr/bin/cmake --build /home/dev_pc/dev_ws/build/racer_bot -- -j6 -l6
[0.037s] -- Found ament_cmake: 0.9.12 (/opt/ros/foxy/share/ament_cmake/cmake)
[0.056s] -- Using PYTHON_EXECUTABLE: /usr/bin/python3
[0.210s] -- Override CMake install command with custom implementation using symlinks instead of copying resources
[0.219s] -- Found teleop_twist_joy: 2.4.3 (/opt/ros/foxy/share/teleop_twist_joy/cmake)
[0.220s] -- Found ament_lint_auto: 0.9.8 (/opt/ros/foxy/share/ament_lint_auto/cmake)
[0.274s] -- Added test 'copyright' to check source files copyright and LICENSE
[0.285s] -- Added test 'cppcheck' to perform static code analysis on C / C++ code
[0.285s] -- Configured cppcheck include dirs: 
[0.285s] -- Configured cppcheck exclude dirs and/or files: 
[0.295s] -- Added test 'cpplint' to check C / C++ code against the Google style
[0.295s] -- Configured cpplint exclude dirs and/or files: 
[0.297s] -- Added test 'flake8' to check Python code syntax and style conventions
[0.299s] -- Added test 'lint_cmake' to check CMake code style
[0.301s] -- Added test 'pep257' to check Python code against some of the style conventions in PEP 257
[0.311s] -- Added test 'uncrustify' to check C / C++ code style
[0.311s] -- Configured uncrustify additional arguments: 
[0.313s] -- Added test 'xmllint' to check XML markup files
[0.315s] -- Configuring done
[0.316s] -- Generating done
[0.318s] -- Build files have been written to: /home/dev_pc/dev_ws/build/racer_bot
[0.337s] Invoked command in '/home/dev_pc/dev_ws/build/racer_bot' returned '0': CMAKE_PREFIX_PATH=${CMAKE_PREFIX_PATH}:/opt/ros/foxy /usr/bin/cmake --build /home/dev_pc/dev_ws/build/racer_bot -- -j6 -l6
[0.339s] Invoking command in '/home/dev_pc/dev_ws/build/racer_bot': CMAKE_PREFIX_PATH=${CMAKE_PREFIX_PATH}:/opt/ros/foxy /usr/bin/cmake --install /home/dev_pc/dev_ws/build/racer_bot
[0.347s] -- Install configuration: ""
[0.347s] -- Execute custom install script
[0.348s] -- Up-to-date symlink: /home/dev_pc/dev_ws/install/racer_bot/share/racer_bot/config/empty.yaml
[0.348s] -- Up-to-date symlink: /home/dev_pc/dev_ws/install/racer_bot/share/racer_bot/description/gazebo_control.xacro
[0.348s] -- Up-to-date symlink: /home/dev_pc/dev_ws/install/racer_bot/share/racer_bot/description/inertial_macros.xacro
[0.348s] -- Symlinking: /home/dev_pc/dev_ws/install/racer_bot/share/racer_bot/description/lidar.xacro
[0.356s] -- Up-to-date symlink: /home/dev_pc/dev_ws/install/racer_bot/share/racer_bot/description/robot.urdf.xacro
[0.357s] -- Up-to-date symlink: /home/dev_pc/dev_ws/install/racer_bot/share/racer_bot/description/robot_core.xacro
[0.357s] -- Up-to-date symlink: /home/dev_pc/dev_ws/install/racer_bot/share/racer_bot/launch/launch_sim.launch.py
[0.357s] -- Up-to-date symlink: /home/dev_pc/dev_ws/install/racer_bot/share/racer_bot/launch/rsp.launch.py
[0.357s] -- Up-to-date symlink: /home/dev_pc/dev_ws/install/racer_bot/share/racer_bot/worlds/empty.world
[0.358s] -- Up-to-date symlink: /home/dev_pc/dev_ws/install/racer_bot/share/ament_index/resource_index/package_run_dependencies/racer_bot
[0.358s] -- Up-to-date symlink: /home/dev_pc/dev_ws/install/racer_bot/share/ament_index/resource_index/parent_prefix_path/racer_bot
[0.358s] -- Up-to-date symlink: /home/dev_pc/dev_ws/install/racer_bot/share/racer_bot/environment/ament_prefix_path.sh
[0.358s] -- Up-to-date symlink: /home/dev_pc/dev_ws/install/racer_bot/share/racer_bot/environment/ament_prefix_path.dsv
[0.359s] -- Up-to-date symlink: /home/dev_pc/dev_ws/install/racer_bot/share/racer_bot/environment/path.sh
[0.359s] -- Up-to-date symlink: /home/dev_pc/dev_ws/install/racer_bot/share/racer_bot/environment/path.dsv
[0.359s] -- Up-to-date symlink: /home/dev_pc/dev_ws/install/racer_bot/share/racer_bot/local_setup.bash
[0.359s] -- Up-to-date symlink: /home/dev_pc/dev_ws/install/racer_bot/share/racer_bot/local_setup.sh
[0.359s] -- Up-to-date symlink: /home/dev_pc/dev_ws/install/racer_bot/share/racer_bot/local_setup.zsh
[0.360s] -- Up-to-date symlink: /home/dev_pc/dev_ws/install/racer_bot/share/racer_bot/local_setup.dsv
[0.360s] -- Symlinking: /home/dev_pc/dev_ws/install/racer_bot/share/racer_bot/package.dsv
[0.368s] -- Up-to-date symlink: /home/dev_pc/dev_ws/install/racer_bot/share/ament_index/resource_index/packages/racer_bot
[0.368s] -- Up-to-date symlink: /home/dev_pc/dev_ws/install/racer_bot/share/racer_bot/cmake/racer_botConfig.cmake
[0.368s] -- Up-to-date symlink: /home/dev_pc/dev_ws/install/racer_bot/share/racer_bot/cmake/racer_botConfig-version.cmake
[0.369s] -- Up-to-date symlink: /home/dev_pc/dev_ws/install/racer_bot/share/racer_bot/package.xml
[0.371s] Invoked command in '/home/dev_pc/dev_ws/build/racer_bot' returned '0': CMAKE_PREFIX_PATH=${CMAKE_PREFIX_PATH}:/opt/ros/foxy /usr/bin/cmake --install /home/dev_pc/dev_ws/build/racer_bot
