[0.017s] Invoking command in '/home/dev_pc/dev_ws/build/serial': CMAKE_PREFIX_PATH=${CMAKE_PREFIX_PATH}:/opt/ros/foxy /usr/bin/cmake /home/dev_pc/dev_ws/src/serial -DCMAKE_INSTALL_PREFIX=/home/dev_pc/dev_ws/install/serial
[0.033s] -- Found ament_cmake: 0.9.12 (/opt/ros/foxy/share/ament_cmake/cmake)
[0.051s] -- Using PYTHON_EXECUTABLE: /usr/bin/python3
[0.209s] -- Override CMake install command with custom implementation using symlinks instead of copying resources
[0.217s] -- Found ament_cmake_gtest: 0.9.12 (/opt/ros/foxy/share/ament_cmake_gtest/cmake)
[0.223s] -- Found gtest sources under '/opt/ros/foxy/src/gtest_vendor': C++ tests using 'Google Test' will be built
[0.281s] -- Configuring done
[0.299s] -- Generating done
[0.301s] -- Build files have been written to: /home/dev_pc/dev_ws/build/serial
[0.304s] Invoked command in '/home/dev_pc/dev_ws/build/serial' returned '0': CMAKE_PREFIX_PATH=${CMAKE_PREFIX_PATH}:/opt/ros/foxy /usr/bin/cmake /home/dev_pc/dev_ws/src/serial -DCMAKE_INSTALL_PREFIX=/home/dev_pc/dev_ws/install/serial
[0.306s] Invoking command in '/home/dev_pc/dev_ws/build/serial': CMAKE_PREFIX_PATH=${CMAKE_PREFIX_PATH}:/opt/ros/foxy /usr/bin/cmake --build /home/dev_pc/dev_ws/build/serial -- -j6 -l6
[0.351s] [ 35%] Built target gtest
[0.351s] [ 35%] Built target gtest_main
[0.351s] [ 57%] Built target serial
[0.371s] [100%] Built target serial_example
[0.371s] [100%] Built target serial-test-timer
[0.372s] [100%] Built target serial-test
[0.389s] Invoked command in '/home/dev_pc/dev_ws/build/serial' returned '0': CMAKE_PREFIX_PATH=${CMAKE_PREFIX_PATH}:/opt/ros/foxy /usr/bin/cmake --build /home/dev_pc/dev_ws/build/serial -- -j6 -l6
[0.391s] Invoking command in '/home/dev_pc/dev_ws/build/serial': CMAKE_PREFIX_PATH=${CMAKE_PREFIX_PATH}:/opt/ros/foxy /usr/bin/cmake --install /home/dev_pc/dev_ws/build/serial
[0.398s] -- Install configuration: ""
[0.399s] -- Execute custom install script
[0.399s] -- Up-to-date symlink: /home/dev_pc/dev_ws/install/serial/include/serial/serial.h
[0.399s] -- Up-to-date symlink: /home/dev_pc/dev_ws/install/serial/include/serial/v8stdint.h
[0.400s] -- Up-to-date symlink: /home/dev_pc/dev_ws/install/serial/share/serial/environment/library_path.sh
[0.400s] -- Up-to-date symlink: /home/dev_pc/dev_ws/install/serial/share/serial/environment/library_path.dsv
[0.400s] -- Up-to-date symlink: /home/dev_pc/dev_ws/install/serial/share/ament_index/resource_index/package_run_dependencies/serial
[0.401s] -- Up-to-date symlink: /home/dev_pc/dev_ws/install/serial/share/ament_index/resource_index/parent_prefix_path/serial
[0.401s] -- Up-to-date symlink: /home/dev_pc/dev_ws/install/serial/share/serial/environment/ament_prefix_path.sh
[0.401s] -- Up-to-date symlink: /home/dev_pc/dev_ws/install/serial/share/serial/environment/ament_prefix_path.dsv
[0.401s] -- Up-to-date symlink: /home/dev_pc/dev_ws/install/serial/share/serial/environment/path.sh
[0.402s] -- Up-to-date symlink: /home/dev_pc/dev_ws/install/serial/share/serial/environment/path.dsv
[0.402s] -- Up-to-date symlink: /home/dev_pc/dev_ws/install/serial/share/serial/local_setup.bash
[0.402s] -- Up-to-date symlink: /home/dev_pc/dev_ws/install/serial/share/serial/local_setup.sh
[0.403s] -- Up-to-date symlink: /home/dev_pc/dev_ws/install/serial/share/serial/local_setup.zsh
[0.403s] -- Up-to-date symlink: /home/dev_pc/dev_ws/install/serial/share/serial/local_setup.dsv
[0.403s] -- Symlinking: /home/dev_pc/dev_ws/install/serial/share/serial/package.dsv
[0.412s] -- Up-to-date symlink: /home/dev_pc/dev_ws/install/serial/share/ament_index/resource_index/packages/serial
[0.412s] -- Up-to-date symlink: /home/dev_pc/dev_ws/install/serial/share/serial/cmake/ament_cmake_export_include_directories-extras.cmake
[0.413s] -- Up-to-date symlink: /home/dev_pc/dev_ws/install/serial/share/serial/cmake/ament_cmake_export_libraries-extras.cmake
[0.413s] -- Up-to-date symlink: /home/dev_pc/dev_ws/install/serial/share/serial/cmake/serialConfig.cmake
[0.413s] -- Up-to-date symlink: /home/dev_pc/dev_ws/install/serial/share/serial/cmake/serialConfig-version.cmake
[0.413s] -- Up-to-date symlink: /home/dev_pc/dev_ws/install/serial/share/serial/package.xml
[0.413s] -- Up-to-date: /home/dev_pc/dev_ws/install/serial/lib/libserial.a
[0.416s] Invoked command in '/home/dev_pc/dev_ws/build/serial' returned '0': CMAKE_PREFIX_PATH=${CMAKE_PREFIX_PATH}:/opt/ros/foxy /usr/bin/cmake --install /home/dev_pc/dev_ws/build/serial
