[0.242s] DEBUG:colcon:Command line arguments: ['/usr/bin/colcon', 'build', '--symlink-install']
[0.242s] DEBUG:colcon:Parsed command line arguments: Namespace(allow_overriding=[], ament_cmake_args=None, base_paths=['.'], build_base='build', catkin_cmake_args=None, catkin_skip_building_tests=False, cmake_args=None, cmake_clean_cache=False, cmake_clean_first=False, cmake_force_configure=False, cmake_target=None, cmake_target_skip_unavailable=False, continue_on_error=False, event_handlers=None, executor='parallel', ignore_user_meta=False, install_base='install', log_base=None, log_level=None, main=<bound method BuildVerb.main of <colcon_core.verb.build.BuildVerb object at 0x7fcf5e5b9be0>>, merge_install=False, metas=['./colcon.meta'], mixin=None, mixin_files=None, mixin_verb=('build',), packages_above=None, packages_above_and_dependencies=None, packages_above_depth=None, packages_end=None, packages_ignore=None, packages_ignore_regex=None, packages_select=None, packages_select_build_failed=False, packages_select_by_dep=None, packages_select_regex=None, packages_select_test_failures=False, packages_skip=None, packages_skip_build_finished=False, packages_skip_by_dep=None, packages_skip_regex=None, packages_skip_test_passed=False, packages_skip_up_to=None, packages_start=None, packages_up_to=None, packages_up_to_regex=None, parallel_workers=6, paths=None, symlink_install=True, test_result_base=None, verb_extension=<colcon_core.verb.build.BuildVerb object at 0x7fcf5e5b9be0>, verb_name='build', verb_parser=<colcon_mixin.mixin.mixin_argument.MixinArgumentDecorator object at 0x7fcf5e5c9130>)
[0.390s] Level 1:colcon.colcon_core.package_discovery:discover_packages(colcon_meta) check parameters
[0.390s] Level 1:colcon.colcon_core.package_discovery:discover_packages(recursive) check parameters
[0.390s] Level 1:colcon.colcon_core.package_discovery:discover_packages(ignore) check parameters
[0.390s] Level 1:colcon.colcon_core.package_discovery:discover_packages(path) check parameters
[0.390s] Level 1:colcon.colcon_core.package_discovery:discover_packages(colcon_meta) discover
[0.390s] Level 1:colcon.colcon_core.package_discovery:discover_packages(recursive) discover
[0.390s] INFO:colcon.colcon_core.package_discovery:Crawling recursively for packages in '/home/dev_pc/dev_ws'
[0.390s] Level 1:colcon.colcon_core.package_identification:_identify(.) by extensions ['ignore', 'ignore_ament_install']
[0.390s] Level 1:colcon.colcon_core.package_identification:_identify(.) by extension 'ignore'
[0.391s] Level 1:colcon.colcon_core.package_identification:_identify(.) by extension 'ignore_ament_install'
[0.391s] Level 1:colcon.colcon_core.package_identification:_identify(.) by extensions ['colcon_pkg']
[0.391s] Level 1:colcon.colcon_core.package_identification:_identify(.) by extension 'colcon_pkg'
[0.391s] Level 1:colcon.colcon_core.package_identification:_identify(.) by extensions ['colcon_meta']
[0.391s] Level 1:colcon.colcon_core.package_identification:_identify(.) by extension 'colcon_meta'
[0.391s] Level 1:colcon.colcon_core.package_identification:_identify(.) by extensions ['ros']
[0.391s] Level 1:colcon.colcon_core.package_identification:_identify(.) by extension 'ros'
[0.402s] Level 1:colcon.colcon_core.package_identification:_identify(.) by extensions ['cmake', 'python']
[0.402s] Level 1:colcon.colcon_core.package_identification:_identify(.) by extension 'cmake'
[0.402s] Level 1:colcon.colcon_core.package_identification:_identify(.) by extension 'python'
[0.402s] Level 1:colcon.colcon_core.package_identification:_identify(.) by extensions ['python_setup_py']
[0.402s] Level 1:colcon.colcon_core.package_identification:_identify(.) by extension 'python_setup_py'
[0.402s] Level 1:colcon.colcon_core.package_identification:_identify(build) by extensions ['ignore', 'ignore_ament_install']
[0.402s] Level 1:colcon.colcon_core.package_identification:_identify(build) by extension 'ignore'
[0.402s] Level 1:colcon.colcon_core.package_identification:_identify(build) ignored
[0.402s] Level 1:colcon.colcon_core.package_identification:_identify(install) by extensions ['ignore', 'ignore_ament_install']
[0.402s] Level 1:colcon.colcon_core.package_identification:_identify(install) by extension 'ignore'
[0.402s] Level 1:colcon.colcon_core.package_identification:_identify(install) ignored
[0.402s] Level 1:colcon.colcon_core.package_identification:_identify(log) by extensions ['ignore', 'ignore_ament_install']
[0.402s] Level 1:colcon.colcon_core.package_identification:_identify(log) by extension 'ignore'
[0.402s] Level 1:colcon.colcon_core.package_identification:_identify(log) ignored
[0.403s] Level 1:colcon.colcon_core.package_identification:_identify(src) by extensions ['ignore', 'ignore_ament_install']
[0.403s] Level 1:colcon.colcon_core.package_identification:_identify(src) by extension 'ignore'
[0.403s] Level 1:colcon.colcon_core.package_identification:_identify(src) by extension 'ignore_ament_install'
[0.403s] Level 1:colcon.colcon_core.package_identification:_identify(src) by extensions ['colcon_pkg']
[0.403s] Level 1:colcon.colcon_core.package_identification:_identify(src) by extension 'colcon_pkg'
[0.403s] Level 1:colcon.colcon_core.package_identification:_identify(src) by extensions ['colcon_meta']
[0.403s] Level 1:colcon.colcon_core.package_identification:_identify(src) by extension 'colcon_meta'
[0.403s] Level 1:colcon.colcon_core.package_identification:_identify(src) by extensions ['ros']
[0.403s] Level 1:colcon.colcon_core.package_identification:_identify(src) by extension 'ros'
[0.403s] Level 1:colcon.colcon_core.package_identification:_identify(src) by extensions ['cmake', 'python']
[0.403s] Level 1:colcon.colcon_core.package_identification:_identify(src) by extension 'cmake'
[0.403s] Level 1:colcon.colcon_core.package_identification:_identify(src) by extension 'python'
[0.403s] Level 1:colcon.colcon_core.package_identification:_identify(src) by extensions ['python_setup_py']
[0.403s] Level 1:colcon.colcon_core.package_identification:_identify(src) by extension 'python_setup_py'
[0.403s] Level 1:colcon.colcon_core.package_identification:_identify(src/racecar_hw_interface) by extensions ['ignore', 'ignore_ament_install']
[0.403s] Level 1:colcon.colcon_core.package_identification:_identify(src/racecar_hw_interface) by extension 'ignore'
[0.403s] Level 1:colcon.colcon_core.package_identification:_identify(src/racecar_hw_interface) by extension 'ignore_ament_install'
[0.403s] Level 1:colcon.colcon_core.package_identification:_identify(src/racecar_hw_interface) by extensions ['colcon_pkg']
[0.403s] Level 1:colcon.colcon_core.package_identification:_identify(src/racecar_hw_interface) by extension 'colcon_pkg'
[0.403s] Level 1:colcon.colcon_core.package_identification:_identify(src/racecar_hw_interface) by extensions ['colcon_meta']
[0.403s] Level 1:colcon.colcon_core.package_identification:_identify(src/racecar_hw_interface) by extension 'colcon_meta'
[0.404s] Level 1:colcon.colcon_core.package_identification:_identify(src/racecar_hw_interface) by extensions ['ros']
[0.404s] Level 1:colcon.colcon_core.package_identification:_identify(src/racecar_hw_interface) by extension 'ros'
[0.406s] DEBUG:colcon.colcon_core.package_identification:Package 'src/racecar_hw_interface' with type 'ros.ament_cmake' and name 'racecar_hw_interface'
[0.406s] Level 1:colcon.colcon_core.package_identification:_identify(src/racer_bot) by extensions ['ignore', 'ignore_ament_install']
[0.406s] Level 1:colcon.colcon_core.package_identification:_identify(src/racer_bot) by extension 'ignore'
[0.407s] Level 1:colcon.colcon_core.package_identification:_identify(src/racer_bot) by extension 'ignore_ament_install'
[0.407s] Level 1:colcon.colcon_core.package_identification:_identify(src/racer_bot) by extensions ['colcon_pkg']
[0.407s] Level 1:colcon.colcon_core.package_identification:_identify(src/racer_bot) by extension 'colcon_pkg'
[0.407s] Level 1:colcon.colcon_core.package_identification:_identify(src/racer_bot) by extensions ['colcon_meta']
[0.407s] Level 1:colcon.colcon_core.package_identification:_identify(src/racer_bot) by extension 'colcon_meta'
[0.407s] Level 1:colcon.colcon_core.package_identification:_identify(src/racer_bot) by extensions ['ros']
[0.407s] Level 1:colcon.colcon_core.package_identification:_identify(src/racer_bot) by extension 'ros'
[0.407s] DEBUG:colcon.colcon_core.package_identification:Package 'src/racer_bot' with type 'ros.ament_cmake' and name 'racer_bot'
[0.407s] Level 1:colcon.colcon_core.package_identification:_identify(src/serial) by extensions ['ignore', 'ignore_ament_install']
[0.407s] Level 1:colcon.colcon_core.package_identification:_identify(src/serial) by extension 'ignore'
[0.408s] Level 1:colcon.colcon_core.package_identification:_identify(src/serial) by extension 'ignore_ament_install'
[0.408s] Level 1:colcon.colcon_core.package_identification:_identify(src/serial) by extensions ['colcon_pkg']
[0.408s] Level 1:colcon.colcon_core.package_identification:_identify(src/serial) by extension 'colcon_pkg'
[0.408s] Level 1:colcon.colcon_core.package_identification:_identify(src/serial) by extensions ['colcon_meta']
[0.408s] Level 1:colcon.colcon_core.package_identification:_identify(src/serial) by extension 'colcon_meta'
[0.408s] Level 1:colcon.colcon_core.package_identification:_identify(src/serial) by extensions ['ros']
[0.408s] Level 1:colcon.colcon_core.package_identification:_identify(src/serial) by extension 'ros'
[0.408s] DEBUG:colcon.colcon_core.package_identification:Package 'src/serial' with type 'ros.ament_cmake' and name 'serial'
[0.408s] Level 1:colcon.colcon_core.package_discovery:discover_packages(recursive) using defaults
[0.409s] Level 1:colcon.colcon_core.package_discovery:discover_packages(ignore) discover
[0.409s] Level 1:colcon.colcon_core.package_discovery:discover_packages(ignore) using defaults
[0.409s] Level 1:colcon.colcon_core.package_discovery:discover_packages(path) discover
[0.409s] Level 1:colcon.colcon_core.package_discovery:discover_packages(path) using defaults
[0.426s] Level 1:colcon.colcon_core.package_discovery:discover_packages(prefix_path) check parameters
[0.426s] Level 1:colcon.colcon_core.package_discovery:discover_packages(prefix_path) discover
[0.429s] DEBUG:colcon.colcon_installed_package_information.package_discovery:Found 266 installed packages in /opt/ros/foxy
[0.443s] Level 1:colcon.colcon_core.package_discovery:discover_packages(prefix_path) using defaults
[0.504s] Level 5:colcon.colcon_core.verb:set package 'racer_bot' build argument 'cmake_args' from command line to 'None'
[0.504s] Level 5:colcon.colcon_core.verb:set package 'racer_bot' build argument 'cmake_target' from command line to 'None'
[0.505s] Level 5:colcon.colcon_core.verb:set package 'racer_bot' build argument 'cmake_target_skip_unavailable' from command line to 'False'
[0.505s] Level 5:colcon.colcon_core.verb:set package 'racer_bot' build argument 'cmake_clean_cache' from command line to 'False'
[0.505s] Level 5:colcon.colcon_core.verb:set package 'racer_bot' build argument 'cmake_clean_first' from command line to 'False'
[0.505s] Level 5:colcon.colcon_core.verb:set package 'racer_bot' build argument 'cmake_force_configure' from command line to 'False'
[0.505s] Level 5:colcon.colcon_core.verb:set package 'racer_bot' build argument 'ament_cmake_args' from command line to 'None'
[0.505s] Level 5:colcon.colcon_core.verb:set package 'racer_bot' build argument 'catkin_cmake_args' from command line to 'None'
[0.505s] Level 5:colcon.colcon_core.verb:set package 'racer_bot' build argument 'catkin_skip_building_tests' from command line to 'False'
[0.505s] DEBUG:colcon.colcon_core.verb:Building package 'racer_bot' with the following arguments: {'ament_cmake_args': None, 'build_base': '/home/dev_pc/dev_ws/build/racer_bot', 'catkin_cmake_args': None, 'catkin_skip_building_tests': False, 'cmake_args': None, 'cmake_clean_cache': False, 'cmake_clean_first': False, 'cmake_force_configure': False, 'cmake_target': None, 'cmake_target_skip_unavailable': False, 'install_base': '/home/dev_pc/dev_ws/install/racer_bot', 'merge_install': False, 'path': '/home/dev_pc/dev_ws/src/racer_bot', 'symlink_install': True, 'test_result_base': None}
[0.505s] Level 5:colcon.colcon_core.verb:set package 'serial' build argument 'cmake_args' from command line to 'None'
[0.505s] Level 5:colcon.colcon_core.verb:set package 'serial' build argument 'cmake_target' from command line to 'None'
[0.505s] Level 5:colcon.colcon_core.verb:set package 'serial' build argument 'cmake_target_skip_unavailable' from command line to 'False'
[0.505s] Level 5:colcon.colcon_core.verb:set package 'serial' build argument 'cmake_clean_cache' from command line to 'False'
[0.505s] Level 5:colcon.colcon_core.verb:set package 'serial' build argument 'cmake_clean_first' from command line to 'False'
[0.505s] Level 5:colcon.colcon_core.verb:set package 'serial' build argument 'cmake_force_configure' from command line to 'False'
[0.505s] Level 5:colcon.colcon_core.verb:set package 'serial' build argument 'ament_cmake_args' from command line to 'None'
[0.505s] Level 5:colcon.colcon_core.verb:set package 'serial' build argument 'catkin_cmake_args' from command line to 'None'
[0.505s] Level 5:colcon.colcon_core.verb:set package 'serial' build argument 'catkin_skip_building_tests' from command line to 'False'
[0.505s] DEBUG:colcon.colcon_core.verb:Building package 'serial' with the following arguments: {'ament_cmake_args': None, 'build_base': '/home/dev_pc/dev_ws/build/serial', 'catkin_cmake_args': None, 'catkin_skip_building_tests': False, 'cmake_args': None, 'cmake_clean_cache': False, 'cmake_clean_first': False, 'cmake_force_configure': False, 'cmake_target': None, 'cmake_target_skip_unavailable': False, 'install_base': '/home/dev_pc/dev_ws/install/serial', 'merge_install': False, 'path': '/home/dev_pc/dev_ws/src/serial', 'symlink_install': True, 'test_result_base': None}
[0.506s] Level 5:colcon.colcon_core.verb:set package 'racecar_hw_interface' build argument 'cmake_args' from command line to 'None'
[0.506s] Level 5:colcon.colcon_core.verb:set package 'racecar_hw_interface' build argument 'cmake_target' from command line to 'None'
[0.506s] Level 5:colcon.colcon_core.verb:set package 'racecar_hw_interface' build argument 'cmake_target_skip_unavailable' from command line to 'False'
[0.506s] Level 5:colcon.colcon_core.verb:set package 'racecar_hw_interface' build argument 'cmake_clean_cache' from command line to 'False'
[0.506s] Level 5:colcon.colcon_core.verb:set package 'racecar_hw_interface' build argument 'cmake_clean_first' from command line to 'False'
[0.506s] Level 5:colcon.colcon_core.verb:set package 'racecar_hw_interface' build argument 'cmake_force_configure' from command line to 'False'
[0.506s] Level 5:colcon.colcon_core.verb:set package 'racecar_hw_interface' build argument 'ament_cmake_args' from command line to 'None'
[0.506s] Level 5:colcon.colcon_core.verb:set package 'racecar_hw_interface' build argument 'catkin_cmake_args' from command line to 'None'
[0.506s] Level 5:colcon.colcon_core.verb:set package 'racecar_hw_interface' build argument 'catkin_skip_building_tests' from command line to 'False'
[0.506s] DEBUG:colcon.colcon_core.verb:Building package 'racecar_hw_interface' with the following arguments: {'ament_cmake_args': None, 'build_base': '/home/dev_pc/dev_ws/build/racecar_hw_interface', 'catkin_cmake_args': None, 'catkin_skip_building_tests': False, 'cmake_args': None, 'cmake_clean_cache': False, 'cmake_clean_first': False, 'cmake_force_configure': False, 'cmake_target': None, 'cmake_target_skip_unavailable': False, 'install_base': '/home/dev_pc/dev_ws/install/racecar_hw_interface', 'merge_install': False, 'path': '/home/dev_pc/dev_ws/src/racecar_hw_interface', 'symlink_install': True, 'test_result_base': None}
[0.506s] INFO:colcon.colcon_core.executor:Executing jobs using 'parallel' executor
[0.507s] DEBUG:colcon.colcon_parallel_executor.executor.parallel:run_until_complete
[0.507s] INFO:colcon.colcon_ros.task.ament_cmake.build:Building ROS package in '/home/dev_pc/dev_ws/src/serial' with build type 'ament_cmake'
[0.507s] INFO:colcon.colcon_cmake.task.cmake.build:Building CMake package in '/home/dev_pc/dev_ws/src/serial'
[0.511s] INFO:colcon.colcon_core.plugin_system:Skipping extension 'colcon_core.shell.bat': Not used on non-Windows systems
[0.511s] INFO:colcon.colcon_core.shell:Skip shell extension 'powershell' for command environment: Not usable outside of PowerShell
[0.511s] DEBUG:colcon.colcon_core.shell:Skip shell extension 'dsv' for command environment
[0.515s] INFO:colcon.colcon_ros.task.ament_cmake.build:Building ROS package in '/home/dev_pc/dev_ws/src/racer_bot' with build type 'ament_cmake'
[0.515s] INFO:colcon.colcon_cmake.task.cmake.build:Building CMake package in '/home/dev_pc/dev_ws/src/racer_bot'
[0.516s] INFO:colcon.colcon_core.shell:Skip shell extension 'powershell' for command environment: Not usable outside of PowerShell
[0.516s] DEBUG:colcon.colcon_core.shell:Skip shell extension 'dsv' for command environment
[0.528s] DEBUG:colcon.colcon_core.event_handler.log_command:Invoking command in '/home/dev_pc/dev_ws/build/serial': CMAKE_PREFIX_PATH=/opt/ros/foxy /usr/bin/cmake --build /home/dev_pc/dev_ws/build/serial -- -j6 -l6
[0.532s] DEBUG:colcon.colcon_core.event_handler.log_command:Invoking command in '/home/dev_pc/dev_ws/build/racer_bot': CMAKE_PREFIX_PATH=/opt/ros/foxy /usr/bin/cmake --build /home/dev_pc/dev_ws/build/racer_bot -- -j6 -l6
[0.584s] DEBUG:colcon.colcon_core.event_handler.log_command:Invoked command in '/home/dev_pc/dev_ws/build/racer_bot' returned '0': CMAKE_PREFIX_PATH=/opt/ros/foxy /usr/bin/cmake --build /home/dev_pc/dev_ws/build/racer_bot -- -j6 -l6
[0.605s] DEBUG:colcon.colcon_core.event_handler.log_command:Invoking command in '/home/dev_pc/dev_ws/build/racer_bot': CMAKE_PREFIX_PATH=/opt/ros/foxy /usr/bin/cmake --install /home/dev_pc/dev_ws/build/racer_bot
[0.636s] Level 1:colcon.colcon_core.environment:create_environment_scripts_only(racer_bot)
[0.636s] DEBUG:colcon.colcon_core.event_handler.log_command:Invoked command in '/home/dev_pc/dev_ws/build/racer_bot' returned '0': CMAKE_PREFIX_PATH=/opt/ros/foxy /usr/bin/cmake --install /home/dev_pc/dev_ws/build/racer_bot
[0.641s] Level 1:colcon.colcon_core.environment:checking '/home/dev_pc/dev_ws/install/racer_bot' for CMake module files
[0.641s] Level 1:colcon.colcon_core.environment:checking '/home/dev_pc/dev_ws/install/racer_bot' for CMake config files
[0.641s] Level 1:colcon.colcon_core.shell:create_environment_hook('racer_bot', 'cmake_prefix_path')
[0.642s] INFO:colcon.colcon_core.shell:Creating environment hook '/home/dev_pc/dev_ws/install/racer_bot/share/racer_bot/hook/cmake_prefix_path.ps1'
[0.642s] INFO:colcon.colcon_core.shell:Creating environment descriptor '/home/dev_pc/dev_ws/install/racer_bot/share/racer_bot/hook/cmake_prefix_path.dsv'
[0.643s] INFO:colcon.colcon_core.shell:Creating environment hook '/home/dev_pc/dev_ws/install/racer_bot/share/racer_bot/hook/cmake_prefix_path.sh'
[0.644s] Level 1:colcon.colcon_core.environment:checking '/home/dev_pc/dev_ws/install/racer_bot/bin'
[0.644s] Level 1:colcon.colcon_core.environment:checking '/home/dev_pc/dev_ws/install/racer_bot/lib/pkgconfig/racer_bot.pc'
[0.644s] Level 1:colcon.colcon_core.environment:checking '/home/dev_pc/dev_ws/install/racer_bot/lib/python3.8/site-packages'
[0.644s] Level 1:colcon.colcon_core.environment:checking '/home/dev_pc/dev_ws/install/racer_bot/bin'
[0.645s] INFO:colcon.colcon_core.shell:Creating package script '/home/dev_pc/dev_ws/install/racer_bot/share/racer_bot/package.ps1'
[0.645s] INFO:colcon.colcon_core.shell:Creating package descriptor '/home/dev_pc/dev_ws/install/racer_bot/share/racer_bot/package.dsv'
[0.646s] INFO:colcon.colcon_core.shell:Creating package script '/home/dev_pc/dev_ws/install/racer_bot/share/racer_bot/package.sh'
[0.647s] INFO:colcon.colcon_core.shell:Creating package script '/home/dev_pc/dev_ws/install/racer_bot/share/racer_bot/package.bash'
[0.648s] INFO:colcon.colcon_core.shell:Creating package script '/home/dev_pc/dev_ws/install/racer_bot/share/racer_bot/package.zsh'
[0.648s] Level 1:colcon.colcon_core.environment:create_file_with_runtime_dependencies(/home/dev_pc/dev_ws/install/racer_bot/share/colcon-core/packages/racer_bot)
[0.649s] Level 1:colcon.colcon_core.environment:create_environment_scripts_only(racer_bot)
[0.649s] Level 1:colcon.colcon_core.environment:checking '/home/dev_pc/dev_ws/install/racer_bot' for CMake module files
[0.649s] Level 1:colcon.colcon_core.environment:checking '/home/dev_pc/dev_ws/install/racer_bot' for CMake config files
[0.650s] Level 1:colcon.colcon_core.shell:create_environment_hook('racer_bot', 'cmake_prefix_path')
[0.650s] INFO:colcon.colcon_core.shell:Creating environment hook '/home/dev_pc/dev_ws/install/racer_bot/share/racer_bot/hook/cmake_prefix_path.ps1'
[0.650s] INFO:colcon.colcon_core.shell:Creating environment descriptor '/home/dev_pc/dev_ws/install/racer_bot/share/racer_bot/hook/cmake_prefix_path.dsv'
[0.651s] INFO:colcon.colcon_core.shell:Creating environment hook '/home/dev_pc/dev_ws/install/racer_bot/share/racer_bot/hook/cmake_prefix_path.sh'
[0.651s] Level 1:colcon.colcon_core.environment:checking '/home/dev_pc/dev_ws/install/racer_bot/bin'
[0.651s] Level 1:colcon.colcon_core.environment:checking '/home/dev_pc/dev_ws/install/racer_bot/lib/pkgconfig/racer_bot.pc'
[0.651s] Level 1:colcon.colcon_core.environment:checking '/home/dev_pc/dev_ws/install/racer_bot/lib/python3.8/site-packages'
[0.651s] Level 1:colcon.colcon_core.environment:checking '/home/dev_pc/dev_ws/install/racer_bot/bin'
[0.652s] INFO:colcon.colcon_core.shell:Creating package script '/home/dev_pc/dev_ws/install/racer_bot/share/racer_bot/package.ps1'
[0.652s] INFO:colcon.colcon_core.shell:Creating package descriptor '/home/dev_pc/dev_ws/install/racer_bot/share/racer_bot/package.dsv'
[0.652s] INFO:colcon.colcon_core.shell:Creating package script '/home/dev_pc/dev_ws/install/racer_bot/share/racer_bot/package.sh'
[0.653s] INFO:colcon.colcon_core.shell:Creating package script '/home/dev_pc/dev_ws/install/racer_bot/share/racer_bot/package.bash'
[0.653s] INFO:colcon.colcon_core.shell:Creating package script '/home/dev_pc/dev_ws/install/racer_bot/share/racer_bot/package.zsh'
[0.653s] Level 1:colcon.colcon_core.environment:create_file_with_runtime_dependencies(/home/dev_pc/dev_ws/install/racer_bot/share/colcon-core/packages/racer_bot)
[0.655s] DEBUG:colcon.colcon_core.event_handler.log_command:Invoked command in '/home/dev_pc/dev_ws/build/serial' returned '0': CMAKE_PREFIX_PATH=/opt/ros/foxy /usr/bin/cmake --build /home/dev_pc/dev_ws/build/serial -- -j6 -l6
[0.657s] DEBUG:colcon.colcon_core.event_handler.log_command:Invoking command in '/home/dev_pc/dev_ws/build/serial': CMAKE_PREFIX_PATH=/opt/ros/foxy /usr/bin/cmake --install /home/dev_pc/dev_ws/build/serial
[0.683s] Level 1:colcon.colcon_core.environment:create_environment_scripts_only(serial)
[0.684s] Level 1:colcon.colcon_core.environment:checking '/home/dev_pc/dev_ws/install/serial' for CMake module files
[0.684s] DEBUG:colcon.colcon_core.event_handler.log_command:Invoked command in '/home/dev_pc/dev_ws/build/serial' returned '0': CMAKE_PREFIX_PATH=/opt/ros/foxy /usr/bin/cmake --install /home/dev_pc/dev_ws/build/serial
[0.684s] Level 1:colcon.colcon_core.environment:checking '/home/dev_pc/dev_ws/install/serial' for CMake config files
[0.685s] Level 1:colcon.colcon_core.shell:create_environment_hook('serial', 'cmake_prefix_path')
[0.685s] INFO:colcon.colcon_core.shell:Creating environment hook '/home/dev_pc/dev_ws/install/serial/share/serial/hook/cmake_prefix_path.ps1'
[0.685s] INFO:colcon.colcon_core.shell:Creating environment descriptor '/home/dev_pc/dev_ws/install/serial/share/serial/hook/cmake_prefix_path.dsv'
[0.686s] INFO:colcon.colcon_core.shell:Creating environment hook '/home/dev_pc/dev_ws/install/serial/share/serial/hook/cmake_prefix_path.sh'
[0.686s] Level 1:colcon.colcon_core.environment:checking '/home/dev_pc/dev_ws/install/serial/lib'
[0.686s] Level 1:colcon.colcon_core.environment:checking '/home/dev_pc/dev_ws/install/serial/bin'
[0.686s] Level 1:colcon.colcon_core.environment:checking '/home/dev_pc/dev_ws/install/serial/lib/pkgconfig/serial.pc'
[0.687s] Level 1:colcon.colcon_core.environment:checking '/home/dev_pc/dev_ws/install/serial/lib/python3.8/site-packages'
[0.687s] Level 1:colcon.colcon_core.environment:checking '/home/dev_pc/dev_ws/install/serial/bin'
[0.687s] INFO:colcon.colcon_core.shell:Creating package script '/home/dev_pc/dev_ws/install/serial/share/serial/package.ps1'
[0.688s] INFO:colcon.colcon_core.shell:Creating package descriptor '/home/dev_pc/dev_ws/install/serial/share/serial/package.dsv'
[0.688s] INFO:colcon.colcon_core.shell:Creating package script '/home/dev_pc/dev_ws/install/serial/share/serial/package.sh'
[0.688s] INFO:colcon.colcon_core.shell:Creating package script '/home/dev_pc/dev_ws/install/serial/share/serial/package.bash'
[0.689s] INFO:colcon.colcon_core.shell:Creating package script '/home/dev_pc/dev_ws/install/serial/share/serial/package.zsh'
[0.689s] Level 1:colcon.colcon_core.environment:create_file_with_runtime_dependencies(/home/dev_pc/dev_ws/install/serial/share/colcon-core/packages/serial)
[0.690s] Level 1:colcon.colcon_core.environment:create_environment_scripts_only(serial)
[0.690s] Level 1:colcon.colcon_core.environment:checking '/home/dev_pc/dev_ws/install/serial' for CMake module files
[0.690s] Level 1:colcon.colcon_core.environment:checking '/home/dev_pc/dev_ws/install/serial' for CMake config files
[0.690s] Level 1:colcon.colcon_core.shell:create_environment_hook('serial', 'cmake_prefix_path')
[0.691s] INFO:colcon.colcon_core.shell:Creating environment hook '/home/dev_pc/dev_ws/install/serial/share/serial/hook/cmake_prefix_path.ps1'
[0.691s] INFO:colcon.colcon_core.shell:Creating environment descriptor '/home/dev_pc/dev_ws/install/serial/share/serial/hook/cmake_prefix_path.dsv'
[0.691s] INFO:colcon.colcon_core.shell:Creating environment hook '/home/dev_pc/dev_ws/install/serial/share/serial/hook/cmake_prefix_path.sh'
[0.692s] Level 1:colcon.colcon_core.environment:checking '/home/dev_pc/dev_ws/install/serial/lib'
[0.692s] Level 1:colcon.colcon_core.environment:checking '/home/dev_pc/dev_ws/install/serial/bin'
[0.692s] Level 1:colcon.colcon_core.environment:checking '/home/dev_pc/dev_ws/install/serial/lib/pkgconfig/serial.pc'
[0.692s] Level 1:colcon.colcon_core.environment:checking '/home/dev_pc/dev_ws/install/serial/lib/python3.8/site-packages'
[0.692s] Level 1:colcon.colcon_core.environment:checking '/home/dev_pc/dev_ws/install/serial/bin'
[0.692s] INFO:colcon.colcon_core.shell:Creating package script '/home/dev_pc/dev_ws/install/serial/share/serial/package.ps1'
[0.693s] INFO:colcon.colcon_core.shell:Creating package descriptor '/home/dev_pc/dev_ws/install/serial/share/serial/package.dsv'
[0.693s] INFO:colcon.colcon_core.shell:Creating package script '/home/dev_pc/dev_ws/install/serial/share/serial/package.sh'
[0.693s] INFO:colcon.colcon_core.shell:Creating package script '/home/dev_pc/dev_ws/install/serial/share/serial/package.bash'
[0.694s] INFO:colcon.colcon_core.shell:Creating package script '/home/dev_pc/dev_ws/install/serial/share/serial/package.zsh'
[0.694s] Level 1:colcon.colcon_core.environment:create_file_with_runtime_dependencies(/home/dev_pc/dev_ws/install/serial/share/colcon-core/packages/serial)
[0.694s] INFO:colcon.colcon_ros.task.ament_cmake.build:Building ROS package in '/home/dev_pc/dev_ws/src/racecar_hw_interface' with build type 'ament_cmake'
[0.695s] INFO:colcon.colcon_cmake.task.cmake.build:Building CMake package in '/home/dev_pc/dev_ws/src/racecar_hw_interface'
[0.695s] INFO:colcon.colcon_core.shell:Skip shell extension 'powershell' for command environment: Not usable outside of PowerShell
[0.695s] DEBUG:colcon.colcon_core.shell:Skip shell extension 'dsv' for command environment
[0.706s] DEBUG:colcon.colcon_core.event_handler.log_command:Invoking command in '/home/dev_pc/dev_ws/build/racecar_hw_interface': AMENT_PREFIX_PATH=/home/dev_pc/dev_ws/install/serial:${AMENT_PREFIX_PATH} CMAKE_PREFIX_PATH=/home/dev_pc/dev_ws/install/serial:/opt/ros/foxy LD_LIBRARY_PATH=/home/dev_pc/dev_ws/install/serial/lib:${LD_LIBRARY_PATH} /usr/bin/cmake --build /home/dev_pc/dev_ws/build/racecar_hw_interface -- -j6 -l6
[0.747s] DEBUG:colcon.colcon_core.event_handler.log_command:Invoked command in '/home/dev_pc/dev_ws/build/racecar_hw_interface' returned '0': AMENT_PREFIX_PATH=/home/dev_pc/dev_ws/install/serial:${AMENT_PREFIX_PATH} CMAKE_PREFIX_PATH=/home/dev_pc/dev_ws/install/serial:/opt/ros/foxy LD_LIBRARY_PATH=/home/dev_pc/dev_ws/install/serial/lib:${LD_LIBRARY_PATH} /usr/bin/cmake --build /home/dev_pc/dev_ws/build/racecar_hw_interface -- -j6 -l6
[0.750s] DEBUG:colcon.colcon_core.event_handler.log_command:Invoking command in '/home/dev_pc/dev_ws/build/racecar_hw_interface': AMENT_PREFIX_PATH=/home/dev_pc/dev_ws/install/serial:${AMENT_PREFIX_PATH} CMAKE_PREFIX_PATH=/home/dev_pc/dev_ws/install/serial:/opt/ros/foxy LD_LIBRARY_PATH=/home/dev_pc/dev_ws/install/serial/lib:${LD_LIBRARY_PATH} /usr/bin/cmake --install /home/dev_pc/dev_ws/build/racecar_hw_interface
[0.775s] Level 1:colcon.colcon_core.environment:create_environment_scripts_only(racecar_hw_interface)
[0.776s] Level 1:colcon.colcon_core.environment:checking '/home/dev_pc/dev_ws/install/racecar_hw_interface' for CMake module files
[0.776s] DEBUG:colcon.colcon_core.event_handler.log_command:Invoked command in '/home/dev_pc/dev_ws/build/racecar_hw_interface' returned '0': AMENT_PREFIX_PATH=/home/dev_pc/dev_ws/install/serial:${AMENT_PREFIX_PATH} CMAKE_PREFIX_PATH=/home/dev_pc/dev_ws/install/serial:/opt/ros/foxy LD_LIBRARY_PATH=/home/dev_pc/dev_ws/install/serial/lib:${LD_LIBRARY_PATH} /usr/bin/cmake --install /home/dev_pc/dev_ws/build/racecar_hw_interface
[0.777s] Level 1:colcon.colcon_core.environment:checking '/home/dev_pc/dev_ws/install/racecar_hw_interface' for CMake config files
[0.777s] Level 1:colcon.colcon_core.shell:create_environment_hook('racecar_hw_interface', 'cmake_prefix_path')
[0.777s] INFO:colcon.colcon_core.shell:Creating environment hook '/home/dev_pc/dev_ws/install/racecar_hw_interface/share/racecar_hw_interface/hook/cmake_prefix_path.ps1'
[0.778s] INFO:colcon.colcon_core.shell:Creating environment descriptor '/home/dev_pc/dev_ws/install/racecar_hw_interface/share/racecar_hw_interface/hook/cmake_prefix_path.dsv'
[0.778s] INFO:colcon.colcon_core.shell:Creating environment hook '/home/dev_pc/dev_ws/install/racecar_hw_interface/share/racecar_hw_interface/hook/cmake_prefix_path.sh'
[0.778s] Level 1:colcon.colcon_core.environment:checking '/home/dev_pc/dev_ws/install/racecar_hw_interface/bin'
[0.779s] Level 1:colcon.colcon_core.environment:checking '/home/dev_pc/dev_ws/install/racecar_hw_interface/lib/pkgconfig/racecar_hw_interface.pc'
[0.779s] Level 1:colcon.colcon_core.environment:checking '/home/dev_pc/dev_ws/install/racecar_hw_interface/lib/python3.8/site-packages'
[0.779s] Level 1:colcon.colcon_core.environment:checking '/home/dev_pc/dev_ws/install/racecar_hw_interface/bin'
[0.779s] INFO:colcon.colcon_core.shell:Creating package script '/home/dev_pc/dev_ws/install/racecar_hw_interface/share/racecar_hw_interface/package.ps1'
[0.780s] INFO:colcon.colcon_core.shell:Creating package descriptor '/home/dev_pc/dev_ws/install/racecar_hw_interface/share/racecar_hw_interface/package.dsv'
[0.780s] INFO:colcon.colcon_core.shell:Creating package script '/home/dev_pc/dev_ws/install/racecar_hw_interface/share/racecar_hw_interface/package.sh'
[0.780s] INFO:colcon.colcon_core.shell:Creating package script '/home/dev_pc/dev_ws/install/racecar_hw_interface/share/racecar_hw_interface/package.bash'
[0.781s] INFO:colcon.colcon_core.shell:Creating package script '/home/dev_pc/dev_ws/install/racecar_hw_interface/share/racecar_hw_interface/package.zsh'
[0.781s] Level 1:colcon.colcon_core.environment:create_file_with_runtime_dependencies(/home/dev_pc/dev_ws/install/racecar_hw_interface/share/colcon-core/packages/racecar_hw_interface)
[0.782s] Level 1:colcon.colcon_core.environment:create_environment_scripts_only(racecar_hw_interface)
[0.782s] Level 1:colcon.colcon_core.environment:checking '/home/dev_pc/dev_ws/install/racecar_hw_interface' for CMake module files
[0.782s] Level 1:colcon.colcon_core.environment:checking '/home/dev_pc/dev_ws/install/racecar_hw_interface' for CMake config files
[0.782s] Level 1:colcon.colcon_core.shell:create_environment_hook('racecar_hw_interface', 'cmake_prefix_path')
[0.783s] INFO:colcon.colcon_core.shell:Creating environment hook '/home/dev_pc/dev_ws/install/racecar_hw_interface/share/racecar_hw_interface/hook/cmake_prefix_path.ps1'
[0.783s] INFO:colcon.colcon_core.shell:Creating environment descriptor '/home/dev_pc/dev_ws/install/racecar_hw_interface/share/racecar_hw_interface/hook/cmake_prefix_path.dsv'
[0.783s] INFO:colcon.colcon_core.shell:Creating environment hook '/home/dev_pc/dev_ws/install/racecar_hw_interface/share/racecar_hw_interface/hook/cmake_prefix_path.sh'
[0.784s] Level 1:colcon.colcon_core.environment:checking '/home/dev_pc/dev_ws/install/racecar_hw_interface/bin'
[0.784s] Level 1:colcon.colcon_core.environment:checking '/home/dev_pc/dev_ws/install/racecar_hw_interface/lib/pkgconfig/racecar_hw_interface.pc'
[0.784s] Level 1:colcon.colcon_core.environment:checking '/home/dev_pc/dev_ws/install/racecar_hw_interface/lib/python3.8/site-packages'
[0.784s] Level 1:colcon.colcon_core.environment:checking '/home/dev_pc/dev_ws/install/racecar_hw_interface/bin'
[0.784s] INFO:colcon.colcon_core.shell:Creating package script '/home/dev_pc/dev_ws/install/racecar_hw_interface/share/racecar_hw_interface/package.ps1'
[0.785s] INFO:colcon.colcon_core.shell:Creating package descriptor '/home/dev_pc/dev_ws/install/racecar_hw_interface/share/racecar_hw_interface/package.dsv'
[0.785s] INFO:colcon.colcon_core.shell:Creating package script '/home/dev_pc/dev_ws/install/racecar_hw_interface/share/racecar_hw_interface/package.sh'
[0.785s] INFO:colcon.colcon_core.shell:Creating package script '/home/dev_pc/dev_ws/install/racecar_hw_interface/share/racecar_hw_interface/package.bash'
[0.786s] INFO:colcon.colcon_core.shell:Creating package script '/home/dev_pc/dev_ws/install/racecar_hw_interface/share/racecar_hw_interface/package.zsh'
[0.786s] Level 1:colcon.colcon_core.environment:create_file_with_runtime_dependencies(/home/dev_pc/dev_ws/install/racecar_hw_interface/share/colcon-core/packages/racecar_hw_interface)
[0.786s] DEBUG:colcon.colcon_parallel_executor.executor.parallel:closing loop
[0.787s] DEBUG:colcon.colcon_parallel_executor.executor.parallel:loop closed
[0.787s] DEBUG:colcon.colcon_parallel_executor.executor.parallel:run_until_complete finished with '0'
[0.787s] DEBUG:colcon.colcon_core.event_reactor:joining thread
[0.793s] INFO:colcon.colcon_core.plugin_system:Skipping extension 'colcon_notification.desktop_notification.terminal_notifier': Not used on non-Darwin systems
[0.793s] INFO:colcon.colcon_core.plugin_system:Skipping extension 'colcon_notification.desktop_notification.win32': Not used on non-Windows systems
[0.793s] INFO:colcon.colcon_notification.desktop_notification:Sending desktop notification using 'notify2'
[0.809s] DEBUG:colcon.colcon_core.event_reactor:joined thread
[0.809s] INFO:colcon.colcon_core.shell:Creating prefix script '/home/dev_pc/dev_ws/install/local_setup.ps1'
[0.810s] INFO:colcon.colcon_core.shell:Creating prefix util module '/home/dev_pc/dev_ws/install/_local_setup_util_ps1.py'
[0.811s] INFO:colcon.colcon_core.shell:Creating prefix chain script '/home/dev_pc/dev_ws/install/setup.ps1'
[0.812s] INFO:colcon.colcon_core.shell:Creating prefix script '/home/dev_pc/dev_ws/install/local_setup.sh'
[0.813s] INFO:colcon.colcon_core.shell:Creating prefix util module '/home/dev_pc/dev_ws/install/_local_setup_util_sh.py'
[0.813s] INFO:colcon.colcon_core.shell:Creating prefix chain script '/home/dev_pc/dev_ws/install/setup.sh'
[0.814s] INFO:colcon.colcon_core.shell:Creating prefix script '/home/dev_pc/dev_ws/install/local_setup.bash'
[0.815s] INFO:colcon.colcon_core.shell:Creating prefix chain script '/home/dev_pc/dev_ws/install/setup.bash'
[0.816s] INFO:colcon.colcon_core.shell:Creating prefix script '/home/dev_pc/dev_ws/install/local_setup.zsh'
[0.816s] INFO:colcon.colcon_core.shell:Creating prefix chain script '/home/dev_pc/dev_ws/install/setup.zsh'
