[0.164s] DEBUG:colcon:Command line arguments: ['/usr/bin/colcon', 'build']
[0.164s] DEBUG:colcon:Parsed command line arguments: Namespace(allow_overriding=[], ament_cmake_args=None, base_paths=['.'], build_base='build', catkin_cmake_args=None, catkin_skip_building_tests=False, cmake_args=None, cmake_clean_cache=False, cmake_clean_first=False, cmake_force_configure=False, cmake_target=None, cmake_target_skip_unavailable=False, continue_on_error=False, event_handlers=None, executor='parallel', ignore_user_meta=False, install_base='install', log_base=None, log_level=None, main=<bound method BuildVerb.main of <colcon_core.verb.build.BuildVerb object at 0x7fdd4bba3b80>>, merge_install=False, metas=['./colcon.meta'], mixin=None, mixin_files=None, mixin_verb=('build',), packages_above=None, packages_above_and_dependencies=None, packages_above_depth=None, packages_end=None, packages_ignore=None, packages_ignore_regex=None, packages_select=None, packages_select_build_failed=False, packages_select_by_dep=None, packages_select_regex=None, packages_select_test_failures=False, packages_skip=None, packages_skip_build_finished=False, packages_skip_by_dep=None, packages_skip_regex=None, packages_skip_test_passed=False, packages_skip_up_to=None, packages_start=None, packages_up_to=None, packages_up_to_regex=None, parallel_workers=6, paths=None, symlink_install=False, test_result_base=None, verb_extension=<colcon_core.verb.build.BuildVerb object at 0x7fdd4bba3b80>, verb_name='build', verb_parser=<colcon_mixin.mixin.mixin_argument.MixinArgumentDecorator object at 0x7fdd4bbb20d0>)
[0.292s] Level 1:colcon.colcon_core.package_discovery:discover_packages(colcon_meta) check parameters
[0.292s] Level 1:colcon.colcon_core.package_discovery:discover_packages(recursive) check parameters
[0.292s] Level 1:colcon.colcon_core.package_discovery:discover_packages(ignore) check parameters
[0.292s] Level 1:colcon.colcon_core.package_discovery:discover_packages(path) check parameters
[0.292s] Level 1:colcon.colcon_core.package_discovery:discover_packages(colcon_meta) discover
[0.292s] Level 1:colcon.colcon_core.package_discovery:discover_packages(recursive) discover
[0.292s] INFO:colcon.colcon_core.package_discovery:Crawling recursively for packages in '/home/dev_pc/dev_ws'
[0.293s] Level 1:colcon.colcon_core.package_identification:_identify(.) by extensions ['ignore', 'ignore_ament_install']
[0.293s] Level 1:colcon.colcon_core.package_identification:_identify(.) by extension 'ignore'
[0.293s] Level 1:colcon.colcon_core.package_identification:_identify(.) by extension 'ignore_ament_install'
[0.293s] Level 1:colcon.colcon_core.package_identification:_identify(.) by extensions ['colcon_pkg']
[0.293s] Level 1:colcon.colcon_core.package_identification:_identify(.) by extension 'colcon_pkg'
[0.293s] Level 1:colcon.colcon_core.package_identification:_identify(.) by extensions ['colcon_meta']
[0.293s] Level 1:colcon.colcon_core.package_identification:_identify(.) by extension 'colcon_meta'
[0.293s] Level 1:colcon.colcon_core.package_identification:_identify(.) by extensions ['ros']
[0.293s] Level 1:colcon.colcon_core.package_identification:_identify(.) by extension 'ros'
[0.302s] Level 1:colcon.colcon_core.package_identification:_identify(.) by extensions ['cmake', 'python']
[0.302s] Level 1:colcon.colcon_core.package_identification:_identify(.) by extension 'cmake'
[0.302s] Level 1:colcon.colcon_core.package_identification:_identify(.) by extension 'python'
[0.302s] Level 1:colcon.colcon_core.package_identification:_identify(.) by extensions ['python_setup_py']
[0.302s] Level 1:colcon.colcon_core.package_identification:_identify(.) by extension 'python_setup_py'
[0.302s] Level 1:colcon.colcon_core.package_identification:_identify(build) by extensions ['ignore', 'ignore_ament_install']
[0.302s] Level 1:colcon.colcon_core.package_identification:_identify(build) by extension 'ignore'
[0.302s] Level 1:colcon.colcon_core.package_identification:_identify(build) ignored
[0.302s] Level 1:colcon.colcon_core.package_identification:_identify(install) by extensions ['ignore', 'ignore_ament_install']
[0.302s] Level 1:colcon.colcon_core.package_identification:_identify(install) by extension 'ignore'
[0.302s] Level 1:colcon.colcon_core.package_identification:_identify(install) ignored
[0.303s] Level 1:colcon.colcon_core.package_identification:_identify(log) by extensions ['ignore', 'ignore_ament_install']
[0.303s] Level 1:colcon.colcon_core.package_identification:_identify(log) by extension 'ignore'
[0.303s] Level 1:colcon.colcon_core.package_identification:_identify(log) ignored
[0.303s] Level 1:colcon.colcon_core.package_identification:_identify(src) by extensions ['ignore', 'ignore_ament_install']
[0.303s] Level 1:colcon.colcon_core.package_identification:_identify(src) by extension 'ignore'
[0.303s] Level 1:colcon.colcon_core.package_identification:_identify(src) by extension 'ignore_ament_install'
[0.303s] Level 1:colcon.colcon_core.package_identification:_identify(src) by extensions ['colcon_pkg']
[0.303s] Level 1:colcon.colcon_core.package_identification:_identify(src) by extension 'colcon_pkg'
[0.303s] Level 1:colcon.colcon_core.package_identification:_identify(src) by extensions ['colcon_meta']
[0.303s] Level 1:colcon.colcon_core.package_identification:_identify(src) by extension 'colcon_meta'
[0.303s] Level 1:colcon.colcon_core.package_identification:_identify(src) by extensions ['ros']
[0.303s] Level 1:colcon.colcon_core.package_identification:_identify(src) by extension 'ros'
[0.303s] Level 1:colcon.colcon_core.package_identification:_identify(src) by extensions ['cmake', 'python']
[0.303s] Level 1:colcon.colcon_core.package_identification:_identify(src) by extension 'cmake'
[0.303s] Level 1:colcon.colcon_core.package_identification:_identify(src) by extension 'python'
[0.303s] Level 1:colcon.colcon_core.package_identification:_identify(src) by extensions ['python_setup_py']
[0.303s] Level 1:colcon.colcon_core.package_identification:_identify(src) by extension 'python_setup_py'
[0.303s] Level 1:colcon.colcon_core.package_identification:_identify(src/racecar_hw_interface) by extensions ['ignore', 'ignore_ament_install']
[0.303s] Level 1:colcon.colcon_core.package_identification:_identify(src/racecar_hw_interface) by extension 'ignore'
[0.303s] Level 1:colcon.colcon_core.package_identification:_identify(src/racecar_hw_interface) by extension 'ignore_ament_install'
[0.303s] Level 1:colcon.colcon_core.package_identification:_identify(src/racecar_hw_interface) by extensions ['colcon_pkg']
[0.304s] Level 1:colcon.colcon_core.package_identification:_identify(src/racecar_hw_interface) by extension 'colcon_pkg'
[0.304s] Level 1:colcon.colcon_core.package_identification:_identify(src/racecar_hw_interface) by extensions ['colcon_meta']
[0.304s] Level 1:colcon.colcon_core.package_identification:_identify(src/racecar_hw_interface) by extension 'colcon_meta'
[0.304s] Level 1:colcon.colcon_core.package_identification:_identify(src/racecar_hw_interface) by extensions ['ros']
[0.304s] Level 1:colcon.colcon_core.package_identification:_identify(src/racecar_hw_interface) by extension 'ros'
[0.306s] DEBUG:colcon.colcon_core.package_identification:Package 'src/racecar_hw_interface' with type 'ros.ament_cmake' and name 'racecar_hw_interface'
[0.306s] Level 1:colcon.colcon_core.package_identification:_identify(src/racer_bot) by extensions ['ignore', 'ignore_ament_install']
[0.306s] Level 1:colcon.colcon_core.package_identification:_identify(src/racer_bot) by extension 'ignore'
[0.306s] Level 1:colcon.colcon_core.package_identification:_identify(src/racer_bot) by extension 'ignore_ament_install'
[0.306s] Level 1:colcon.colcon_core.package_identification:_identify(src/racer_bot) by extensions ['colcon_pkg']
[0.306s] Level 1:colcon.colcon_core.package_identification:_identify(src/racer_bot) by extension 'colcon_pkg'
[0.306s] Level 1:colcon.colcon_core.package_identification:_identify(src/racer_bot) by extensions ['colcon_meta']
[0.306s] Level 1:colcon.colcon_core.package_identification:_identify(src/racer_bot) by extension 'colcon_meta'
[0.306s] Level 1:colcon.colcon_core.package_identification:_identify(src/racer_bot) by extensions ['ros']
[0.306s] Level 1:colcon.colcon_core.package_identification:_identify(src/racer_bot) by extension 'ros'
[0.306s] DEBUG:colcon.colcon_core.package_identification:Package 'src/racer_bot' with type 'ros.ament_cmake' and name 'racer_bot'
[0.307s] Level 1:colcon.colcon_core.package_identification:_identify(src/transport_drivers) by extensions ['ignore', 'ignore_ament_install']
[0.307s] Level 1:colcon.colcon_core.package_identification:_identify(src/transport_drivers) by extension 'ignore'
[0.307s] Level 1:colcon.colcon_core.package_identification:_identify(src/transport_drivers) by extension 'ignore_ament_install'
[0.307s] Level 1:colcon.colcon_core.package_identification:_identify(src/transport_drivers) by extensions ['colcon_pkg']
[0.307s] Level 1:colcon.colcon_core.package_identification:_identify(src/transport_drivers) by extension 'colcon_pkg'
[0.307s] Level 1:colcon.colcon_core.package_identification:_identify(src/transport_drivers) by extensions ['colcon_meta']
[0.307s] Level 1:colcon.colcon_core.package_identification:_identify(src/transport_drivers) by extension 'colcon_meta'
[0.307s] Level 1:colcon.colcon_core.package_identification:_identify(src/transport_drivers) by extensions ['ros']
[0.307s] Level 1:colcon.colcon_core.package_identification:_identify(src/transport_drivers) by extension 'ros'
[0.307s] Level 1:colcon.colcon_core.package_identification:_identify(src/transport_drivers) by extensions ['cmake', 'python']
[0.307s] Level 1:colcon.colcon_core.package_identification:_identify(src/transport_drivers) by extension 'cmake'
[0.307s] Level 1:colcon.colcon_core.package_identification:_identify(src/transport_drivers) by extension 'python'
[0.307s] Level 1:colcon.colcon_core.package_identification:_identify(src/transport_drivers) by extensions ['python_setup_py']
[0.307s] Level 1:colcon.colcon_core.package_identification:_identify(src/transport_drivers) by extension 'python_setup_py'
[0.307s] Level 1:colcon.colcon_core.package_identification:_identify(src/transport_drivers/asio_cmake_module) by extensions ['ignore', 'ignore_ament_install']
[0.307s] Level 1:colcon.colcon_core.package_identification:_identify(src/transport_drivers/asio_cmake_module) by extension 'ignore'
[0.307s] Level 1:colcon.colcon_core.package_identification:_identify(src/transport_drivers/asio_cmake_module) by extension 'ignore_ament_install'
[0.307s] Level 1:colcon.colcon_core.package_identification:_identify(src/transport_drivers/asio_cmake_module) by extensions ['colcon_pkg']
[0.307s] Level 1:colcon.colcon_core.package_identification:_identify(src/transport_drivers/asio_cmake_module) by extension 'colcon_pkg'
[0.307s] Level 1:colcon.colcon_core.package_identification:_identify(src/transport_drivers/asio_cmake_module) by extensions ['colcon_meta']
[0.307s] Level 1:colcon.colcon_core.package_identification:_identify(src/transport_drivers/asio_cmake_module) by extension 'colcon_meta'
[0.307s] Level 1:colcon.colcon_core.package_identification:_identify(src/transport_drivers/asio_cmake_module) by extensions ['ros']
[0.308s] Level 1:colcon.colcon_core.package_identification:_identify(src/transport_drivers/asio_cmake_module) by extension 'ros'
[0.308s] DEBUG:colcon.colcon_core.package_identification:Package 'src/transport_drivers/asio_cmake_module' with type 'ros.ament_cmake' and name 'asio_cmake_module'
[0.308s] Level 1:colcon.colcon_core.package_identification:_identify(src/transport_drivers/io_context) by extensions ['ignore', 'ignore_ament_install']
[0.308s] Level 1:colcon.colcon_core.package_identification:_identify(src/transport_drivers/io_context) by extension 'ignore'
[0.308s] Level 1:colcon.colcon_core.package_identification:_identify(src/transport_drivers/io_context) by extension 'ignore_ament_install'
[0.308s] Level 1:colcon.colcon_core.package_identification:_identify(src/transport_drivers/io_context) by extensions ['colcon_pkg']
[0.308s] Level 1:colcon.colcon_core.package_identification:_identify(src/transport_drivers/io_context) by extension 'colcon_pkg'
[0.308s] Level 1:colcon.colcon_core.package_identification:_identify(src/transport_drivers/io_context) by extensions ['colcon_meta']
[0.308s] Level 1:colcon.colcon_core.package_identification:_identify(src/transport_drivers/io_context) by extension 'colcon_meta'
[0.308s] Level 1:colcon.colcon_core.package_identification:_identify(src/transport_drivers/io_context) by extensions ['ros']
[0.308s] Level 1:colcon.colcon_core.package_identification:_identify(src/transport_drivers/io_context) by extension 'ros'
[0.309s] DEBUG:colcon.colcon_core.package_identification:Package 'src/transport_drivers/io_context' with type 'ros.ament_cmake' and name 'io_context'
[0.309s] Level 1:colcon.colcon_core.package_identification:_identify(src/transport_drivers/serial_driver) by extensions ['ignore', 'ignore_ament_install']
[0.309s] Level 1:colcon.colcon_core.package_identification:_identify(src/transport_drivers/serial_driver) by extension 'ignore'
[0.309s] Level 1:colcon.colcon_core.package_identification:_identify(src/transport_drivers/serial_driver) by extension 'ignore_ament_install'
[0.309s] Level 1:colcon.colcon_core.package_identification:_identify(src/transport_drivers/serial_driver) by extensions ['colcon_pkg']
[0.309s] Level 1:colcon.colcon_core.package_identification:_identify(src/transport_drivers/serial_driver) by extension 'colcon_pkg'
[0.309s] Level 1:colcon.colcon_core.package_identification:_identify(src/transport_drivers/serial_driver) by extensions ['colcon_meta']
[0.309s] Level 1:colcon.colcon_core.package_identification:_identify(src/transport_drivers/serial_driver) by extension 'colcon_meta'
[0.309s] Level 1:colcon.colcon_core.package_identification:_identify(src/transport_drivers/serial_driver) by extensions ['ros']
[0.309s] Level 1:colcon.colcon_core.package_identification:_identify(src/transport_drivers/serial_driver) by extension 'ros'
[0.310s] DEBUG:colcon.colcon_core.package_identification:Package 'src/transport_drivers/serial_driver' with type 'ros.ament_cmake' and name 'serial_driver'
[0.310s] Level 1:colcon.colcon_core.package_identification:_identify(src/transport_drivers/udp_driver) by extensions ['ignore', 'ignore_ament_install']
[0.310s] Level 1:colcon.colcon_core.package_identification:_identify(src/transport_drivers/udp_driver) by extension 'ignore'
[0.310s] Level 1:colcon.colcon_core.package_identification:_identify(src/transport_drivers/udp_driver) by extension 'ignore_ament_install'
[0.311s] Level 1:colcon.colcon_core.package_identification:_identify(src/transport_drivers/udp_driver) by extensions ['colcon_pkg']
[0.311s] Level 1:colcon.colcon_core.package_identification:_identify(src/transport_drivers/udp_driver) by extension 'colcon_pkg'
[0.311s] Level 1:colcon.colcon_core.package_identification:_identify(src/transport_drivers/udp_driver) by extensions ['colcon_meta']
[0.311s] Level 1:colcon.colcon_core.package_identification:_identify(src/transport_drivers/udp_driver) by extension 'colcon_meta'
[0.311s] Level 1:colcon.colcon_core.package_identification:_identify(src/transport_drivers/udp_driver) by extensions ['ros']
[0.311s] Level 1:colcon.colcon_core.package_identification:_identify(src/transport_drivers/udp_driver) by extension 'ros'
[0.312s] DEBUG:colcon.colcon_core.package_identification:Package 'src/transport_drivers/udp_driver' with type 'ros.ament_cmake' and name 'udp_driver'
[0.312s] Level 1:colcon.colcon_core.package_discovery:discover_packages(recursive) using defaults
[0.312s] Level 1:colcon.colcon_core.package_discovery:discover_packages(ignore) discover
[0.312s] Level 1:colcon.colcon_core.package_discovery:discover_packages(ignore) using defaults
[0.312s] Level 1:colcon.colcon_core.package_discovery:discover_packages(path) discover
[0.312s] Level 1:colcon.colcon_core.package_discovery:discover_packages(path) using defaults
[0.325s] Level 1:colcon.colcon_core.package_discovery:discover_packages(prefix_path) check parameters
[0.325s] Level 1:colcon.colcon_core.package_discovery:discover_packages(prefix_path) discover
[0.326s] WARNING:colcon.colcon_core.prefix_path.colcon:The path '/home/dev_pc/dev_ws/src/install' in the environment variable COLCON_PREFIX_PATH doesn't exist
[0.326s] WARNING:colcon.colcon_ros.prefix_path.ament:The path '/home/dev_pc/dev_ws/src/install/serial' in the environment variable AMENT_PREFIX_PATH doesn't exist
[0.326s] WARNING:colcon.colcon_ros.prefix_path.ament:The path '/home/dev_pc/dev_ws/src/install/racer_bot' in the environment variable AMENT_PREFIX_PATH doesn't exist
[0.326s] WARNING:colcon.colcon_ros.prefix_path.ament:The path '/home/dev_pc/dev_ws/src/install/racecar_hw_interface' in the environment variable AMENT_PREFIX_PATH doesn't exist
[0.327s] WARNING:colcon.colcon_ros.prefix_path.catkin:The path '/home/dev_pc/dev_ws/src/install/serial' in the environment variable CMAKE_PREFIX_PATH doesn't exist
[0.327s] WARNING:colcon.colcon_ros.prefix_path.catkin:The path '/home/dev_pc/dev_ws/src/install/racer_bot' in the environment variable CMAKE_PREFIX_PATH doesn't exist
[0.327s] WARNING:colcon.colcon_ros.prefix_path.catkin:The path '/home/dev_pc/dev_ws/src/install/racecar_hw_interface' in the environment variable CMAKE_PREFIX_PATH doesn't exist
[0.327s] DEBUG:colcon.colcon_installed_package_information.package_discovery:Found 3 installed packages in /home/dev_pc/dev_ws/install
[0.328s] DEBUG:colcon.colcon_installed_package_information.package_discovery:Found 266 installed packages in /opt/ros/foxy
[0.336s] Level 1:colcon.colcon_core.package_discovery:discover_packages(prefix_path) using defaults
[0.389s] Level 5:colcon.colcon_core.verb:set package 'asio_cmake_module' build argument 'cmake_args' from command line to 'None'
[0.389s] Level 5:colcon.colcon_core.verb:set package 'asio_cmake_module' build argument 'cmake_target' from command line to 'None'
[0.389s] Level 5:colcon.colcon_core.verb:set package 'asio_cmake_module' build argument 'cmake_target_skip_unavailable' from command line to 'False'
[0.389s] Level 5:colcon.colcon_core.verb:set package 'asio_cmake_module' build argument 'cmake_clean_cache' from command line to 'False'
[0.389s] Level 5:colcon.colcon_core.verb:set package 'asio_cmake_module' build argument 'cmake_clean_first' from command line to 'False'
[0.389s] Level 5:colcon.colcon_core.verb:set package 'asio_cmake_module' build argument 'cmake_force_configure' from command line to 'False'
[0.389s] Level 5:colcon.colcon_core.verb:set package 'asio_cmake_module' build argument 'ament_cmake_args' from command line to 'None'
[0.389s] Level 5:colcon.colcon_core.verb:set package 'asio_cmake_module' build argument 'catkin_cmake_args' from command line to 'None'
[0.389s] Level 5:colcon.colcon_core.verb:set package 'asio_cmake_module' build argument 'catkin_skip_building_tests' from command line to 'False'
[0.389s] DEBUG:colcon.colcon_core.verb:Building package 'asio_cmake_module' with the following arguments: {'ament_cmake_args': None, 'build_base': '/home/dev_pc/dev_ws/build/asio_cmake_module', 'catkin_cmake_args': None, 'catkin_skip_building_tests': False, 'cmake_args': None, 'cmake_clean_cache': False, 'cmake_clean_first': False, 'cmake_force_configure': False, 'cmake_target': None, 'cmake_target_skip_unavailable': False, 'install_base': '/home/dev_pc/dev_ws/install/asio_cmake_module', 'merge_install': False, 'path': '/home/dev_pc/dev_ws/src/transport_drivers/asio_cmake_module', 'symlink_install': False, 'test_result_base': None}
[0.389s] Level 5:colcon.colcon_core.verb:set package 'racecar_hw_interface' build argument 'cmake_args' from command line to 'None'
[0.389s] Level 5:colcon.colcon_core.verb:set package 'racecar_hw_interface' build argument 'cmake_target' from command line to 'None'
[0.389s] Level 5:colcon.colcon_core.verb:set package 'racecar_hw_interface' build argument 'cmake_target_skip_unavailable' from command line to 'False'
[0.389s] Level 5:colcon.colcon_core.verb:set package 'racecar_hw_interface' build argument 'cmake_clean_cache' from command line to 'False'
[0.389s] Level 5:colcon.colcon_core.verb:set package 'racecar_hw_interface' build argument 'cmake_clean_first' from command line to 'False'
[0.389s] Level 5:colcon.colcon_core.verb:set package 'racecar_hw_interface' build argument 'cmake_force_configure' from command line to 'False'
[0.389s] Level 5:colcon.colcon_core.verb:set package 'racecar_hw_interface' build argument 'ament_cmake_args' from command line to 'None'
[0.389s] Level 5:colcon.colcon_core.verb:set package 'racecar_hw_interface' build argument 'catkin_cmake_args' from command line to 'None'
[0.389s] Level 5:colcon.colcon_core.verb:set package 'racecar_hw_interface' build argument 'catkin_skip_building_tests' from command line to 'False'
[0.389s] DEBUG:colcon.colcon_core.verb:Building package 'racecar_hw_interface' with the following arguments: {'ament_cmake_args': None, 'build_base': '/home/dev_pc/dev_ws/build/racecar_hw_interface', 'catkin_cmake_args': None, 'catkin_skip_building_tests': False, 'cmake_args': None, 'cmake_clean_cache': False, 'cmake_clean_first': False, 'cmake_force_configure': False, 'cmake_target': None, 'cmake_target_skip_unavailable': False, 'install_base': '/home/dev_pc/dev_ws/install/racecar_hw_interface', 'merge_install': False, 'path': '/home/dev_pc/dev_ws/src/racecar_hw_interface', 'symlink_install': False, 'test_result_base': None}
[0.390s] Level 5:colcon.colcon_core.verb:set package 'racer_bot' build argument 'cmake_args' from command line to 'None'
[0.390s] Level 5:colcon.colcon_core.verb:set package 'racer_bot' build argument 'cmake_target' from command line to 'None'
[0.390s] Level 5:colcon.colcon_core.verb:set package 'racer_bot' build argument 'cmake_target_skip_unavailable' from command line to 'False'
[0.390s] Level 5:colcon.colcon_core.verb:set package 'racer_bot' build argument 'cmake_clean_cache' from command line to 'False'
[0.390s] Level 5:colcon.colcon_core.verb:set package 'racer_bot' build argument 'cmake_clean_first' from command line to 'False'
[0.390s] Level 5:colcon.colcon_core.verb:set package 'racer_bot' build argument 'cmake_force_configure' from command line to 'False'
[0.390s] Level 5:colcon.colcon_core.verb:set package 'racer_bot' build argument 'ament_cmake_args' from command line to 'None'
[0.390s] Level 5:colcon.colcon_core.verb:set package 'racer_bot' build argument 'catkin_cmake_args' from command line to 'None'
[0.390s] Level 5:colcon.colcon_core.verb:set package 'racer_bot' build argument 'catkin_skip_building_tests' from command line to 'False'
[0.390s] DEBUG:colcon.colcon_core.verb:Building package 'racer_bot' with the following arguments: {'ament_cmake_args': None, 'build_base': '/home/dev_pc/dev_ws/build/racer_bot', 'catkin_cmake_args': None, 'catkin_skip_building_tests': False, 'cmake_args': None, 'cmake_clean_cache': False, 'cmake_clean_first': False, 'cmake_force_configure': False, 'cmake_target': None, 'cmake_target_skip_unavailable': False, 'install_base': '/home/dev_pc/dev_ws/install/racer_bot', 'merge_install': False, 'path': '/home/dev_pc/dev_ws/src/racer_bot', 'symlink_install': False, 'test_result_base': None}
[0.390s] Level 5:colcon.colcon_core.verb:set package 'io_context' build argument 'cmake_args' from command line to 'None'
[0.390s] Level 5:colcon.colcon_core.verb:set package 'io_context' build argument 'cmake_target' from command line to 'None'
[0.390s] Level 5:colcon.colcon_core.verb:set package 'io_context' build argument 'cmake_target_skip_unavailable' from command line to 'False'
[0.390s] Level 5:colcon.colcon_core.verb:set package 'io_context' build argument 'cmake_clean_cache' from command line to 'False'
[0.390s] Level 5:colcon.colcon_core.verb:set package 'io_context' build argument 'cmake_clean_first' from command line to 'False'
[0.390s] Level 5:colcon.colcon_core.verb:set package 'io_context' build argument 'cmake_force_configure' from command line to 'False'
[0.390s] Level 5:colcon.colcon_core.verb:set package 'io_context' build argument 'ament_cmake_args' from command line to 'None'
[0.390s] Level 5:colcon.colcon_core.verb:set package 'io_context' build argument 'catkin_cmake_args' from command line to 'None'
[0.390s] Level 5:colcon.colcon_core.verb:set package 'io_context' build argument 'catkin_skip_building_tests' from command line to 'False'
[0.390s] DEBUG:colcon.colcon_core.verb:Building package 'io_context' with the following arguments: {'ament_cmake_args': None, 'build_base': '/home/dev_pc/dev_ws/build/io_context', 'catkin_cmake_args': None, 'catkin_skip_building_tests': False, 'cmake_args': None, 'cmake_clean_cache': False, 'cmake_clean_first': False, 'cmake_force_configure': False, 'cmake_target': None, 'cmake_target_skip_unavailable': False, 'install_base': '/home/dev_pc/dev_ws/install/io_context', 'merge_install': False, 'path': '/home/dev_pc/dev_ws/src/transport_drivers/io_context', 'symlink_install': False, 'test_result_base': None}
[0.391s] Level 5:colcon.colcon_core.verb:set package 'serial_driver' build argument 'cmake_args' from command line to 'None'
[0.391s] Level 5:colcon.colcon_core.verb:set package 'serial_driver' build argument 'cmake_target' from command line to 'None'
[0.391s] Level 5:colcon.colcon_core.verb:set package 'serial_driver' build argument 'cmake_target_skip_unavailable' from command line to 'False'
[0.391s] Level 5:colcon.colcon_core.verb:set package 'serial_driver' build argument 'cmake_clean_cache' from command line to 'False'
[0.391s] Level 5:colcon.colcon_core.verb:set package 'serial_driver' build argument 'cmake_clean_first' from command line to 'False'
[0.391s] Level 5:colcon.colcon_core.verb:set package 'serial_driver' build argument 'cmake_force_configure' from command line to 'False'
[0.391s] Level 5:colcon.colcon_core.verb:set package 'serial_driver' build argument 'ament_cmake_args' from command line to 'None'
[0.391s] Level 5:colcon.colcon_core.verb:set package 'serial_driver' build argument 'catkin_cmake_args' from command line to 'None'
[0.391s] Level 5:colcon.colcon_core.verb:set package 'serial_driver' build argument 'catkin_skip_building_tests' from command line to 'False'
[0.391s] DEBUG:colcon.colcon_core.verb:Building package 'serial_driver' with the following arguments: {'ament_cmake_args': None, 'build_base': '/home/dev_pc/dev_ws/build/serial_driver', 'catkin_cmake_args': None, 'catkin_skip_building_tests': False, 'cmake_args': None, 'cmake_clean_cache': False, 'cmake_clean_first': False, 'cmake_force_configure': False, 'cmake_target': None, 'cmake_target_skip_unavailable': False, 'install_base': '/home/dev_pc/dev_ws/install/serial_driver', 'merge_install': False, 'path': '/home/dev_pc/dev_ws/src/transport_drivers/serial_driver', 'symlink_install': False, 'test_result_base': None}
[0.391s] Level 5:colcon.colcon_core.verb:set package 'udp_driver' build argument 'cmake_args' from command line to 'None'
[0.391s] Level 5:colcon.colcon_core.verb:set package 'udp_driver' build argument 'cmake_target' from command line to 'None'
[0.391s] Level 5:colcon.colcon_core.verb:set package 'udp_driver' build argument 'cmake_target_skip_unavailable' from command line to 'False'
[0.391s] Level 5:colcon.colcon_core.verb:set package 'udp_driver' build argument 'cmake_clean_cache' from command line to 'False'
[0.391s] Level 5:colcon.colcon_core.verb:set package 'udp_driver' build argument 'cmake_clean_first' from command line to 'False'
[0.391s] Level 5:colcon.colcon_core.verb:set package 'udp_driver' build argument 'cmake_force_configure' from command line to 'False'
[0.391s] Level 5:colcon.colcon_core.verb:set package 'udp_driver' build argument 'ament_cmake_args' from command line to 'None'
[0.391s] Level 5:colcon.colcon_core.verb:set package 'udp_driver' build argument 'catkin_cmake_args' from command line to 'None'
[0.391s] Level 5:colcon.colcon_core.verb:set package 'udp_driver' build argument 'catkin_skip_building_tests' from command line to 'False'
[0.391s] DEBUG:colcon.colcon_core.verb:Building package 'udp_driver' with the following arguments: {'ament_cmake_args': None, 'build_base': '/home/dev_pc/dev_ws/build/udp_driver', 'catkin_cmake_args': None, 'catkin_skip_building_tests': False, 'cmake_args': None, 'cmake_clean_cache': False, 'cmake_clean_first': False, 'cmake_force_configure': False, 'cmake_target': None, 'cmake_target_skip_unavailable': False, 'install_base': '/home/dev_pc/dev_ws/install/udp_driver', 'merge_install': False, 'path': '/home/dev_pc/dev_ws/src/transport_drivers/udp_driver', 'symlink_install': False, 'test_result_base': None}
[0.392s] INFO:colcon.colcon_core.executor:Executing jobs using 'parallel' executor
[0.392s] DEBUG:colcon.colcon_parallel_executor.executor.parallel:run_until_complete
[0.393s] INFO:colcon.colcon_ros.task.ament_cmake.build:Building ROS package in '/home/dev_pc/dev_ws/src/transport_drivers/asio_cmake_module' with build type 'ament_cmake'
[0.393s] INFO:colcon.colcon_cmake.task.cmake.build:Building CMake package in '/home/dev_pc/dev_ws/src/transport_drivers/asio_cmake_module'
[0.395s] INFO:colcon.colcon_core.plugin_system:Skipping extension 'colcon_core.shell.bat': Not used on non-Windows systems
[0.395s] INFO:colcon.colcon_core.shell:Skip shell extension 'powershell' for command environment: Not usable outside of PowerShell
[0.395s] DEBUG:colcon.colcon_core.shell:Skip shell extension 'dsv' for command environment
[0.399s] INFO:colcon.colcon_ros.task.ament_cmake.build:Building ROS package in '/home/dev_pc/dev_ws/src/racecar_hw_interface' with build type 'ament_cmake'
[0.399s] INFO:colcon.colcon_cmake.task.cmake.build:Building CMake package in '/home/dev_pc/dev_ws/src/racecar_hw_interface'
[0.399s] INFO:colcon.colcon_core.shell:Skip shell extension 'powershell' for command environment: Not usable outside of PowerShell
[0.399s] DEBUG:colcon.colcon_core.shell:Skip shell extension 'dsv' for command environment
[0.403s] INFO:colcon.colcon_ros.task.ament_cmake.build:Building ROS package in '/home/dev_pc/dev_ws/src/racer_bot' with build type 'ament_cmake'
[0.404s] INFO:colcon.colcon_cmake.task.cmake.build:Building CMake package in '/home/dev_pc/dev_ws/src/racer_bot'
[0.404s] INFO:colcon.colcon_core.shell:Skip shell extension 'powershell' for command environment: Not usable outside of PowerShell
[0.404s] DEBUG:colcon.colcon_core.shell:Skip shell extension 'dsv' for command environment
[0.414s] DEBUG:colcon.colcon_core.event_handler.log_command:Invoking command in '/home/dev_pc/dev_ws/build/asio_cmake_module': CMAKE_PREFIX_PATH=${CMAKE_PREFIX_PATH}:/opt/ros/foxy /usr/bin/cmake /home/dev_pc/dev_ws/src/transport_drivers/asio_cmake_module -DCMAKE_INSTALL_PREFIX=/home/dev_pc/dev_ws/install/asio_cmake_module
[0.420s] DEBUG:colcon.colcon_core.event_handler.log_command:Invoking command in '/home/dev_pc/dev_ws/build/racecar_hw_interface': CMAKE_PREFIX_PATH=${CMAKE_PREFIX_PATH}:/opt/ros/foxy /usr/bin/cmake --build /home/dev_pc/dev_ws/build/racecar_hw_interface -- -j6 -l6
[0.423s] DEBUG:colcon.colcon_core.event_handler.log_command:Invoking command in '/home/dev_pc/dev_ws/build/racer_bot': CMAKE_PREFIX_PATH=${CMAKE_PREFIX_PATH}:/opt/ros/foxy /usr/bin/cmake --build /home/dev_pc/dev_ws/build/racer_bot -- -j6 -l6
[0.459s] DEBUG:colcon.colcon_core.event_handler.log_command:Invoked command in '/home/dev_pc/dev_ws/build/racer_bot' returned '0': CMAKE_PREFIX_PATH=${CMAKE_PREFIX_PATH}:/opt/ros/foxy /usr/bin/cmake --build /home/dev_pc/dev_ws/build/racer_bot -- -j6 -l6
[0.471s] DEBUG:colcon.colcon_core.event_handler.log_command:Invoking command in '/home/dev_pc/dev_ws/build/racer_bot': CMAKE_PREFIX_PATH=${CMAKE_PREFIX_PATH}:/opt/ros/foxy /usr/bin/cmake --install /home/dev_pc/dev_ws/build/racer_bot
[0.481s] Level 1:colcon.colcon_core.environment:create_environment_scripts_only(racer_bot)
[0.482s] DEBUG:colcon.colcon_core.event_handler.log_command:Invoked command in '/home/dev_pc/dev_ws/build/racer_bot' returned '0': CMAKE_PREFIX_PATH=${CMAKE_PREFIX_PATH}:/opt/ros/foxy /usr/bin/cmake --install /home/dev_pc/dev_ws/build/racer_bot
[0.484s] Level 1:colcon.colcon_core.environment:checking '/home/dev_pc/dev_ws/install/racer_bot' for CMake module files
[0.484s] Level 1:colcon.colcon_core.environment:checking '/home/dev_pc/dev_ws/install/racer_bot' for CMake config files
[0.484s] Level 1:colcon.colcon_core.shell:create_environment_hook('racer_bot', 'cmake_prefix_path')
[0.485s] INFO:colcon.colcon_core.shell:Creating environment hook '/home/dev_pc/dev_ws/install/racer_bot/share/racer_bot/hook/cmake_prefix_path.ps1'
[0.485s] INFO:colcon.colcon_core.shell:Creating environment descriptor '/home/dev_pc/dev_ws/install/racer_bot/share/racer_bot/hook/cmake_prefix_path.dsv'
[0.486s] INFO:colcon.colcon_core.shell:Creating environment hook '/home/dev_pc/dev_ws/install/racer_bot/share/racer_bot/hook/cmake_prefix_path.sh'
[0.486s] Level 1:colcon.colcon_core.environment:checking '/home/dev_pc/dev_ws/install/racer_bot/bin'
[0.486s] Level 1:colcon.colcon_core.environment:checking '/home/dev_pc/dev_ws/install/racer_bot/lib/pkgconfig/racer_bot.pc'
[0.487s] Level 1:colcon.colcon_core.environment:checking '/home/dev_pc/dev_ws/install/racer_bot/lib/python3.8/site-packages'
[0.487s] Level 1:colcon.colcon_core.environment:checking '/home/dev_pc/dev_ws/install/racer_bot/bin'
[0.487s] INFO:colcon.colcon_core.shell:Creating package script '/home/dev_pc/dev_ws/install/racer_bot/share/racer_bot/package.ps1'
[0.488s] INFO:colcon.colcon_core.shell:Creating package descriptor '/home/dev_pc/dev_ws/install/racer_bot/share/racer_bot/package.dsv'
[0.488s] INFO:colcon.colcon_core.shell:Creating package script '/home/dev_pc/dev_ws/install/racer_bot/share/racer_bot/package.sh'
[0.489s] INFO:colcon.colcon_core.shell:Creating package script '/home/dev_pc/dev_ws/install/racer_bot/share/racer_bot/package.bash'
[0.489s] INFO:colcon.colcon_core.shell:Creating package script '/home/dev_pc/dev_ws/install/racer_bot/share/racer_bot/package.zsh'
[0.490s] Level 1:colcon.colcon_core.environment:create_file_with_runtime_dependencies(/home/dev_pc/dev_ws/install/racer_bot/share/colcon-core/packages/racer_bot)
[0.490s] Level 1:colcon.colcon_core.environment:create_environment_scripts_only(racer_bot)
[0.491s] Level 1:colcon.colcon_core.environment:checking '/home/dev_pc/dev_ws/install/racer_bot' for CMake module files
[0.491s] Level 1:colcon.colcon_core.environment:checking '/home/dev_pc/dev_ws/install/racer_bot' for CMake config files
[0.491s] Level 1:colcon.colcon_core.shell:create_environment_hook('racer_bot', 'cmake_prefix_path')
[0.491s] INFO:colcon.colcon_core.shell:Creating environment hook '/home/dev_pc/dev_ws/install/racer_bot/share/racer_bot/hook/cmake_prefix_path.ps1'
[0.492s] INFO:colcon.colcon_core.shell:Creating environment descriptor '/home/dev_pc/dev_ws/install/racer_bot/share/racer_bot/hook/cmake_prefix_path.dsv'
[0.492s] INFO:colcon.colcon_core.shell:Creating environment hook '/home/dev_pc/dev_ws/install/racer_bot/share/racer_bot/hook/cmake_prefix_path.sh'
[0.493s] Level 1:colcon.colcon_core.environment:checking '/home/dev_pc/dev_ws/install/racer_bot/bin'
[0.493s] Level 1:colcon.colcon_core.environment:checking '/home/dev_pc/dev_ws/install/racer_bot/lib/pkgconfig/racer_bot.pc'
[0.493s] Level 1:colcon.colcon_core.environment:checking '/home/dev_pc/dev_ws/install/racer_bot/lib/python3.8/site-packages'
[0.494s] Level 1:colcon.colcon_core.environment:checking '/home/dev_pc/dev_ws/install/racer_bot/bin'
[0.494s] INFO:colcon.colcon_core.shell:Creating package script '/home/dev_pc/dev_ws/install/racer_bot/share/racer_bot/package.ps1'
[0.494s] INFO:colcon.colcon_core.shell:Creating package descriptor '/home/dev_pc/dev_ws/install/racer_bot/share/racer_bot/package.dsv'
[0.495s] INFO:colcon.colcon_core.shell:Creating package script '/home/dev_pc/dev_ws/install/racer_bot/share/racer_bot/package.sh'
[0.495s] INFO:colcon.colcon_core.shell:Creating package script '/home/dev_pc/dev_ws/install/racer_bot/share/racer_bot/package.bash'
[0.495s] INFO:colcon.colcon_core.shell:Creating package script '/home/dev_pc/dev_ws/install/racer_bot/share/racer_bot/package.zsh'
[0.496s] Level 1:colcon.colcon_core.environment:create_file_with_runtime_dependencies(/home/dev_pc/dev_ws/install/racer_bot/share/colcon-core/packages/racer_bot)
[1.029s] DEBUG:colcon.colcon_core.event_handler.log_command:Invoked command in '/home/dev_pc/dev_ws/build/racecar_hw_interface' returned '0': CMAKE_PREFIX_PATH=${CMAKE_PREFIX_PATH}:/opt/ros/foxy /usr/bin/cmake --build /home/dev_pc/dev_ws/build/racecar_hw_interface -- -j6 -l6
[1.031s] DEBUG:colcon.colcon_core.event_handler.log_command:Invoking command in '/home/dev_pc/dev_ws/build/racecar_hw_interface': CMAKE_PREFIX_PATH=${CMAKE_PREFIX_PATH}:/opt/ros/foxy /usr/bin/cmake --install /home/dev_pc/dev_ws/build/racecar_hw_interface
[1.042s] Level 1:colcon.colcon_core.environment:create_environment_scripts_only(racecar_hw_interface)
[1.042s] Level 1:colcon.colcon_core.environment:checking '/home/dev_pc/dev_ws/install/racecar_hw_interface' for CMake module files
[1.042s] DEBUG:colcon.colcon_core.event_handler.log_command:Invoked command in '/home/dev_pc/dev_ws/build/racecar_hw_interface' returned '0': CMAKE_PREFIX_PATH=${CMAKE_PREFIX_PATH}:/opt/ros/foxy /usr/bin/cmake --install /home/dev_pc/dev_ws/build/racecar_hw_interface
[1.043s] Level 1:colcon.colcon_core.environment:checking '/home/dev_pc/dev_ws/install/racecar_hw_interface' for CMake config files
[1.043s] Level 1:colcon.colcon_core.shell:create_environment_hook('racecar_hw_interface', 'cmake_prefix_path')
[1.043s] INFO:colcon.colcon_core.shell:Creating environment hook '/home/dev_pc/dev_ws/install/racecar_hw_interface/share/racecar_hw_interface/hook/cmake_prefix_path.ps1'
[1.044s] INFO:colcon.colcon_core.shell:Creating environment descriptor '/home/dev_pc/dev_ws/install/racecar_hw_interface/share/racecar_hw_interface/hook/cmake_prefix_path.dsv'
[1.044s] INFO:colcon.colcon_core.shell:Creating environment hook '/home/dev_pc/dev_ws/install/racecar_hw_interface/share/racecar_hw_interface/hook/cmake_prefix_path.sh'
[1.044s] Level 1:colcon.colcon_core.environment:checking '/home/dev_pc/dev_ws/install/racecar_hw_interface/bin'
[1.044s] Level 1:colcon.colcon_core.environment:checking '/home/dev_pc/dev_ws/install/racecar_hw_interface/lib/pkgconfig/racecar_hw_interface.pc'
[1.045s] Level 1:colcon.colcon_core.environment:checking '/home/dev_pc/dev_ws/install/racecar_hw_interface/lib/python3.8/site-packages'
[1.045s] Level 1:colcon.colcon_core.environment:checking '/home/dev_pc/dev_ws/install/racecar_hw_interface/bin'
[1.045s] INFO:colcon.colcon_core.shell:Creating package script '/home/dev_pc/dev_ws/install/racecar_hw_interface/share/racecar_hw_interface/package.ps1'
[1.045s] INFO:colcon.colcon_core.shell:Creating package descriptor '/home/dev_pc/dev_ws/install/racecar_hw_interface/share/racecar_hw_interface/package.dsv'
[1.046s] INFO:colcon.colcon_core.shell:Creating package script '/home/dev_pc/dev_ws/install/racecar_hw_interface/share/racecar_hw_interface/package.sh'
[1.046s] INFO:colcon.colcon_core.shell:Creating package script '/home/dev_pc/dev_ws/install/racecar_hw_interface/share/racecar_hw_interface/package.bash'
[1.046s] INFO:colcon.colcon_core.shell:Creating package script '/home/dev_pc/dev_ws/install/racecar_hw_interface/share/racecar_hw_interface/package.zsh'
[1.046s] Level 1:colcon.colcon_core.environment:create_file_with_runtime_dependencies(/home/dev_pc/dev_ws/install/racecar_hw_interface/share/colcon-core/packages/racecar_hw_interface)
[1.047s] Level 1:colcon.colcon_core.environment:create_environment_scripts_only(racecar_hw_interface)
[1.047s] Level 1:colcon.colcon_core.environment:checking '/home/dev_pc/dev_ws/install/racecar_hw_interface' for CMake module files
[1.047s] Level 1:colcon.colcon_core.environment:checking '/home/dev_pc/dev_ws/install/racecar_hw_interface' for CMake config files
[1.048s] Level 1:colcon.colcon_core.shell:create_environment_hook('racecar_hw_interface', 'cmake_prefix_path')
[1.048s] INFO:colcon.colcon_core.shell:Creating environment hook '/home/dev_pc/dev_ws/install/racecar_hw_interface/share/racecar_hw_interface/hook/cmake_prefix_path.ps1'
[1.048s] INFO:colcon.colcon_core.shell:Creating environment descriptor '/home/dev_pc/dev_ws/install/racecar_hw_interface/share/racecar_hw_interface/hook/cmake_prefix_path.dsv'
[1.048s] INFO:colcon.colcon_core.shell:Creating environment hook '/home/dev_pc/dev_ws/install/racecar_hw_interface/share/racecar_hw_interface/hook/cmake_prefix_path.sh'
[1.049s] Level 1:colcon.colcon_core.environment:checking '/home/dev_pc/dev_ws/install/racecar_hw_interface/bin'
[1.049s] Level 1:colcon.colcon_core.environment:checking '/home/dev_pc/dev_ws/install/racecar_hw_interface/lib/pkgconfig/racecar_hw_interface.pc'
[1.049s] Level 1:colcon.colcon_core.environment:checking '/home/dev_pc/dev_ws/install/racecar_hw_interface/lib/python3.8/site-packages'
[1.049s] Level 1:colcon.colcon_core.environment:checking '/home/dev_pc/dev_ws/install/racecar_hw_interface/bin'
[1.049s] INFO:colcon.colcon_core.shell:Creating package script '/home/dev_pc/dev_ws/install/racecar_hw_interface/share/racecar_hw_interface/package.ps1'
[1.050s] INFO:colcon.colcon_core.shell:Creating package descriptor '/home/dev_pc/dev_ws/install/racecar_hw_interface/share/racecar_hw_interface/package.dsv'
[1.050s] INFO:colcon.colcon_core.shell:Creating package script '/home/dev_pc/dev_ws/install/racecar_hw_interface/share/racecar_hw_interface/package.sh'
[1.050s] INFO:colcon.colcon_core.shell:Creating package script '/home/dev_pc/dev_ws/install/racecar_hw_interface/share/racecar_hw_interface/package.bash'
[1.051s] INFO:colcon.colcon_core.shell:Creating package script '/home/dev_pc/dev_ws/install/racecar_hw_interface/share/racecar_hw_interface/package.zsh'
[1.051s] Level 1:colcon.colcon_core.environment:create_file_with_runtime_dependencies(/home/dev_pc/dev_ws/install/racecar_hw_interface/share/colcon-core/packages/racecar_hw_interface)
[1.061s] DEBUG:colcon.colcon_core.event_handler.log_command:Invoked command in '/home/dev_pc/dev_ws/build/asio_cmake_module' returned '0': CMAKE_PREFIX_PATH=${CMAKE_PREFIX_PATH}:/opt/ros/foxy /usr/bin/cmake /home/dev_pc/dev_ws/src/transport_drivers/asio_cmake_module -DCMAKE_INSTALL_PREFIX=/home/dev_pc/dev_ws/install/asio_cmake_module
[1.063s] DEBUG:colcon.colcon_core.event_handler.log_command:Invoking command in '/home/dev_pc/dev_ws/build/asio_cmake_module': CMAKE_PREFIX_PATH=${CMAKE_PREFIX_PATH}:/opt/ros/foxy /usr/bin/cmake --build /home/dev_pc/dev_ws/build/asio_cmake_module -- -j6 -l6
[1.097s] DEBUG:colcon.colcon_core.event_handler.log_command:Invoked command in '/home/dev_pc/dev_ws/build/asio_cmake_module' returned '0': CMAKE_PREFIX_PATH=${CMAKE_PREFIX_PATH}:/opt/ros/foxy /usr/bin/cmake --build /home/dev_pc/dev_ws/build/asio_cmake_module -- -j6 -l6
[1.099s] DEBUG:colcon.colcon_core.event_handler.log_command:Invoking command in '/home/dev_pc/dev_ws/build/asio_cmake_module': CMAKE_PREFIX_PATH=${CMAKE_PREFIX_PATH}:/opt/ros/foxy /usr/bin/cmake --install /home/dev_pc/dev_ws/build/asio_cmake_module
[1.110s] Level 1:colcon.colcon_core.environment:create_environment_scripts_only(asio_cmake_module)
[1.110s] DEBUG:colcon.colcon_core.event_handler.log_command:Invoked command in '/home/dev_pc/dev_ws/build/asio_cmake_module' returned '0': CMAKE_PREFIX_PATH=${CMAKE_PREFIX_PATH}:/opt/ros/foxy /usr/bin/cmake --install /home/dev_pc/dev_ws/build/asio_cmake_module
[1.110s] Level 1:colcon.colcon_core.environment:checking '/home/dev_pc/dev_ws/install/asio_cmake_module' for CMake module files
[1.111s] Level 1:colcon.colcon_core.environment:checking '/home/dev_pc/dev_ws/install/asio_cmake_module' for CMake config files
[1.111s] Level 1:colcon.colcon_core.shell:create_environment_hook('asio_cmake_module', 'cmake_prefix_path')
[1.111s] INFO:colcon.colcon_core.shell:Creating environment hook '/home/dev_pc/dev_ws/install/asio_cmake_module/share/asio_cmake_module/hook/cmake_prefix_path.ps1'
[1.112s] INFO:colcon.colcon_core.shell:Creating environment descriptor '/home/dev_pc/dev_ws/install/asio_cmake_module/share/asio_cmake_module/hook/cmake_prefix_path.dsv'
[1.112s] INFO:colcon.colcon_core.shell:Creating environment hook '/home/dev_pc/dev_ws/install/asio_cmake_module/share/asio_cmake_module/hook/cmake_prefix_path.sh'
[1.112s] Level 1:colcon.colcon_core.environment:checking '/home/dev_pc/dev_ws/install/asio_cmake_module/bin'
[1.112s] Level 1:colcon.colcon_core.environment:checking '/home/dev_pc/dev_ws/install/asio_cmake_module/lib/pkgconfig/asio_cmake_module.pc'
[1.113s] Level 1:colcon.colcon_core.environment:checking '/home/dev_pc/dev_ws/install/asio_cmake_module/lib/python3.8/site-packages'
[1.113s] Level 1:colcon.colcon_core.environment:checking '/home/dev_pc/dev_ws/install/asio_cmake_module/bin'
[1.113s] INFO:colcon.colcon_core.shell:Creating package script '/home/dev_pc/dev_ws/install/asio_cmake_module/share/asio_cmake_module/package.ps1'
[1.113s] INFO:colcon.colcon_core.shell:Creating package descriptor '/home/dev_pc/dev_ws/install/asio_cmake_module/share/asio_cmake_module/package.dsv'
[1.114s] INFO:colcon.colcon_core.shell:Creating package script '/home/dev_pc/dev_ws/install/asio_cmake_module/share/asio_cmake_module/package.sh'
[1.114s] INFO:colcon.colcon_core.shell:Creating package script '/home/dev_pc/dev_ws/install/asio_cmake_module/share/asio_cmake_module/package.bash'
[1.114s] INFO:colcon.colcon_core.shell:Creating package script '/home/dev_pc/dev_ws/install/asio_cmake_module/share/asio_cmake_module/package.zsh'
[1.115s] Level 1:colcon.colcon_core.environment:create_file_with_runtime_dependencies(/home/dev_pc/dev_ws/install/asio_cmake_module/share/colcon-core/packages/asio_cmake_module)
[1.115s] Level 1:colcon.colcon_core.environment:create_environment_scripts_only(asio_cmake_module)
[1.115s] Level 1:colcon.colcon_core.environment:checking '/home/dev_pc/dev_ws/install/asio_cmake_module' for CMake module files
[1.116s] Level 1:colcon.colcon_core.environment:checking '/home/dev_pc/dev_ws/install/asio_cmake_module' for CMake config files
[1.116s] Level 1:colcon.colcon_core.shell:create_environment_hook('asio_cmake_module', 'cmake_prefix_path')
[1.116s] INFO:colcon.colcon_core.shell:Creating environment hook '/home/dev_pc/dev_ws/install/asio_cmake_module/share/asio_cmake_module/hook/cmake_prefix_path.ps1'
[1.116s] INFO:colcon.colcon_core.shell:Creating environment descriptor '/home/dev_pc/dev_ws/install/asio_cmake_module/share/asio_cmake_module/hook/cmake_prefix_path.dsv'
[1.116s] INFO:colcon.colcon_core.shell:Creating environment hook '/home/dev_pc/dev_ws/install/asio_cmake_module/share/asio_cmake_module/hook/cmake_prefix_path.sh'
[1.117s] Level 1:colcon.colcon_core.environment:checking '/home/dev_pc/dev_ws/install/asio_cmake_module/bin'
[1.117s] Level 1:colcon.colcon_core.environment:checking '/home/dev_pc/dev_ws/install/asio_cmake_module/lib/pkgconfig/asio_cmake_module.pc'
[1.117s] Level 1:colcon.colcon_core.environment:checking '/home/dev_pc/dev_ws/install/asio_cmake_module/lib/python3.8/site-packages'
[1.117s] Level 1:colcon.colcon_core.environment:checking '/home/dev_pc/dev_ws/install/asio_cmake_module/bin'
[1.117s] INFO:colcon.colcon_core.shell:Creating package script '/home/dev_pc/dev_ws/install/asio_cmake_module/share/asio_cmake_module/package.ps1'
[1.118s] INFO:colcon.colcon_core.shell:Creating package descriptor '/home/dev_pc/dev_ws/install/asio_cmake_module/share/asio_cmake_module/package.dsv'
[1.118s] INFO:colcon.colcon_core.shell:Creating package script '/home/dev_pc/dev_ws/install/asio_cmake_module/share/asio_cmake_module/package.sh'
[1.119s] INFO:colcon.colcon_core.shell:Creating package script '/home/dev_pc/dev_ws/install/asio_cmake_module/share/asio_cmake_module/package.bash'
[1.119s] INFO:colcon.colcon_core.shell:Creating package script '/home/dev_pc/dev_ws/install/asio_cmake_module/share/asio_cmake_module/package.zsh'
[1.119s] Level 1:colcon.colcon_core.environment:create_file_with_runtime_dependencies(/home/dev_pc/dev_ws/install/asio_cmake_module/share/colcon-core/packages/asio_cmake_module)
[1.119s] INFO:colcon.colcon_ros.task.ament_cmake.build:Building ROS package in '/home/dev_pc/dev_ws/src/transport_drivers/io_context' with build type 'ament_cmake'
[1.120s] INFO:colcon.colcon_cmake.task.cmake.build:Building CMake package in '/home/dev_pc/dev_ws/src/transport_drivers/io_context'
[1.120s] INFO:colcon.colcon_core.shell:Skip shell extension 'powershell' for command environment: Not usable outside of PowerShell
[1.120s] DEBUG:colcon.colcon_core.shell:Skip shell extension 'dsv' for command environment
[1.129s] DEBUG:colcon.colcon_core.event_handler.log_command:Invoking command in '/home/dev_pc/dev_ws/build/io_context': AMENT_PREFIX_PATH=/home/dev_pc/dev_ws/install/asio_cmake_module:${AMENT_PREFIX_PATH} CMAKE_PREFIX_PATH=/home/dev_pc/dev_ws/install/asio_cmake_module:/home/dev_pc/dev_ws/install/serial:/home/dev_pc/dev_ws/install/racer_bot:/home/dev_pc/dev_ws/install/racecar_hw_interface:/home/dev_pc/dev_ws/src/install/serial:/home/dev_pc/dev_ws/src/install/racer_bot:/home/dev_pc/dev_ws/src/install/racecar_hw_interface:/opt/ros/foxy /usr/bin/cmake /home/dev_pc/dev_ws/src/transport_drivers/io_context -DCMAKE_INSTALL_PREFIX=/home/dev_pc/dev_ws/install/io_context
[2.554s] DEBUG:colcon.colcon_core.event_handler.log_command:Invoked command in '/home/dev_pc/dev_ws/build/io_context' returned '1': AMENT_PREFIX_PATH=/home/dev_pc/dev_ws/install/asio_cmake_module:${AMENT_PREFIX_PATH} CMAKE_PREFIX_PATH=/home/dev_pc/dev_ws/install/asio_cmake_module:/home/dev_pc/dev_ws/install/serial:/home/dev_pc/dev_ws/install/racer_bot:/home/dev_pc/dev_ws/install/racecar_hw_interface:/home/dev_pc/dev_ws/src/install/serial:/home/dev_pc/dev_ws/src/install/racer_bot:/home/dev_pc/dev_ws/src/install/racecar_hw_interface:/opt/ros/foxy /usr/bin/cmake /home/dev_pc/dev_ws/src/transport_drivers/io_context -DCMAKE_INSTALL_PREFIX=/home/dev_pc/dev_ws/install/io_context
[2.566s] Level 1:colcon.colcon_core.environment:create_environment_scripts_only(io_context)
[2.566s] Level 1:colcon.colcon_core.environment:checking '/home/dev_pc/dev_ws/install/io_context' for CMake module files
[2.566s] Level 1:colcon.colcon_core.environment:checking '/home/dev_pc/dev_ws/install/io_context' for CMake config files
[2.567s] Level 1:colcon.colcon_core.environment:checking '/home/dev_pc/dev_ws/install/io_context/bin'
[2.567s] Level 1:colcon.colcon_core.environment:checking '/home/dev_pc/dev_ws/install/io_context/lib/pkgconfig/io_context.pc'
[2.567s] Level 1:colcon.colcon_core.environment:checking '/home/dev_pc/dev_ws/install/io_context/lib/python3.8/site-packages'
[2.567s] Level 1:colcon.colcon_core.environment:checking '/home/dev_pc/dev_ws/install/io_context/bin'
[2.567s] INFO:colcon.colcon_core.shell:Creating package script '/home/dev_pc/dev_ws/install/io_context/share/io_context/package.ps1'
[2.568s] INFO:colcon.colcon_core.shell:Creating package descriptor '/home/dev_pc/dev_ws/install/io_context/share/io_context/package.dsv'
[2.568s] INFO:colcon.colcon_core.shell:Creating package script '/home/dev_pc/dev_ws/install/io_context/share/io_context/package.sh'
[2.568s] INFO:colcon.colcon_core.shell:Creating package script '/home/dev_pc/dev_ws/install/io_context/share/io_context/package.bash'
[2.569s] INFO:colcon.colcon_core.shell:Creating package script '/home/dev_pc/dev_ws/install/io_context/share/io_context/package.zsh'
[2.569s] Level 1:colcon.colcon_core.environment:create_file_with_runtime_dependencies(/home/dev_pc/dev_ws/install/io_context/share/colcon-core/packages/io_context)
[2.579s] DEBUG:colcon.colcon_parallel_executor.executor.parallel:closing loop
[2.579s] DEBUG:colcon.colcon_parallel_executor.executor.parallel:loop closed
[2.579s] DEBUG:colcon.colcon_parallel_executor.executor.parallel:run_until_complete finished with '1'
[2.580s] DEBUG:colcon.colcon_core.event_reactor:joining thread
[2.585s] INFO:colcon.colcon_core.plugin_system:Skipping extension 'colcon_notification.desktop_notification.terminal_notifier': Not used on non-Darwin systems
[2.586s] INFO:colcon.colcon_core.plugin_system:Skipping extension 'colcon_notification.desktop_notification.win32': Not used on non-Windows systems
[2.586s] INFO:colcon.colcon_notification.desktop_notification:Sending desktop notification using 'notify2'
[2.602s] DEBUG:colcon.colcon_core.event_reactor:joined thread
[2.602s] INFO:colcon.colcon_core.shell:Creating prefix script '/home/dev_pc/dev_ws/install/local_setup.ps1'
[2.604s] INFO:colcon.colcon_core.shell:Creating prefix util module '/home/dev_pc/dev_ws/install/_local_setup_util_ps1.py'
[2.605s] INFO:colcon.colcon_core.shell:Creating prefix chain script '/home/dev_pc/dev_ws/install/setup.ps1'
[2.606s] INFO:colcon.colcon_core.shell:Creating prefix script '/home/dev_pc/dev_ws/install/local_setup.sh'
[2.607s] INFO:colcon.colcon_core.shell:Creating prefix util module '/home/dev_pc/dev_ws/install/_local_setup_util_sh.py'
[2.607s] INFO:colcon.colcon_core.shell:Creating prefix chain script '/home/dev_pc/dev_ws/install/setup.sh'
[2.609s] INFO:colcon.colcon_core.shell:Creating prefix script '/home/dev_pc/dev_ws/install/local_setup.bash'
[2.609s] INFO:colcon.colcon_core.shell:Creating prefix chain script '/home/dev_pc/dev_ws/install/setup.bash'
[2.610s] INFO:colcon.colcon_core.shell:Creating prefix script '/home/dev_pc/dev_ws/install/local_setup.zsh'
[2.611s] INFO:colcon.colcon_core.shell:Creating prefix chain script '/home/dev_pc/dev_ws/install/setup.zsh'
