[0.016s] Invoking command in '/home/dev_pc/dev_ws/build/serial': CMAKE_PREFIX_PATH=${CMAKE_PREFIX_PATH}:/opt/ros/foxy /usr/bin/cmake --build /home/dev_pc/dev_ws/build/serial -- -j6 -l6
[0.062s] [ 35%] Built target gtest_main
[0.062s] [ 42%] Built target serial
[0.062s] [ 57%] Built target gtest
[0.082s] [ 71%] Built target serial-test-timer
[0.082s] [ 85%] Built target serial-test
[0.084s] [100%] Built target serial_example
[0.108s] Invoked command in '/home/dev_pc/dev_ws/build/serial' returned '0': CMAKE_PREFIX_PATH=${CMAKE_PREFIX_PATH}:/opt/ros/foxy /usr/bin/cmake --build /home/dev_pc/dev_ws/build/serial -- -j6 -l6
[0.110s] Invoking command in '/home/dev_pc/dev_ws/build/serial': CMAKE_PREFIX_PATH=${CMAKE_PREFIX_PATH}:/opt/ros/foxy /usr/bin/cmake --install /home/dev_pc/dev_ws/build/serial
[0.118s] -- Install configuration: ""
[0.118s] -- Execute custom install script
[0.118s] -- Up-to-date symlink: /home/dev_pc/dev_ws/install/serial/include/serial/serial.h
[0.118s] -- Up-to-date symlink: /home/dev_pc/dev_ws/install/serial/include/serial/v8stdint.h
[0.119s] -- Up-to-date symlink: /home/dev_pc/dev_ws/install/serial/share/serial/environment/library_path.sh
[0.119s] -- Up-to-date symlink: /home/dev_pc/dev_ws/install/serial/share/serial/environment/library_path.dsv
[0.119s] -- Up-to-date symlink: /home/dev_pc/dev_ws/install/serial/share/ament_index/resource_index/package_run_dependencies/serial
[0.119s] -- Up-to-date symlink: /home/dev_pc/dev_ws/install/serial/share/ament_index/resource_index/parent_prefix_path/serial
[0.119s] -- Up-to-date symlink: /home/dev_pc/dev_ws/install/serial/share/serial/environment/ament_prefix_path.sh
[0.120s] -- Up-to-date symlink: /home/dev_pc/dev_ws/install/serial/share/serial/environment/ament_prefix_path.dsv
[0.120s] -- Up-to-date symlink: /home/dev_pc/dev_ws/install/serial/share/serial/environment/path.sh
[0.120s] -- Up-to-date symlink: /home/dev_pc/dev_ws/install/serial/share/serial/environment/path.dsv
[0.120s] -- Up-to-date symlink: /home/dev_pc/dev_ws/install/serial/share/serial/local_setup.bash
[0.121s] -- Up-to-date symlink: /home/dev_pc/dev_ws/install/serial/share/serial/local_setup.sh
[0.121s] -- Up-to-date symlink: /home/dev_pc/dev_ws/install/serial/share/serial/local_setup.zsh
[0.121s] -- Up-to-date symlink: /home/dev_pc/dev_ws/install/serial/share/serial/local_setup.dsv
[0.121s] -- Symlinking: /home/dev_pc/dev_ws/install/serial/share/serial/package.dsv
[0.130s] -- Up-to-date symlink: /home/dev_pc/dev_ws/install/serial/share/ament_index/resource_index/packages/serial
[0.130s] -- Up-to-date symlink: /home/dev_pc/dev_ws/install/serial/share/serial/cmake/ament_cmake_export_include_directories-extras.cmake
[0.130s] -- Up-to-date symlink: /home/dev_pc/dev_ws/install/serial/share/serial/cmake/ament_cmake_export_libraries-extras.cmake
[0.130s] -- Up-to-date symlink: /home/dev_pc/dev_ws/install/serial/share/serial/cmake/serialConfig.cmake
[0.131s] -- Up-to-date symlink: /home/dev_pc/dev_ws/install/serial/share/serial/cmake/serialConfig-version.cmake
[0.131s] -- Up-to-date symlink: /home/dev_pc/dev_ws/install/serial/share/serial/package.xml
[0.131s] -- Up-to-date: /home/dev_pc/dev_ws/install/serial/lib/libserial.a
[0.133s] Invoked command in '/home/dev_pc/dev_ws/build/serial' returned '0': CMAKE_PREFIX_PATH=${CMAKE_PREFIX_PATH}:/opt/ros/foxy /usr/bin/cmake --install /home/dev_pc/dev_ws/build/serial
