-- The C compiler identification is GNU 9.4.0
-- The CXX compiler identification is GNU 9.4.0
-- Check for working C compiler: /usr/bin/cc
-- Check for working C compiler: /usr/bin/cc -- works
-- Detecting C compiler ABI info
-- Detecting C compiler ABI info - done
-- Detecting C compile features
-- Detecting C compile features - done
-- Check for working CXX compiler: /usr/bin/c++
-- Check for working CXX compiler: /usr/bin/c++ -- works
-- Detecting CXX compiler ABI info
-- Detecting CXX compiler ABI info - done
-- Detecting CXX compile features
-- Detecting CXX compile features - done
-- Found ament_cmake: 0.9.12 (/opt/ros/foxy/share/ament_cmake/cmake)
-- Found PythonInterp: /usr/bin/python3 (found suitable version "3.8.10", minimum required is "3") 
-- Using PYTHON_EXECUTABLE: /usr/bin/python3
-- Found ament_lint_auto: 0.9.8 (/opt/ros/foxy/share/ament_lint_auto/cmake)
-- Added test 'copyright' to check source files copyright and LICENSE
-- Added test 'flake8' to check Python code syntax and style conventions
-- Added test 'lint_cmake' to check CMake code style
-- Added test 'pep257' to check Python code against some of the style conventions in PEP 257
-- Added test 'xmllint' to check XML markup files
-- Configuring done
-- Generating done
-- Build files have been written to: /home/dev_pc/dev_ws/build/racer_bot
-- Install configuration: ""
-- Installing: /home/dev_pc/dev_ws/install/racer_bot/share/racer_bot/config
-- Installing: /home/dev_pc/dev_ws/install/racer_bot/share/racer_bot/config/empty.yaml
-- Installing: /home/dev_pc/dev_ws/install/racer_bot/share/racer_bot/description
-- Installing: /home/dev_pc/dev_ws/install/racer_bot/share/racer_bot/description/inertial_macros.xacro
-- Installing: /home/dev_pc/dev_ws/install/racer_bot/share/racer_bot/description/robot.urdf.xacro
-- Installing: /home/dev_pc/dev_ws/install/racer_bot/share/racer_bot/description/robot_core.xacro
-- Installing: /home/dev_pc/dev_ws/install/racer_bot/share/racer_bot/description/gazebo_control.xacro
-- Installing: /home/dev_pc/dev_ws/install/racer_bot/share/racer_bot/launch
-- Installing: /home/dev_pc/dev_ws/install/racer_bot/share/racer_bot/launch/rsp.launch.py
-- Installing: /home/dev_pc/dev_ws/install/racer_bot/share/racer_bot/launch/launch_sim.launch.py
-- Installing: /home/dev_pc/dev_ws/install/racer_bot/share/racer_bot/worlds
-- Installing: /home/dev_pc/dev_ws/install/racer_bot/share/racer_bot/worlds/empty.world
-- Installing: /home/dev_pc/dev_ws/install/racer_bot/share/ament_index/resource_index/package_run_dependencies/racer_bot
-- Installing: /home/dev_pc/dev_ws/install/racer_bot/share/ament_index/resource_index/parent_prefix_path/racer_bot
-- Installing: /home/dev_pc/dev_ws/install/racer_bot/share/racer_bot/environment/ament_prefix_path.sh
-- Installing: /home/dev_pc/dev_ws/install/racer_bot/share/racer_bot/environment/ament_prefix_path.dsv
-- Installing: /home/dev_pc/dev_ws/install/racer_bot/share/racer_bot/environment/path.sh
-- Installing: /home/dev_pc/dev_ws/install/racer_bot/share/racer_bot/environment/path.dsv
-- Installing: /home/dev_pc/dev_ws/install/racer_bot/share/racer_bot/local_setup.bash
-- Installing: /home/dev_pc/dev_ws/install/racer_bot/share/racer_bot/local_setup.sh
-- Installing: /home/dev_pc/dev_ws/install/racer_bot/share/racer_bot/local_setup.zsh
-- Installing: /home/dev_pc/dev_ws/install/racer_bot/share/racer_bot/local_setup.dsv
-- Installing: /home/dev_pc/dev_ws/install/racer_bot/share/racer_bot/package.dsv
-- Installing: /home/dev_pc/dev_ws/install/racer_bot/share/ament_index/resource_index/packages/racer_bot
-- Installing: /home/dev_pc/dev_ws/install/racer_bot/share/racer_bot/cmake/racer_botConfig.cmake
-- Installing: /home/dev_pc/dev_ws/install/racer_bot/share/racer_bot/cmake/racer_botConfig-version.cmake
-- Installing: /home/dev_pc/dev_ws/install/racer_bot/share/racer_bot/package.xml
