[0.015s] Invoking command in '/home/dev_pc/dev_ws/build/racer_bot': CMAKE_PREFIX_PATH=${CMAKE_PREFIX_PATH}:/opt/ros/foxy /usr/bin/cmake /home/dev_pc/dev_ws/src/racer_bot -DCMAKE_INSTALL_PREFIX=/home/dev_pc/dev_ws/install/racer_bot
[0.061s] -- The C compiler identification is GNU 9.4.0
[0.107s] -- The CXX compiler identification is GNU 9.4.0
[0.111s] -- Check for working C compiler: /usr/bin/cc
[0.170s] -- Check for working C compiler: /usr/bin/cc -- works
[0.170s] -- Detecting C compiler ABI info
[0.230s] -- Detecting C compiler ABI info - done
[0.239s] -- Detecting C compile features
[0.239s] -- Detecting C compile features - done
[0.241s] -- Check for working CXX compiler: /usr/bin/c++
[0.309s] -- Check for working CXX compiler: /usr/bin/c++ -- works
[0.310s] -- Detecting CXX compiler ABI info
[0.378s] -- Detecting CXX compiler ABI info - done
[0.388s] -- Detecting CXX compile features
[0.389s] -- Detecting CXX compile features - done
[0.391s] -- Found ament_cmake: 0.9.12 (/opt/ros/foxy/share/ament_cmake/cmake)
[0.410s] -- Found PythonInterp: /usr/bin/python3 (found suitable version "3.8.10", minimum required is "3") 
[0.410s] -- Using PYTHON_EXECUTABLE: /usr/bin/python3
[0.580s] -- Found ament_lint_auto: 0.9.8 (/opt/ros/foxy/share/ament_lint_auto/cmake)
[0.640s] -- Added test 'copyright' to check source files copyright and LICENSE
[0.646s] -- Added test 'flake8' to check Python code syntax and style conventions
[0.647s] -- Added test 'lint_cmake' to check CMake code style
[0.648s] -- Added test 'pep257' to check Python code against some of the style conventions in PEP 257
[0.651s] -- Added test 'xmllint' to check XML markup files
[0.653s] -- Configuring done
[0.654s] -- Generating done
[0.656s] -- Build files have been written to: /home/dev_pc/dev_ws/build/racer_bot
[0.659s] Invoked command in '/home/dev_pc/dev_ws/build/racer_bot' returned '0': CMAKE_PREFIX_PATH=${CMAKE_PREFIX_PATH}:/opt/ros/foxy /usr/bin/cmake /home/dev_pc/dev_ws/src/racer_bot -DCMAKE_INSTALL_PREFIX=/home/dev_pc/dev_ws/install/racer_bot
[0.661s] Invoking command in '/home/dev_pc/dev_ws/build/racer_bot': CMAKE_PREFIX_PATH=${CMAKE_PREFIX_PATH}:/opt/ros/foxy /usr/bin/cmake --build /home/dev_pc/dev_ws/build/racer_bot -- -j6 -l6
[0.695s] Invoked command in '/home/dev_pc/dev_ws/build/racer_bot' returned '0': CMAKE_PREFIX_PATH=${CMAKE_PREFIX_PATH}:/opt/ros/foxy /usr/bin/cmake --build /home/dev_pc/dev_ws/build/racer_bot -- -j6 -l6
[0.706s] Invoking command in '/home/dev_pc/dev_ws/build/racer_bot': CMAKE_PREFIX_PATH=${CMAKE_PREFIX_PATH}:/opt/ros/foxy /usr/bin/cmake --install /home/dev_pc/dev_ws/build/racer_bot
[0.713s] -- Install configuration: ""
[0.714s] -- Installing: /home/dev_pc/dev_ws/install/racer_bot/share/racer_bot/config
[0.714s] -- Installing: /home/dev_pc/dev_ws/install/racer_bot/share/racer_bot/config/empty.yaml
[0.714s] -- Installing: /home/dev_pc/dev_ws/install/racer_bot/share/racer_bot/description
[0.714s] -- Installing: /home/dev_pc/dev_ws/install/racer_bot/share/racer_bot/description/inertial_macros.xacro
[0.714s] -- Installing: /home/dev_pc/dev_ws/install/racer_bot/share/racer_bot/description/robot.urdf.xacro
[0.714s] -- Installing: /home/dev_pc/dev_ws/install/racer_bot/share/racer_bot/description/robot_core.xacro
[0.714s] -- Installing: /home/dev_pc/dev_ws/install/racer_bot/share/racer_bot/description/gazebo_control.xacro
[0.714s] -- Installing: /home/dev_pc/dev_ws/install/racer_bot/share/racer_bot/launch
[0.714s] -- Installing: /home/dev_pc/dev_ws/install/racer_bot/share/racer_bot/launch/rsp.launch.py
[0.714s] -- Installing: /home/dev_pc/dev_ws/install/racer_bot/share/racer_bot/launch/launch_sim.launch.py
[0.714s] -- Installing: /home/dev_pc/dev_ws/install/racer_bot/share/racer_bot/worlds
[0.714s] -- Installing: /home/dev_pc/dev_ws/install/racer_bot/share/racer_bot/worlds/empty.world
[0.714s] -- Installing: /home/dev_pc/dev_ws/install/racer_bot/share/ament_index/resource_index/package_run_dependencies/racer_bot
[0.715s] -- Installing: /home/dev_pc/dev_ws/install/racer_bot/share/ament_index/resource_index/parent_prefix_path/racer_bot
[0.715s] -- Installing: /home/dev_pc/dev_ws/install/racer_bot/share/racer_bot/environment/ament_prefix_path.sh
[0.715s] -- Installing: /home/dev_pc/dev_ws/install/racer_bot/share/racer_bot/environment/ament_prefix_path.dsv
[0.715s] -- Installing: /home/dev_pc/dev_ws/install/racer_bot/share/racer_bot/environment/path.sh
[0.715s] -- Installing: /home/dev_pc/dev_ws/install/racer_bot/share/racer_bot/environment/path.dsv
[0.715s] -- Installing: /home/dev_pc/dev_ws/install/racer_bot/share/racer_bot/local_setup.bash
[0.715s] -- Installing: /home/dev_pc/dev_ws/install/racer_bot/share/racer_bot/local_setup.sh
[0.715s] -- Installing: /home/dev_pc/dev_ws/install/racer_bot/share/racer_bot/local_setup.zsh
[0.716s] -- Installing: /home/dev_pc/dev_ws/install/racer_bot/share/racer_bot/local_setup.dsv
[0.716s] -- Installing: /home/dev_pc/dev_ws/install/racer_bot/share/racer_bot/package.dsv
[0.716s] -- Installing: /home/dev_pc/dev_ws/install/racer_bot/share/ament_index/resource_index/packages/racer_bot
[0.716s] -- Installing: /home/dev_pc/dev_ws/install/racer_bot/share/racer_bot/cmake/racer_botConfig.cmake
[0.716s] -- Installing: /home/dev_pc/dev_ws/install/racer_bot/share/racer_bot/cmake/racer_botConfig-version.cmake
[0.716s] -- Installing: /home/dev_pc/dev_ws/install/racer_bot/share/racer_bot/package.xml
[0.718s] Invoked command in '/home/dev_pc/dev_ws/build/racer_bot' returned '0': CMAKE_PREFIX_PATH=${CMAKE_PREFIX_PATH}:/opt/ros/foxy /usr/bin/cmake --install /home/dev_pc/dev_ws/build/racer_bot
