[0.017s] Invoking command in '/home/dev_pc/dev_ws/build/serial': CMAKE_PREFIX_PATH=${CMAKE_PREFIX_PATH}:/opt/ros/foxy /usr/bin/cmake --build /home/dev_pc/dev_ws/build/serial -- -j6 -l6
[0.039s] -- Found ament_cmake: 0.9.12 (/opt/ros/foxy/share/ament_cmake/cmake)
[0.059s] -- Using PYTHON_EXECUTABLE: /usr/bin/python3
[0.214s] -- Found ament_cmake_gtest: 0.9.12 (/opt/ros/foxy/share/ament_cmake_gtest/cmake)
[0.218s] -- Found gtest sources under '/opt/ros/foxy/src/gtest_vendor': C++ tests using 'Google Test' will be built
[0.270s] -- Configuring done
[0.279s] -- Generating done
[0.282s] -- Build files have been written to: /home/dev_pc/dev_ws/build/serial
[0.311s] [ 50%] Built target gtest
[0.311s] [ 57%] Built target gtest_main
[0.311s] [ 57%] Built target serial
[0.331s] [100%] Built target serial-test-timer
[0.331s] [100%] Built target serial_example
[0.331s] [100%] Built target serial-test
[0.341s] Invoked command in '/home/dev_pc/dev_ws/build/serial' returned '0': CMAKE_PREFIX_PATH=${CMAKE_PREFIX_PATH}:/opt/ros/foxy /usr/bin/cmake --build /home/dev_pc/dev_ws/build/serial -- -j6 -l6
[0.343s] Invoking command in '/home/dev_pc/dev_ws/build/serial': CMAKE_PREFIX_PATH=${CMAKE_PREFIX_PATH}:/opt/ros/foxy /usr/bin/cmake --install /home/dev_pc/dev_ws/build/serial
[0.351s] -- Install configuration: ""
[0.351s] -- Up-to-date: /home/dev_pc/dev_ws/install/serial/lib/libserial.a
[0.351s] -- Up-to-date: /home/dev_pc/dev_ws/install/serial/include/serial/serial.h
[0.351s] -- Up-to-date: /home/dev_pc/dev_ws/install/serial/include/serial/v8stdint.h
[0.351s] -- Up-to-date: /home/dev_pc/dev_ws/install/serial/share/serial/environment/library_path.sh
[0.351s] -- Installing: /home/dev_pc/dev_ws/install/serial/share/serial/environment/library_path.dsv
[0.351s] -- Up-to-date: /home/dev_pc/dev_ws/install/serial/share/ament_index/resource_index/package_run_dependencies/serial
[0.351s] -- Up-to-date: /home/dev_pc/dev_ws/install/serial/share/ament_index/resource_index/parent_prefix_path/serial
[0.351s] -- Up-to-date: /home/dev_pc/dev_ws/install/serial/share/serial/environment/ament_prefix_path.sh
[0.351s] -- Installing: /home/dev_pc/dev_ws/install/serial/share/serial/environment/ament_prefix_path.dsv
[0.352s] -- Up-to-date: /home/dev_pc/dev_ws/install/serial/share/serial/environment/path.sh
[0.352s] -- Installing: /home/dev_pc/dev_ws/install/serial/share/serial/environment/path.dsv
[0.352s] -- Up-to-date: /home/dev_pc/dev_ws/install/serial/share/serial/local_setup.bash
[0.352s] -- Up-to-date: /home/dev_pc/dev_ws/install/serial/share/serial/local_setup.sh
[0.352s] -- Up-to-date: /home/dev_pc/dev_ws/install/serial/share/serial/local_setup.zsh
[0.352s] -- Installing: /home/dev_pc/dev_ws/install/serial/share/serial/local_setup.dsv
[0.352s] -- Installing: /home/dev_pc/dev_ws/install/serial/share/serial/package.dsv
[0.352s] -- Up-to-date: /home/dev_pc/dev_ws/install/serial/share/ament_index/resource_index/packages/serial
[0.352s] -- Up-to-date: /home/dev_pc/dev_ws/install/serial/share/serial/cmake/ament_cmake_export_include_directories-extras.cmake
[0.352s] -- Up-to-date: /home/dev_pc/dev_ws/install/serial/share/serial/cmake/ament_cmake_export_libraries-extras.cmake
[0.352s] -- Up-to-date: /home/dev_pc/dev_ws/install/serial/share/serial/cmake/serialConfig.cmake
[0.352s] -- Up-to-date: /home/dev_pc/dev_ws/install/serial/share/serial/cmake/serialConfig-version.cmake
[0.352s] -- Up-to-date: /home/dev_pc/dev_ws/install/serial/share/serial/package.xml
[0.354s] Invoked command in '/home/dev_pc/dev_ws/build/serial' returned '0': CMAKE_PREFIX_PATH=${CMAKE_PREFIX_PATH}:/opt/ros/foxy /usr/bin/cmake --install /home/dev_pc/dev_ws/build/serial
