-- Found ament_cmake_auto: 0.9.12 (/opt/ros/foxy/share/ament_cmake_auto/cmake)
-- Using PYTHON_EXECUTABLE: /usr/bin/python3
-- Using all available rosidl_typesupport_c: rosidl_typesupport_fastrtps_c;rosidl_typesupport_introspection_c
-- Found rosidl_adapter: 1.3.1 (/opt/ros/foxy/share/rosidl_adapter/cmake)
-- Using all available rosidl_typesupport_cpp: rosidl_typesupport_fastrtps_cpp;rosidl_typesupport_introspection_cpp
-- Found rmw_implementation_cmake: 1.0.4 (/opt/ros/foxy/share/rmw_implementation_cmake/cmake)
-- Using RMW implementation 'rmw_fastrtps_cpp' as default
-- Found ament_lint_auto: 0.9.8 (/opt/ros/foxy/share/ament_lint_auto/cmake)
-- Found gtest sources under '/opt/ros/foxy/src/gtest_vendor': C++ tests using 'Google Test' will be built
-- Added test 'copyright' to check source files copyright and LICENSE
-- Added test 'cppcheck' to perform static code analysis on C / C++ code
-- Configured cppcheck include dirs: /home/dev_pc/dev_ws/src/transport_drivers/io_context/include
-- Configured cppcheck exclude dirs and/or files: 
-- Added test 'cpplint' to check C / C++ code against the Google style
-- Configured cpplint exclude dirs and/or files: 
-- Added test 'lint_cmake' to check CMake code style
-- Added test 'uncrustify' to check C / C++ code style
-- Configured uncrustify additional arguments: 
-- Added test 'xmllint' to check XML markup files
-- Configuring done
-- Generating done
-- Build files have been written to: /home/dev_pc/dev_ws/build/io_context
[35m[1mScanning dependencies of target gtest[0m
[35m[1mScanning dependencies of target gtest_main[0m
[35m[1mScanning dependencies of target io_context[0m
[ 11%] [32mBuilding CXX object gtest/CMakeFiles/gtest_main.dir/src/gtest_main.cc.o[0m
[ 22%] [32mBuilding CXX object gtest/CMakeFiles/gtest.dir/src/gtest-all.cc.o[0m
[ 33%] [32mBuilding CXX object CMakeFiles/io_context.dir/src/io_context.cpp.o[0m
[ 44%] [32mBuilding CXX object CMakeFiles/io_context.dir/src/msg_converters/std_msgs.cpp.o[0m
[ 55%] [32m[1mLinking CXX static library libgtest_main.a[0m
[ 55%] Built target gtest_main
[ 66%] [32m[1mLinking CXX shared library libio_context.so[0m
[ 66%] Built target io_context
[ 77%] [32m[1mLinking CXX static library libgtest.a[0m
[ 77%] Built target gtest
[35m[1mScanning dependencies of target test_io_context[0m
[ 88%] [32mBuilding CXX object CMakeFiles/test_io_context.dir/test/test_io_context.cpp.o[0m
[100%] [32m[1mLinking CXX executable test_io_context[0m
[100%] Built target test_io_context
-- Install configuration: ""
-- Installing: /home/dev_pc/dev_ws/install/io_context/include
-- Installing: /home/dev_pc/dev_ws/install/io_context/include/io_context
-- Installing: /home/dev_pc/dev_ws/install/io_context/include/io_context/common.hpp
-- Installing: /home/dev_pc/dev_ws/install/io_context/include/io_context/io_context.hpp
-- Installing: /home/dev_pc/dev_ws/install/io_context/include/msg_converters
-- Installing: /home/dev_pc/dev_ws/install/io_context/include/msg_converters/converters.hpp
-- Installing: /home/dev_pc/dev_ws/install/io_context/include/msg_converters/std_msgs.hpp
-- Installing: /home/dev_pc/dev_ws/install/io_context/include/msg_converters/udp_msgs.hpp
-- Installing: /home/dev_pc/dev_ws/install/io_context/share/io_context/environment/library_path.sh
-- Installing: /home/dev_pc/dev_ws/install/io_context/share/io_context/environment/library_path.dsv
-- Installing: /home/dev_pc/dev_ws/install/io_context/lib/libio_context.so
-- Set runtime path of "/home/dev_pc/dev_ws/install/io_context/lib/libio_context.so" to ""
-- Installing: /home/dev_pc/dev_ws/install/io_context/share/ament_index/resource_index/package_run_dependencies/io_context
-- Installing: /home/dev_pc/dev_ws/install/io_context/share/ament_index/resource_index/parent_prefix_path/io_context
-- Installing: /home/dev_pc/dev_ws/install/io_context/share/io_context/environment/ament_prefix_path.sh
-- Installing: /home/dev_pc/dev_ws/install/io_context/share/io_context/environment/ament_prefix_path.dsv
-- Installing: /home/dev_pc/dev_ws/install/io_context/share/io_context/environment/path.sh
-- Installing: /home/dev_pc/dev_ws/install/io_context/share/io_context/environment/path.dsv
-- Installing: /home/dev_pc/dev_ws/install/io_context/share/io_context/local_setup.bash
-- Installing: /home/dev_pc/dev_ws/install/io_context/share/io_context/local_setup.sh
-- Installing: /home/dev_pc/dev_ws/install/io_context/share/io_context/local_setup.zsh
-- Installing: /home/dev_pc/dev_ws/install/io_context/share/io_context/local_setup.dsv
-- Installing: /home/dev_pc/dev_ws/install/io_context/share/io_context/package.dsv
-- Installing: /home/dev_pc/dev_ws/install/io_context/share/ament_index/resource_index/packages/io_context
-- Installing: /home/dev_pc/dev_ws/install/io_context/share/io_context/cmake/ament_cmake_export_dependencies-extras.cmake
-- Installing: /home/dev_pc/dev_ws/install/io_context/share/io_context/cmake/ament_cmake_export_include_directories-extras.cmake
-- Installing: /home/dev_pc/dev_ws/install/io_context/share/io_context/cmake/ament_cmake_export_libraries-extras.cmake
-- Installing: /home/dev_pc/dev_ws/install/io_context/share/io_context/cmake/io_contextConfig.cmake
-- Installing: /home/dev_pc/dev_ws/install/io_context/share/io_context/cmake/io_contextConfig-version.cmake
-- Installing: /home/dev_pc/dev_ws/install/io_context/share/io_context/package.xml
