[0.162s] DEBUG:colcon:Command line arguments: ['/usr/bin/colcon', 'build']
[0.162s] DEBUG:colcon:Parsed command line arguments: Namespace(allow_overriding=[], ament_cmake_args=None, base_paths=['.'], build_base='build', catkin_cmake_args=None, catkin_skip_building_tests=False, cmake_args=None, cmake_clean_cache=False, cmake_clean_first=False, cmake_force_configure=False, cmake_target=None, cmake_target_skip_unavailable=False, continue_on_error=False, event_handlers=None, executor='parallel', ignore_user_meta=False, install_base='install', log_base=None, log_level=None, main=<bound method BuildVerb.main of <colcon_core.verb.build.BuildVerb object at 0x7f16c8521b80>>, merge_install=False, metas=['./colcon.meta'], mixin=None, mixin_files=None, mixin_verb=('build',), packages_above=None, packages_above_and_dependencies=None, packages_above_depth=None, packages_end=None, packages_ignore=None, packages_ignore_regex=None, packages_select=None, packages_select_build_failed=False, packages_select_by_dep=None, packages_select_regex=None, packages_select_test_failures=False, packages_skip=None, packages_skip_build_finished=False, packages_skip_by_dep=None, packages_skip_regex=None, packages_skip_test_passed=False, packages_skip_up_to=None, packages_start=None, packages_up_to=None, packages_up_to_regex=None, parallel_workers=6, paths=None, symlink_install=False, test_result_base=None, verb_extension=<colcon_core.verb.build.BuildVerb object at 0x7f16c8521b80>, verb_name='build', verb_parser=<colcon_mixin.mixin.mixin_argument.MixinArgumentDecorator object at 0x7f16c85300d0>)
[0.286s] Level 1:colcon.colcon_core.package_discovery:discover_packages(colcon_meta) check parameters
[0.286s] Level 1:colcon.colcon_core.package_discovery:discover_packages(recursive) check parameters
[0.286s] Level 1:colcon.colcon_core.package_discovery:discover_packages(ignore) check parameters
[0.286s] Level 1:colcon.colcon_core.package_discovery:discover_packages(path) check parameters
[0.286s] Level 1:colcon.colcon_core.package_discovery:discover_packages(colcon_meta) discover
[0.286s] Level 1:colcon.colcon_core.package_discovery:discover_packages(recursive) discover
[0.286s] INFO:colcon.colcon_core.package_discovery:Crawling recursively for packages in '/home/dev_pc/dev_ws'
[0.286s] Level 1:colcon.colcon_core.package_identification:_identify(.) by extensions ['ignore', 'ignore_ament_install']
[0.286s] Level 1:colcon.colcon_core.package_identification:_identify(.) by extension 'ignore'
[0.286s] Level 1:colcon.colcon_core.package_identification:_identify(.) by extension 'ignore_ament_install'
[0.286s] Level 1:colcon.colcon_core.package_identification:_identify(.) by extensions ['colcon_pkg']
[0.286s] Level 1:colcon.colcon_core.package_identification:_identify(.) by extension 'colcon_pkg'
[0.286s] Level 1:colcon.colcon_core.package_identification:_identify(.) by extensions ['colcon_meta']
[0.286s] Level 1:colcon.colcon_core.package_identification:_identify(.) by extension 'colcon_meta'
[0.286s] Level 1:colcon.colcon_core.package_identification:_identify(.) by extensions ['ros']
[0.286s] Level 1:colcon.colcon_core.package_identification:_identify(.) by extension 'ros'
[0.295s] Level 1:colcon.colcon_core.package_identification:_identify(.) by extensions ['cmake', 'python']
[0.295s] Level 1:colcon.colcon_core.package_identification:_identify(.) by extension 'cmake'
[0.295s] Level 1:colcon.colcon_core.package_identification:_identify(.) by extension 'python'
[0.295s] Level 1:colcon.colcon_core.package_identification:_identify(.) by extensions ['python_setup_py']
[0.295s] Level 1:colcon.colcon_core.package_identification:_identify(.) by extension 'python_setup_py'
[0.296s] Level 1:colcon.colcon_core.package_identification:_identify(build) by extensions ['ignore', 'ignore_ament_install']
[0.296s] Level 1:colcon.colcon_core.package_identification:_identify(build) by extension 'ignore'
[0.296s] Level 1:colcon.colcon_core.package_identification:_identify(build) ignored
[0.296s] Level 1:colcon.colcon_core.package_identification:_identify(install) by extensions ['ignore', 'ignore_ament_install']
[0.296s] Level 1:colcon.colcon_core.package_identification:_identify(install) by extension 'ignore'
[0.296s] Level 1:colcon.colcon_core.package_identification:_identify(install) ignored
[0.296s] Level 1:colcon.colcon_core.package_identification:_identify(log) by extensions ['ignore', 'ignore_ament_install']
[0.296s] Level 1:colcon.colcon_core.package_identification:_identify(log) by extension 'ignore'
[0.296s] Level 1:colcon.colcon_core.package_identification:_identify(log) ignored
[0.296s] Level 1:colcon.colcon_core.package_identification:_identify(src) by extensions ['ignore', 'ignore_ament_install']
[0.296s] Level 1:colcon.colcon_core.package_identification:_identify(src) by extension 'ignore'
[0.296s] Level 1:colcon.colcon_core.package_identification:_identify(src) by extension 'ignore_ament_install'
[0.296s] Level 1:colcon.colcon_core.package_identification:_identify(src) by extensions ['colcon_pkg']
[0.296s] Level 1:colcon.colcon_core.package_identification:_identify(src) by extension 'colcon_pkg'
[0.296s] Level 1:colcon.colcon_core.package_identification:_identify(src) by extensions ['colcon_meta']
[0.296s] Level 1:colcon.colcon_core.package_identification:_identify(src) by extension 'colcon_meta'
[0.296s] Level 1:colcon.colcon_core.package_identification:_identify(src) by extensions ['ros']
[0.296s] Level 1:colcon.colcon_core.package_identification:_identify(src) by extension 'ros'
[0.297s] Level 1:colcon.colcon_core.package_identification:_identify(src) by extensions ['cmake', 'python']
[0.297s] Level 1:colcon.colcon_core.package_identification:_identify(src) by extension 'cmake'
[0.297s] Level 1:colcon.colcon_core.package_identification:_identify(src) by extension 'python'
[0.297s] Level 1:colcon.colcon_core.package_identification:_identify(src) by extensions ['python_setup_py']
[0.297s] Level 1:colcon.colcon_core.package_identification:_identify(src) by extension 'python_setup_py'
[0.297s] Level 1:colcon.colcon_core.package_identification:_identify(src/racecar_hw_interface) by extensions ['ignore', 'ignore_ament_install']
[0.297s] Level 1:colcon.colcon_core.package_identification:_identify(src/racecar_hw_interface) by extension 'ignore'
[0.297s] Level 1:colcon.colcon_core.package_identification:_identify(src/racecar_hw_interface) by extension 'ignore_ament_install'
[0.297s] Level 1:colcon.colcon_core.package_identification:_identify(src/racecar_hw_interface) by extensions ['colcon_pkg']
[0.297s] Level 1:colcon.colcon_core.package_identification:_identify(src/racecar_hw_interface) by extension 'colcon_pkg'
[0.297s] Level 1:colcon.colcon_core.package_identification:_identify(src/racecar_hw_interface) by extensions ['colcon_meta']
[0.297s] Level 1:colcon.colcon_core.package_identification:_identify(src/racecar_hw_interface) by extension 'colcon_meta'
[0.297s] Level 1:colcon.colcon_core.package_identification:_identify(src/racecar_hw_interface) by extensions ['ros']
[0.297s] Level 1:colcon.colcon_core.package_identification:_identify(src/racecar_hw_interface) by extension 'ros'
[0.299s] DEBUG:colcon.colcon_core.package_identification:Package 'src/racecar_hw_interface' with type 'ros.ament_cmake' and name 'racecar_hw_interface'
[0.299s] Level 1:colcon.colcon_core.package_identification:_identify(src/racer_bot) by extensions ['ignore', 'ignore_ament_install']
[0.299s] Level 1:colcon.colcon_core.package_identification:_identify(src/racer_bot) by extension 'ignore'
[0.299s] Level 1:colcon.colcon_core.package_identification:_identify(src/racer_bot) by extension 'ignore_ament_install'
[0.299s] Level 1:colcon.colcon_core.package_identification:_identify(src/racer_bot) by extensions ['colcon_pkg']
[0.299s] Level 1:colcon.colcon_core.package_identification:_identify(src/racer_bot) by extension 'colcon_pkg'
[0.299s] Level 1:colcon.colcon_core.package_identification:_identify(src/racer_bot) by extensions ['colcon_meta']
[0.299s] Level 1:colcon.colcon_core.package_identification:_identify(src/racer_bot) by extension 'colcon_meta'
[0.299s] Level 1:colcon.colcon_core.package_identification:_identify(src/racer_bot) by extensions ['ros']
[0.299s] Level 1:colcon.colcon_core.package_identification:_identify(src/racer_bot) by extension 'ros'
[0.300s] DEBUG:colcon.colcon_core.package_identification:Package 'src/racer_bot' with type 'ros.ament_cmake' and name 'racer_bot'
[0.300s] Level 1:colcon.colcon_core.package_identification:_identify(src/transport_drivers) by extensions ['ignore', 'ignore_ament_install']
[0.300s] Level 1:colcon.colcon_core.package_identification:_identify(src/transport_drivers) by extension 'ignore'
[0.300s] Level 1:colcon.colcon_core.package_identification:_identify(src/transport_drivers) by extension 'ignore_ament_install'
[0.300s] Level 1:colcon.colcon_core.package_identification:_identify(src/transport_drivers) by extensions ['colcon_pkg']
[0.300s] Level 1:colcon.colcon_core.package_identification:_identify(src/transport_drivers) by extension 'colcon_pkg'
[0.300s] Level 1:colcon.colcon_core.package_identification:_identify(src/transport_drivers) by extensions ['colcon_meta']
[0.300s] Level 1:colcon.colcon_core.package_identification:_identify(src/transport_drivers) by extension 'colcon_meta'
[0.300s] Level 1:colcon.colcon_core.package_identification:_identify(src/transport_drivers) by extensions ['ros']
[0.300s] Level 1:colcon.colcon_core.package_identification:_identify(src/transport_drivers) by extension 'ros'
[0.300s] Level 1:colcon.colcon_core.package_identification:_identify(src/transport_drivers) by extensions ['cmake', 'python']
[0.300s] Level 1:colcon.colcon_core.package_identification:_identify(src/transport_drivers) by extension 'cmake'
[0.300s] Level 1:colcon.colcon_core.package_identification:_identify(src/transport_drivers) by extension 'python'
[0.300s] Level 1:colcon.colcon_core.package_identification:_identify(src/transport_drivers) by extensions ['python_setup_py']
[0.300s] Level 1:colcon.colcon_core.package_identification:_identify(src/transport_drivers) by extension 'python_setup_py'
[0.300s] Level 1:colcon.colcon_core.package_identification:_identify(src/transport_drivers/asio_cmake_module) by extensions ['ignore', 'ignore_ament_install']
[0.301s] Level 1:colcon.colcon_core.package_identification:_identify(src/transport_drivers/asio_cmake_module) by extension 'ignore'
[0.301s] Level 1:colcon.colcon_core.package_identification:_identify(src/transport_drivers/asio_cmake_module) by extension 'ignore_ament_install'
[0.301s] Level 1:colcon.colcon_core.package_identification:_identify(src/transport_drivers/asio_cmake_module) by extensions ['colcon_pkg']
[0.301s] Level 1:colcon.colcon_core.package_identification:_identify(src/transport_drivers/asio_cmake_module) by extension 'colcon_pkg'
[0.301s] Level 1:colcon.colcon_core.package_identification:_identify(src/transport_drivers/asio_cmake_module) by extensions ['colcon_meta']
[0.301s] Level 1:colcon.colcon_core.package_identification:_identify(src/transport_drivers/asio_cmake_module) by extension 'colcon_meta'
[0.301s] Level 1:colcon.colcon_core.package_identification:_identify(src/transport_drivers/asio_cmake_module) by extensions ['ros']
[0.301s] Level 1:colcon.colcon_core.package_identification:_identify(src/transport_drivers/asio_cmake_module) by extension 'ros'
[0.301s] DEBUG:colcon.colcon_core.package_identification:Package 'src/transport_drivers/asio_cmake_module' with type 'ros.ament_cmake' and name 'asio_cmake_module'
[0.301s] Level 1:colcon.colcon_core.package_identification:_identify(src/transport_drivers/io_context) by extensions ['ignore', 'ignore_ament_install']
[0.301s] Level 1:colcon.colcon_core.package_identification:_identify(src/transport_drivers/io_context) by extension 'ignore'
[0.301s] Level 1:colcon.colcon_core.package_identification:_identify(src/transport_drivers/io_context) by extension 'ignore_ament_install'
[0.302s] Level 1:colcon.colcon_core.package_identification:_identify(src/transport_drivers/io_context) by extensions ['colcon_pkg']
[0.302s] Level 1:colcon.colcon_core.package_identification:_identify(src/transport_drivers/io_context) by extension 'colcon_pkg'
[0.302s] Level 1:colcon.colcon_core.package_identification:_identify(src/transport_drivers/io_context) by extensions ['colcon_meta']
[0.302s] Level 1:colcon.colcon_core.package_identification:_identify(src/transport_drivers/io_context) by extension 'colcon_meta'
[0.302s] Level 1:colcon.colcon_core.package_identification:_identify(src/transport_drivers/io_context) by extensions ['ros']
[0.302s] Level 1:colcon.colcon_core.package_identification:_identify(src/transport_drivers/io_context) by extension 'ros'
[0.302s] DEBUG:colcon.colcon_core.package_identification:Package 'src/transport_drivers/io_context' with type 'ros.ament_cmake' and name 'io_context'
[0.302s] Level 1:colcon.colcon_core.package_identification:_identify(src/transport_drivers/serial_driver) by extensions ['ignore', 'ignore_ament_install']
[0.303s] Level 1:colcon.colcon_core.package_identification:_identify(src/transport_drivers/serial_driver) by extension 'ignore'
[0.303s] Level 1:colcon.colcon_core.package_identification:_identify(src/transport_drivers/serial_driver) by extension 'ignore_ament_install'
[0.303s] Level 1:colcon.colcon_core.package_identification:_identify(src/transport_drivers/serial_driver) by extensions ['colcon_pkg']
[0.303s] Level 1:colcon.colcon_core.package_identification:_identify(src/transport_drivers/serial_driver) by extension 'colcon_pkg'
[0.303s] Level 1:colcon.colcon_core.package_identification:_identify(src/transport_drivers/serial_driver) by extensions ['colcon_meta']
[0.303s] Level 1:colcon.colcon_core.package_identification:_identify(src/transport_drivers/serial_driver) by extension 'colcon_meta'
[0.303s] Level 1:colcon.colcon_core.package_identification:_identify(src/transport_drivers/serial_driver) by extensions ['ros']
[0.303s] Level 1:colcon.colcon_core.package_identification:_identify(src/transport_drivers/serial_driver) by extension 'ros'
[0.304s] DEBUG:colcon.colcon_core.package_identification:Package 'src/transport_drivers/serial_driver' with type 'ros.ament_cmake' and name 'serial_driver'
[0.304s] Level 1:colcon.colcon_core.package_identification:_identify(src/transport_drivers/udp_driver) by extensions ['ignore', 'ignore_ament_install']
[0.304s] Level 1:colcon.colcon_core.package_identification:_identify(src/transport_drivers/udp_driver) by extension 'ignore'
[0.304s] Level 1:colcon.colcon_core.package_identification:_identify(src/transport_drivers/udp_driver) by extension 'ignore_ament_install'
[0.304s] Level 1:colcon.colcon_core.package_identification:_identify(src/transport_drivers/udp_driver) by extensions ['colcon_pkg']
[0.304s] Level 1:colcon.colcon_core.package_identification:_identify(src/transport_drivers/udp_driver) by extension 'colcon_pkg'
[0.304s] Level 1:colcon.colcon_core.package_identification:_identify(src/transport_drivers/udp_driver) by extensions ['colcon_meta']
[0.304s] Level 1:colcon.colcon_core.package_identification:_identify(src/transport_drivers/udp_driver) by extension 'colcon_meta'
[0.304s] Level 1:colcon.colcon_core.package_identification:_identify(src/transport_drivers/udp_driver) by extensions ['ros']
[0.304s] Level 1:colcon.colcon_core.package_identification:_identify(src/transport_drivers/udp_driver) by extension 'ros'
[0.305s] DEBUG:colcon.colcon_core.package_identification:Package 'src/transport_drivers/udp_driver' with type 'ros.ament_cmake' and name 'udp_driver'
[0.305s] Level 1:colcon.colcon_core.package_identification:_identify(src/udp_msgs) by extensions ['ignore', 'ignore_ament_install']
[0.305s] Level 1:colcon.colcon_core.package_identification:_identify(src/udp_msgs) by extension 'ignore'
[0.305s] Level 1:colcon.colcon_core.package_identification:_identify(src/udp_msgs) by extension 'ignore_ament_install'
[0.305s] Level 1:colcon.colcon_core.package_identification:_identify(src/udp_msgs) by extensions ['colcon_pkg']
[0.305s] Level 1:colcon.colcon_core.package_identification:_identify(src/udp_msgs) by extension 'colcon_pkg'
[0.305s] Level 1:colcon.colcon_core.package_identification:_identify(src/udp_msgs) by extensions ['colcon_meta']
[0.305s] Level 1:colcon.colcon_core.package_identification:_identify(src/udp_msgs) by extension 'colcon_meta'
[0.305s] Level 1:colcon.colcon_core.package_identification:_identify(src/udp_msgs) by extensions ['ros']
[0.305s] Level 1:colcon.colcon_core.package_identification:_identify(src/udp_msgs) by extension 'ros'
[0.309s] DEBUG:colcon.colcon_core.package_identification:Package 'src/udp_msgs' with type 'ros.ament_cmake' and name 'udp_msgs'
[0.309s] Level 1:colcon.colcon_core.package_discovery:discover_packages(recursive) using defaults
[0.309s] Level 1:colcon.colcon_core.package_discovery:discover_packages(ignore) discover
[0.309s] Level 1:colcon.colcon_core.package_discovery:discover_packages(ignore) using defaults
[0.309s] Level 1:colcon.colcon_core.package_discovery:discover_packages(path) discover
[0.309s] Level 1:colcon.colcon_core.package_discovery:discover_packages(path) using defaults
[0.330s] Level 1:colcon.colcon_core.package_discovery:discover_packages(prefix_path) check parameters
[0.330s] Level 1:colcon.colcon_core.package_discovery:discover_packages(prefix_path) discover
[0.330s] WARNING:colcon.colcon_core.prefix_path.colcon:The path '/home/dev_pc/dev_ws/src/install' in the environment variable COLCON_PREFIX_PATH doesn't exist
[0.331s] WARNING:colcon.colcon_ros.prefix_path.ament:The path '/home/dev_pc/dev_ws/src/install/serial' in the environment variable AMENT_PREFIX_PATH doesn't exist
[0.331s] WARNING:colcon.colcon_ros.prefix_path.ament:The path '/home/dev_pc/dev_ws/src/install/racer_bot' in the environment variable AMENT_PREFIX_PATH doesn't exist
[0.331s] WARNING:colcon.colcon_ros.prefix_path.ament:The path '/home/dev_pc/dev_ws/src/install/racecar_hw_interface' in the environment variable AMENT_PREFIX_PATH doesn't exist
[0.331s] WARNING:colcon.colcon_ros.prefix_path.catkin:The path '/home/dev_pc/dev_ws/src/install/serial' in the environment variable CMAKE_PREFIX_PATH doesn't exist
[0.331s] WARNING:colcon.colcon_ros.prefix_path.catkin:The path '/home/dev_pc/dev_ws/src/install/racer_bot' in the environment variable CMAKE_PREFIX_PATH doesn't exist
[0.331s] WARNING:colcon.colcon_ros.prefix_path.catkin:The path '/home/dev_pc/dev_ws/src/install/racecar_hw_interface' in the environment variable CMAKE_PREFIX_PATH doesn't exist
[0.332s] DEBUG:colcon.colcon_installed_package_information.package_discovery:Found 5 installed packages in /home/dev_pc/dev_ws/install
[0.333s] DEBUG:colcon.colcon_installed_package_information.package_discovery:Found 266 installed packages in /opt/ros/foxy
[0.334s] Level 1:colcon.colcon_core.package_discovery:discover_packages(prefix_path) using defaults
[0.386s] Level 5:colcon.colcon_core.verb:set package 'asio_cmake_module' build argument 'cmake_args' from command line to 'None'
[0.386s] Level 5:colcon.colcon_core.verb:set package 'asio_cmake_module' build argument 'cmake_target' from command line to 'None'
[0.386s] Level 5:colcon.colcon_core.verb:set package 'asio_cmake_module' build argument 'cmake_target_skip_unavailable' from command line to 'False'
[0.386s] Level 5:colcon.colcon_core.verb:set package 'asio_cmake_module' build argument 'cmake_clean_cache' from command line to 'False'
[0.386s] Level 5:colcon.colcon_core.verb:set package 'asio_cmake_module' build argument 'cmake_clean_first' from command line to 'False'
[0.386s] Level 5:colcon.colcon_core.verb:set package 'asio_cmake_module' build argument 'cmake_force_configure' from command line to 'False'
[0.386s] Level 5:colcon.colcon_core.verb:set package 'asio_cmake_module' build argument 'ament_cmake_args' from command line to 'None'
[0.386s] Level 5:colcon.colcon_core.verb:set package 'asio_cmake_module' build argument 'catkin_cmake_args' from command line to 'None'
[0.386s] Level 5:colcon.colcon_core.verb:set package 'asio_cmake_module' build argument 'catkin_skip_building_tests' from command line to 'False'
[0.386s] DEBUG:colcon.colcon_core.verb:Building package 'asio_cmake_module' with the following arguments: {'ament_cmake_args': None, 'build_base': '/home/dev_pc/dev_ws/build/asio_cmake_module', 'catkin_cmake_args': None, 'catkin_skip_building_tests': False, 'cmake_args': None, 'cmake_clean_cache': False, 'cmake_clean_first': False, 'cmake_force_configure': False, 'cmake_target': None, 'cmake_target_skip_unavailable': False, 'install_base': '/home/dev_pc/dev_ws/install/asio_cmake_module', 'merge_install': False, 'path': '/home/dev_pc/dev_ws/src/transport_drivers/asio_cmake_module', 'symlink_install': False, 'test_result_base': None}
[0.386s] Level 5:colcon.colcon_core.verb:set package 'racecar_hw_interface' build argument 'cmake_args' from command line to 'None'
[0.386s] Level 5:colcon.colcon_core.verb:set package 'racecar_hw_interface' build argument 'cmake_target' from command line to 'None'
[0.386s] Level 5:colcon.colcon_core.verb:set package 'racecar_hw_interface' build argument 'cmake_target_skip_unavailable' from command line to 'False'
[0.386s] Level 5:colcon.colcon_core.verb:set package 'racecar_hw_interface' build argument 'cmake_clean_cache' from command line to 'False'
[0.386s] Level 5:colcon.colcon_core.verb:set package 'racecar_hw_interface' build argument 'cmake_clean_first' from command line to 'False'
[0.386s] Level 5:colcon.colcon_core.verb:set package 'racecar_hw_interface' build argument 'cmake_force_configure' from command line to 'False'
[0.386s] Level 5:colcon.colcon_core.verb:set package 'racecar_hw_interface' build argument 'ament_cmake_args' from command line to 'None'
[0.386s] Level 5:colcon.colcon_core.verb:set package 'racecar_hw_interface' build argument 'catkin_cmake_args' from command line to 'None'
[0.386s] Level 5:colcon.colcon_core.verb:set package 'racecar_hw_interface' build argument 'catkin_skip_building_tests' from command line to 'False'
[0.386s] DEBUG:colcon.colcon_core.verb:Building package 'racecar_hw_interface' with the following arguments: {'ament_cmake_args': None, 'build_base': '/home/dev_pc/dev_ws/build/racecar_hw_interface', 'catkin_cmake_args': None, 'catkin_skip_building_tests': False, 'cmake_args': None, 'cmake_clean_cache': False, 'cmake_clean_first': False, 'cmake_force_configure': False, 'cmake_target': None, 'cmake_target_skip_unavailable': False, 'install_base': '/home/dev_pc/dev_ws/install/racecar_hw_interface', 'merge_install': False, 'path': '/home/dev_pc/dev_ws/src/racecar_hw_interface', 'symlink_install': False, 'test_result_base': None}
[0.387s] Level 5:colcon.colcon_core.verb:set package 'racer_bot' build argument 'cmake_args' from command line to 'None'
[0.387s] Level 5:colcon.colcon_core.verb:set package 'racer_bot' build argument 'cmake_target' from command line to 'None'
[0.387s] Level 5:colcon.colcon_core.verb:set package 'racer_bot' build argument 'cmake_target_skip_unavailable' from command line to 'False'
[0.387s] Level 5:colcon.colcon_core.verb:set package 'racer_bot' build argument 'cmake_clean_cache' from command line to 'False'
[0.387s] Level 5:colcon.colcon_core.verb:set package 'racer_bot' build argument 'cmake_clean_first' from command line to 'False'
[0.387s] Level 5:colcon.colcon_core.verb:set package 'racer_bot' build argument 'cmake_force_configure' from command line to 'False'
[0.387s] Level 5:colcon.colcon_core.verb:set package 'racer_bot' build argument 'ament_cmake_args' from command line to 'None'
[0.387s] Level 5:colcon.colcon_core.verb:set package 'racer_bot' build argument 'catkin_cmake_args' from command line to 'None'
[0.387s] Level 5:colcon.colcon_core.verb:set package 'racer_bot' build argument 'catkin_skip_building_tests' from command line to 'False'
[0.387s] DEBUG:colcon.colcon_core.verb:Building package 'racer_bot' with the following arguments: {'ament_cmake_args': None, 'build_base': '/home/dev_pc/dev_ws/build/racer_bot', 'catkin_cmake_args': None, 'catkin_skip_building_tests': False, 'cmake_args': None, 'cmake_clean_cache': False, 'cmake_clean_first': False, 'cmake_force_configure': False, 'cmake_target': None, 'cmake_target_skip_unavailable': False, 'install_base': '/home/dev_pc/dev_ws/install/racer_bot', 'merge_install': False, 'path': '/home/dev_pc/dev_ws/src/racer_bot', 'symlink_install': False, 'test_result_base': None}
[0.387s] Level 5:colcon.colcon_core.verb:set package 'udp_msgs' build argument 'cmake_args' from command line to 'None'
[0.387s] Level 5:colcon.colcon_core.verb:set package 'udp_msgs' build argument 'cmake_target' from command line to 'None'
[0.387s] Level 5:colcon.colcon_core.verb:set package 'udp_msgs' build argument 'cmake_target_skip_unavailable' from command line to 'False'
[0.387s] Level 5:colcon.colcon_core.verb:set package 'udp_msgs' build argument 'cmake_clean_cache' from command line to 'False'
[0.387s] Level 5:colcon.colcon_core.verb:set package 'udp_msgs' build argument 'cmake_clean_first' from command line to 'False'
[0.387s] Level 5:colcon.colcon_core.verb:set package 'udp_msgs' build argument 'cmake_force_configure' from command line to 'False'
[0.387s] Level 5:colcon.colcon_core.verb:set package 'udp_msgs' build argument 'ament_cmake_args' from command line to 'None'
[0.387s] Level 5:colcon.colcon_core.verb:set package 'udp_msgs' build argument 'catkin_cmake_args' from command line to 'None'
[0.387s] Level 5:colcon.colcon_core.verb:set package 'udp_msgs' build argument 'catkin_skip_building_tests' from command line to 'False'
[0.387s] DEBUG:colcon.colcon_core.verb:Building package 'udp_msgs' with the following arguments: {'ament_cmake_args': None, 'build_base': '/home/dev_pc/dev_ws/build/udp_msgs', 'catkin_cmake_args': None, 'catkin_skip_building_tests': False, 'cmake_args': None, 'cmake_clean_cache': False, 'cmake_clean_first': False, 'cmake_force_configure': False, 'cmake_target': None, 'cmake_target_skip_unavailable': False, 'install_base': '/home/dev_pc/dev_ws/install/udp_msgs', 'merge_install': False, 'path': '/home/dev_pc/dev_ws/src/udp_msgs', 'symlink_install': False, 'test_result_base': None}
[0.388s] Level 5:colcon.colcon_core.verb:set package 'io_context' build argument 'cmake_args' from command line to 'None'
[0.388s] Level 5:colcon.colcon_core.verb:set package 'io_context' build argument 'cmake_target' from command line to 'None'
[0.388s] Level 5:colcon.colcon_core.verb:set package 'io_context' build argument 'cmake_target_skip_unavailable' from command line to 'False'
[0.388s] Level 5:colcon.colcon_core.verb:set package 'io_context' build argument 'cmake_clean_cache' from command line to 'False'
[0.388s] Level 5:colcon.colcon_core.verb:set package 'io_context' build argument 'cmake_clean_first' from command line to 'False'
[0.388s] Level 5:colcon.colcon_core.verb:set package 'io_context' build argument 'cmake_force_configure' from command line to 'False'
[0.388s] Level 5:colcon.colcon_core.verb:set package 'io_context' build argument 'ament_cmake_args' from command line to 'None'
[0.388s] Level 5:colcon.colcon_core.verb:set package 'io_context' build argument 'catkin_cmake_args' from command line to 'None'
[0.388s] Level 5:colcon.colcon_core.verb:set package 'io_context' build argument 'catkin_skip_building_tests' from command line to 'False'
[0.388s] DEBUG:colcon.colcon_core.verb:Building package 'io_context' with the following arguments: {'ament_cmake_args': None, 'build_base': '/home/dev_pc/dev_ws/build/io_context', 'catkin_cmake_args': None, 'catkin_skip_building_tests': False, 'cmake_args': None, 'cmake_clean_cache': False, 'cmake_clean_first': False, 'cmake_force_configure': False, 'cmake_target': None, 'cmake_target_skip_unavailable': False, 'install_base': '/home/dev_pc/dev_ws/install/io_context', 'merge_install': False, 'path': '/home/dev_pc/dev_ws/src/transport_drivers/io_context', 'symlink_install': False, 'test_result_base': None}
[0.388s] Level 5:colcon.colcon_core.verb:set package 'serial_driver' build argument 'cmake_args' from command line to 'None'
[0.388s] Level 5:colcon.colcon_core.verb:set package 'serial_driver' build argument 'cmake_target' from command line to 'None'
[0.388s] Level 5:colcon.colcon_core.verb:set package 'serial_driver' build argument 'cmake_target_skip_unavailable' from command line to 'False'
[0.388s] Level 5:colcon.colcon_core.verb:set package 'serial_driver' build argument 'cmake_clean_cache' from command line to 'False'
[0.388s] Level 5:colcon.colcon_core.verb:set package 'serial_driver' build argument 'cmake_clean_first' from command line to 'False'
[0.388s] Level 5:colcon.colcon_core.verb:set package 'serial_driver' build argument 'cmake_force_configure' from command line to 'False'
[0.388s] Level 5:colcon.colcon_core.verb:set package 'serial_driver' build argument 'ament_cmake_args' from command line to 'None'
[0.388s] Level 5:colcon.colcon_core.verb:set package 'serial_driver' build argument 'catkin_cmake_args' from command line to 'None'
[0.388s] Level 5:colcon.colcon_core.verb:set package 'serial_driver' build argument 'catkin_skip_building_tests' from command line to 'False'
[0.388s] DEBUG:colcon.colcon_core.verb:Building package 'serial_driver' with the following arguments: {'ament_cmake_args': None, 'build_base': '/home/dev_pc/dev_ws/build/serial_driver', 'catkin_cmake_args': None, 'catkin_skip_building_tests': False, 'cmake_args': None, 'cmake_clean_cache': False, 'cmake_clean_first': False, 'cmake_force_configure': False, 'cmake_target': None, 'cmake_target_skip_unavailable': False, 'install_base': '/home/dev_pc/dev_ws/install/serial_driver', 'merge_install': False, 'path': '/home/dev_pc/dev_ws/src/transport_drivers/serial_driver', 'symlink_install': False, 'test_result_base': None}
[0.389s] Level 5:colcon.colcon_core.verb:set package 'udp_driver' build argument 'cmake_args' from command line to 'None'
[0.389s] Level 5:colcon.colcon_core.verb:set package 'udp_driver' build argument 'cmake_target' from command line to 'None'
[0.389s] Level 5:colcon.colcon_core.verb:set package 'udp_driver' build argument 'cmake_target_skip_unavailable' from command line to 'False'
[0.389s] Level 5:colcon.colcon_core.verb:set package 'udp_driver' build argument 'cmake_clean_cache' from command line to 'False'
[0.389s] Level 5:colcon.colcon_core.verb:set package 'udp_driver' build argument 'cmake_clean_first' from command line to 'False'
[0.389s] Level 5:colcon.colcon_core.verb:set package 'udp_driver' build argument 'cmake_force_configure' from command line to 'False'
[0.389s] Level 5:colcon.colcon_core.verb:set package 'udp_driver' build argument 'ament_cmake_args' from command line to 'None'
[0.389s] Level 5:colcon.colcon_core.verb:set package 'udp_driver' build argument 'catkin_cmake_args' from command line to 'None'
[0.389s] Level 5:colcon.colcon_core.verb:set package 'udp_driver' build argument 'catkin_skip_building_tests' from command line to 'False'
[0.389s] DEBUG:colcon.colcon_core.verb:Building package 'udp_driver' with the following arguments: {'ament_cmake_args': None, 'build_base': '/home/dev_pc/dev_ws/build/udp_driver', 'catkin_cmake_args': None, 'catkin_skip_building_tests': False, 'cmake_args': None, 'cmake_clean_cache': False, 'cmake_clean_first': False, 'cmake_force_configure': False, 'cmake_target': None, 'cmake_target_skip_unavailable': False, 'install_base': '/home/dev_pc/dev_ws/install/udp_driver', 'merge_install': False, 'path': '/home/dev_pc/dev_ws/src/transport_drivers/udp_driver', 'symlink_install': False, 'test_result_base': None}
[0.389s] INFO:colcon.colcon_core.executor:Executing jobs using 'parallel' executor
[0.390s] DEBUG:colcon.colcon_parallel_executor.executor.parallel:run_until_complete
[0.390s] INFO:colcon.colcon_ros.task.ament_cmake.build:Building ROS package in '/home/dev_pc/dev_ws/src/transport_drivers/asio_cmake_module' with build type 'ament_cmake'
[0.390s] INFO:colcon.colcon_cmake.task.cmake.build:Building CMake package in '/home/dev_pc/dev_ws/src/transport_drivers/asio_cmake_module'
[0.392s] INFO:colcon.colcon_core.plugin_system:Skipping extension 'colcon_core.shell.bat': Not used on non-Windows systems
[0.392s] INFO:colcon.colcon_core.shell:Skip shell extension 'powershell' for command environment: Not usable outside of PowerShell
[0.392s] DEBUG:colcon.colcon_core.shell:Skip shell extension 'dsv' for command environment
[0.396s] INFO:colcon.colcon_ros.task.ament_cmake.build:Building ROS package in '/home/dev_pc/dev_ws/src/udp_msgs' with build type 'ament_cmake'
[0.397s] INFO:colcon.colcon_cmake.task.cmake.build:Building CMake package in '/home/dev_pc/dev_ws/src/udp_msgs'
[0.397s] INFO:colcon.colcon_core.shell:Skip shell extension 'powershell' for command environment: Not usable outside of PowerShell
[0.397s] DEBUG:colcon.colcon_core.shell:Skip shell extension 'dsv' for command environment
[0.401s] INFO:colcon.colcon_ros.task.ament_cmake.build:Building ROS package in '/home/dev_pc/dev_ws/src/racecar_hw_interface' with build type 'ament_cmake'
[0.402s] INFO:colcon.colcon_cmake.task.cmake.build:Building CMake package in '/home/dev_pc/dev_ws/src/racecar_hw_interface'
[0.402s] INFO:colcon.colcon_core.shell:Skip shell extension 'powershell' for command environment: Not usable outside of PowerShell
[0.402s] DEBUG:colcon.colcon_core.shell:Skip shell extension 'dsv' for command environment
[0.407s] INFO:colcon.colcon_ros.task.ament_cmake.build:Building ROS package in '/home/dev_pc/dev_ws/src/racer_bot' with build type 'ament_cmake'
[0.407s] INFO:colcon.colcon_cmake.task.cmake.build:Building CMake package in '/home/dev_pc/dev_ws/src/racer_bot'
[0.407s] INFO:colcon.colcon_core.shell:Skip shell extension 'powershell' for command environment: Not usable outside of PowerShell
[0.407s] DEBUG:colcon.colcon_core.shell:Skip shell extension 'dsv' for command environment
[0.417s] DEBUG:colcon.colcon_core.event_handler.log_command:Invoking command in '/home/dev_pc/dev_ws/build/asio_cmake_module': CMAKE_PREFIX_PATH=${CMAKE_PREFIX_PATH}:/opt/ros/foxy /usr/bin/cmake --build /home/dev_pc/dev_ws/build/asio_cmake_module -- -j6 -l6
[0.421s] DEBUG:colcon.colcon_core.event_handler.log_command:Invoking command in '/home/dev_pc/dev_ws/build/udp_msgs': CMAKE_PREFIX_PATH=${CMAKE_PREFIX_PATH}:/opt/ros/foxy /usr/bin/cmake /home/dev_pc/dev_ws/src/udp_msgs -DCMAKE_INSTALL_PREFIX=/home/dev_pc/dev_ws/install/udp_msgs
[0.427s] DEBUG:colcon.colcon_core.event_handler.log_command:Invoking command in '/home/dev_pc/dev_ws/build/racecar_hw_interface': CMAKE_PREFIX_PATH=${CMAKE_PREFIX_PATH}:/opt/ros/foxy /usr/bin/cmake --build /home/dev_pc/dev_ws/build/racecar_hw_interface -- -j6 -l6
[0.430s] DEBUG:colcon.colcon_core.event_handler.log_command:Invoking command in '/home/dev_pc/dev_ws/build/racer_bot': CMAKE_PREFIX_PATH=${CMAKE_PREFIX_PATH}:/opt/ros/foxy /usr/bin/cmake --build /home/dev_pc/dev_ws/build/racer_bot -- -j6 -l6
[0.453s] DEBUG:colcon.colcon_core.event_handler.log_command:Invoked command in '/home/dev_pc/dev_ws/build/asio_cmake_module' returned '0': CMAKE_PREFIX_PATH=${CMAKE_PREFIX_PATH}:/opt/ros/foxy /usr/bin/cmake --build /home/dev_pc/dev_ws/build/asio_cmake_module -- -j6 -l6
[0.465s] DEBUG:colcon.colcon_core.event_handler.log_command:Invoking command in '/home/dev_pc/dev_ws/build/asio_cmake_module': CMAKE_PREFIX_PATH=${CMAKE_PREFIX_PATH}:/opt/ros/foxy /usr/bin/cmake --install /home/dev_pc/dev_ws/build/asio_cmake_module
[0.467s] DEBUG:colcon.colcon_core.event_handler.log_command:Invoked command in '/home/dev_pc/dev_ws/build/racecar_hw_interface' returned '0': CMAKE_PREFIX_PATH=${CMAKE_PREFIX_PATH}:/opt/ros/foxy /usr/bin/cmake --build /home/dev_pc/dev_ws/build/racecar_hw_interface -- -j6 -l6
[0.469s] DEBUG:colcon.colcon_core.event_handler.log_command:Invoking command in '/home/dev_pc/dev_ws/build/racecar_hw_interface': CMAKE_PREFIX_PATH=${CMAKE_PREFIX_PATH}:/opt/ros/foxy /usr/bin/cmake --install /home/dev_pc/dev_ws/build/racecar_hw_interface
[0.470s] DEBUG:colcon.colcon_core.event_handler.log_command:Invoked command in '/home/dev_pc/dev_ws/build/racer_bot' returned '0': CMAKE_PREFIX_PATH=${CMAKE_PREFIX_PATH}:/opt/ros/foxy /usr/bin/cmake --build /home/dev_pc/dev_ws/build/racer_bot -- -j6 -l6
[0.473s] DEBUG:colcon.colcon_core.event_handler.log_command:Invoking command in '/home/dev_pc/dev_ws/build/racer_bot': CMAKE_PREFIX_PATH=${CMAKE_PREFIX_PATH}:/opt/ros/foxy /usr/bin/cmake --install /home/dev_pc/dev_ws/build/racer_bot
[0.475s] Level 1:colcon.colcon_core.environment:create_environment_scripts_only(asio_cmake_module)
[0.479s] DEBUG:colcon.colcon_core.event_handler.log_command:Invoked command in '/home/dev_pc/dev_ws/build/asio_cmake_module' returned '0': CMAKE_PREFIX_PATH=${CMAKE_PREFIX_PATH}:/opt/ros/foxy /usr/bin/cmake --install /home/dev_pc/dev_ws/build/asio_cmake_module
[0.480s] Level 1:colcon.colcon_core.environment:checking '/home/dev_pc/dev_ws/install/asio_cmake_module' for CMake module files
[0.481s] Level 1:colcon.colcon_core.environment:checking '/home/dev_pc/dev_ws/install/asio_cmake_module' for CMake config files
[0.482s] Level 1:colcon.colcon_core.shell:create_environment_hook('asio_cmake_module', 'cmake_prefix_path')
[0.482s] INFO:colcon.colcon_core.shell:Creating environment hook '/home/dev_pc/dev_ws/install/asio_cmake_module/share/asio_cmake_module/hook/cmake_prefix_path.ps1'
[0.483s] INFO:colcon.colcon_core.shell:Creating environment descriptor '/home/dev_pc/dev_ws/install/asio_cmake_module/share/asio_cmake_module/hook/cmake_prefix_path.dsv'
[0.484s] INFO:colcon.colcon_core.shell:Creating environment hook '/home/dev_pc/dev_ws/install/asio_cmake_module/share/asio_cmake_module/hook/cmake_prefix_path.sh'
[0.485s] Level 1:colcon.colcon_core.environment:checking '/home/dev_pc/dev_ws/install/asio_cmake_module/bin'
[0.485s] Level 1:colcon.colcon_core.environment:checking '/home/dev_pc/dev_ws/install/asio_cmake_module/lib/pkgconfig/asio_cmake_module.pc'
[0.485s] Level 1:colcon.colcon_core.environment:checking '/home/dev_pc/dev_ws/install/asio_cmake_module/lib/python3.8/site-packages'
[0.485s] Level 1:colcon.colcon_core.environment:checking '/home/dev_pc/dev_ws/install/asio_cmake_module/bin'
[0.485s] INFO:colcon.colcon_core.shell:Creating package script '/home/dev_pc/dev_ws/install/asio_cmake_module/share/asio_cmake_module/package.ps1'
[0.486s] INFO:colcon.colcon_core.shell:Creating package descriptor '/home/dev_pc/dev_ws/install/asio_cmake_module/share/asio_cmake_module/package.dsv'
[0.487s] INFO:colcon.colcon_core.shell:Creating package script '/home/dev_pc/dev_ws/install/asio_cmake_module/share/asio_cmake_module/package.sh'
[0.488s] INFO:colcon.colcon_core.shell:Creating package script '/home/dev_pc/dev_ws/install/asio_cmake_module/share/asio_cmake_module/package.bash'
[0.489s] INFO:colcon.colcon_core.shell:Creating package script '/home/dev_pc/dev_ws/install/asio_cmake_module/share/asio_cmake_module/package.zsh'
[0.489s] Level 1:colcon.colcon_core.environment:create_file_with_runtime_dependencies(/home/dev_pc/dev_ws/install/asio_cmake_module/share/colcon-core/packages/asio_cmake_module)
[0.490s] Level 1:colcon.colcon_core.environment:create_environment_scripts_only(asio_cmake_module)
[0.490s] Level 1:colcon.colcon_core.environment:checking '/home/dev_pc/dev_ws/install/asio_cmake_module' for CMake module files
[0.490s] Level 1:colcon.colcon_core.environment:checking '/home/dev_pc/dev_ws/install/asio_cmake_module' for CMake config files
[0.491s] Level 1:colcon.colcon_core.shell:create_environment_hook('asio_cmake_module', 'cmake_prefix_path')
[0.491s] INFO:colcon.colcon_core.shell:Creating environment hook '/home/dev_pc/dev_ws/install/asio_cmake_module/share/asio_cmake_module/hook/cmake_prefix_path.ps1'
[0.491s] INFO:colcon.colcon_core.shell:Creating environment descriptor '/home/dev_pc/dev_ws/install/asio_cmake_module/share/asio_cmake_module/hook/cmake_prefix_path.dsv'
[0.491s] INFO:colcon.colcon_core.shell:Creating environment hook '/home/dev_pc/dev_ws/install/asio_cmake_module/share/asio_cmake_module/hook/cmake_prefix_path.sh'
[0.492s] Level 1:colcon.colcon_core.environment:checking '/home/dev_pc/dev_ws/install/asio_cmake_module/bin'
[0.492s] Level 1:colcon.colcon_core.environment:checking '/home/dev_pc/dev_ws/install/asio_cmake_module/lib/pkgconfig/asio_cmake_module.pc'
[0.492s] Level 1:colcon.colcon_core.environment:checking '/home/dev_pc/dev_ws/install/asio_cmake_module/lib/python3.8/site-packages'
[0.492s] Level 1:colcon.colcon_core.environment:checking '/home/dev_pc/dev_ws/install/asio_cmake_module/bin'
[0.493s] INFO:colcon.colcon_core.shell:Creating package script '/home/dev_pc/dev_ws/install/asio_cmake_module/share/asio_cmake_module/package.ps1'
[0.493s] INFO:colcon.colcon_core.shell:Creating package descriptor '/home/dev_pc/dev_ws/install/asio_cmake_module/share/asio_cmake_module/package.dsv'
[0.493s] INFO:colcon.colcon_core.shell:Creating package script '/home/dev_pc/dev_ws/install/asio_cmake_module/share/asio_cmake_module/package.sh'
[0.494s] INFO:colcon.colcon_core.shell:Creating package script '/home/dev_pc/dev_ws/install/asio_cmake_module/share/asio_cmake_module/package.bash'
[0.494s] INFO:colcon.colcon_core.shell:Creating package script '/home/dev_pc/dev_ws/install/asio_cmake_module/share/asio_cmake_module/package.zsh'
[0.494s] Level 1:colcon.colcon_core.environment:create_file_with_runtime_dependencies(/home/dev_pc/dev_ws/install/asio_cmake_module/share/colcon-core/packages/asio_cmake_module)
[0.496s] Level 1:colcon.colcon_core.environment:create_environment_scripts_only(racer_bot)
[0.496s] Level 1:colcon.colcon_core.environment:checking '/home/dev_pc/dev_ws/install/racer_bot' for CMake module files
[0.496s] DEBUG:colcon.colcon_core.event_handler.log_command:Invoked command in '/home/dev_pc/dev_ws/build/racer_bot' returned '0': CMAKE_PREFIX_PATH=${CMAKE_PREFIX_PATH}:/opt/ros/foxy /usr/bin/cmake --install /home/dev_pc/dev_ws/build/racer_bot
[0.496s] Level 1:colcon.colcon_core.environment:checking '/home/dev_pc/dev_ws/install/racer_bot' for CMake config files
[0.497s] Level 1:colcon.colcon_core.shell:create_environment_hook('racer_bot', 'cmake_prefix_path')
[0.497s] INFO:colcon.colcon_core.shell:Creating environment hook '/home/dev_pc/dev_ws/install/racer_bot/share/racer_bot/hook/cmake_prefix_path.ps1'
[0.497s] INFO:colcon.colcon_core.shell:Creating environment descriptor '/home/dev_pc/dev_ws/install/racer_bot/share/racer_bot/hook/cmake_prefix_path.dsv'
[0.498s] INFO:colcon.colcon_core.shell:Creating environment hook '/home/dev_pc/dev_ws/install/racer_bot/share/racer_bot/hook/cmake_prefix_path.sh'
[0.498s] Level 1:colcon.colcon_core.environment:checking '/home/dev_pc/dev_ws/install/racer_bot/bin'
[0.498s] Level 1:colcon.colcon_core.environment:checking '/home/dev_pc/dev_ws/install/racer_bot/lib/pkgconfig/racer_bot.pc'
[0.498s] Level 1:colcon.colcon_core.environment:checking '/home/dev_pc/dev_ws/install/racer_bot/lib/python3.8/site-packages'
[0.498s] Level 1:colcon.colcon_core.environment:checking '/home/dev_pc/dev_ws/install/racer_bot/bin'
[0.499s] INFO:colcon.colcon_core.shell:Creating package script '/home/dev_pc/dev_ws/install/racer_bot/share/racer_bot/package.ps1'
[0.499s] INFO:colcon.colcon_core.shell:Creating package descriptor '/home/dev_pc/dev_ws/install/racer_bot/share/racer_bot/package.dsv'
[0.499s] INFO:colcon.colcon_core.shell:Creating package script '/home/dev_pc/dev_ws/install/racer_bot/share/racer_bot/package.sh'
[0.500s] INFO:colcon.colcon_core.shell:Creating package script '/home/dev_pc/dev_ws/install/racer_bot/share/racer_bot/package.bash'
[0.500s] INFO:colcon.colcon_core.shell:Creating package script '/home/dev_pc/dev_ws/install/racer_bot/share/racer_bot/package.zsh'
[0.500s] Level 1:colcon.colcon_core.environment:create_file_with_runtime_dependencies(/home/dev_pc/dev_ws/install/racer_bot/share/colcon-core/packages/racer_bot)
[0.501s] Level 1:colcon.colcon_core.environment:create_environment_scripts_only(racer_bot)
[0.501s] Level 1:colcon.colcon_core.environment:checking '/home/dev_pc/dev_ws/install/racer_bot' for CMake module files
[0.501s] Level 1:colcon.colcon_core.environment:checking '/home/dev_pc/dev_ws/install/racer_bot' for CMake config files
[0.501s] Level 1:colcon.colcon_core.shell:create_environment_hook('racer_bot', 'cmake_prefix_path')
[0.502s] INFO:colcon.colcon_core.shell:Creating environment hook '/home/dev_pc/dev_ws/install/racer_bot/share/racer_bot/hook/cmake_prefix_path.ps1'
[0.502s] INFO:colcon.colcon_core.shell:Creating environment descriptor '/home/dev_pc/dev_ws/install/racer_bot/share/racer_bot/hook/cmake_prefix_path.dsv'
[0.502s] INFO:colcon.colcon_core.shell:Creating environment hook '/home/dev_pc/dev_ws/install/racer_bot/share/racer_bot/hook/cmake_prefix_path.sh'
[0.503s] Level 1:colcon.colcon_core.environment:checking '/home/dev_pc/dev_ws/install/racer_bot/bin'
[0.503s] Level 1:colcon.colcon_core.environment:checking '/home/dev_pc/dev_ws/install/racer_bot/lib/pkgconfig/racer_bot.pc'
[0.503s] Level 1:colcon.colcon_core.environment:checking '/home/dev_pc/dev_ws/install/racer_bot/lib/python3.8/site-packages'
[0.503s] Level 1:colcon.colcon_core.environment:checking '/home/dev_pc/dev_ws/install/racer_bot/bin'
[0.503s] INFO:colcon.colcon_core.shell:Creating package script '/home/dev_pc/dev_ws/install/racer_bot/share/racer_bot/package.ps1'
[0.504s] INFO:colcon.colcon_core.shell:Creating package descriptor '/home/dev_pc/dev_ws/install/racer_bot/share/racer_bot/package.dsv'
[0.504s] INFO:colcon.colcon_core.shell:Creating package script '/home/dev_pc/dev_ws/install/racer_bot/share/racer_bot/package.sh'
[0.504s] INFO:colcon.colcon_core.shell:Creating package script '/home/dev_pc/dev_ws/install/racer_bot/share/racer_bot/package.bash'
[0.505s] INFO:colcon.colcon_core.shell:Creating package script '/home/dev_pc/dev_ws/install/racer_bot/share/racer_bot/package.zsh'
[0.505s] Level 1:colcon.colcon_core.environment:create_file_with_runtime_dependencies(/home/dev_pc/dev_ws/install/racer_bot/share/colcon-core/packages/racer_bot)
[0.505s] Level 1:colcon.colcon_core.environment:create_environment_scripts_only(racecar_hw_interface)
[0.506s] Level 1:colcon.colcon_core.environment:checking '/home/dev_pc/dev_ws/install/racecar_hw_interface' for CMake module files
[0.506s] Level 1:colcon.colcon_core.environment:checking '/home/dev_pc/dev_ws/install/racecar_hw_interface' for CMake config files
[0.506s] DEBUG:colcon.colcon_core.event_handler.log_command:Invoked command in '/home/dev_pc/dev_ws/build/racecar_hw_interface' returned '0': CMAKE_PREFIX_PATH=${CMAKE_PREFIX_PATH}:/opt/ros/foxy /usr/bin/cmake --install /home/dev_pc/dev_ws/build/racecar_hw_interface
[0.507s] Level 1:colcon.colcon_core.shell:create_environment_hook('racecar_hw_interface', 'cmake_prefix_path')
[0.507s] INFO:colcon.colcon_core.shell:Creating environment hook '/home/dev_pc/dev_ws/install/racecar_hw_interface/share/racecar_hw_interface/hook/cmake_prefix_path.ps1'
[0.507s] INFO:colcon.colcon_core.shell:Creating environment descriptor '/home/dev_pc/dev_ws/install/racecar_hw_interface/share/racecar_hw_interface/hook/cmake_prefix_path.dsv'
[0.508s] INFO:colcon.colcon_core.shell:Creating environment hook '/home/dev_pc/dev_ws/install/racecar_hw_interface/share/racecar_hw_interface/hook/cmake_prefix_path.sh'
[0.508s] Level 1:colcon.colcon_core.environment:checking '/home/dev_pc/dev_ws/install/racecar_hw_interface/bin'
[0.508s] Level 1:colcon.colcon_core.environment:checking '/home/dev_pc/dev_ws/install/racecar_hw_interface/lib/pkgconfig/racecar_hw_interface.pc'
[0.508s] Level 1:colcon.colcon_core.environment:checking '/home/dev_pc/dev_ws/install/racecar_hw_interface/lib/python3.8/site-packages'
[0.508s] Level 1:colcon.colcon_core.environment:checking '/home/dev_pc/dev_ws/install/racecar_hw_interface/bin'
[0.509s] INFO:colcon.colcon_core.shell:Creating package script '/home/dev_pc/dev_ws/install/racecar_hw_interface/share/racecar_hw_interface/package.ps1'
[0.509s] INFO:colcon.colcon_core.shell:Creating package descriptor '/home/dev_pc/dev_ws/install/racecar_hw_interface/share/racecar_hw_interface/package.dsv'
[0.509s] INFO:colcon.colcon_core.shell:Creating package script '/home/dev_pc/dev_ws/install/racecar_hw_interface/share/racecar_hw_interface/package.sh'
[0.510s] INFO:colcon.colcon_core.shell:Creating package script '/home/dev_pc/dev_ws/install/racecar_hw_interface/share/racecar_hw_interface/package.bash'
[0.510s] INFO:colcon.colcon_core.shell:Creating package script '/home/dev_pc/dev_ws/install/racecar_hw_interface/share/racecar_hw_interface/package.zsh'
[0.510s] Level 1:colcon.colcon_core.environment:create_file_with_runtime_dependencies(/home/dev_pc/dev_ws/install/racecar_hw_interface/share/colcon-core/packages/racecar_hw_interface)
[0.511s] Level 1:colcon.colcon_core.environment:create_environment_scripts_only(racecar_hw_interface)
[0.511s] Level 1:colcon.colcon_core.environment:checking '/home/dev_pc/dev_ws/install/racecar_hw_interface' for CMake module files
[0.511s] Level 1:colcon.colcon_core.environment:checking '/home/dev_pc/dev_ws/install/racecar_hw_interface' for CMake config files
[0.511s] Level 1:colcon.colcon_core.shell:create_environment_hook('racecar_hw_interface', 'cmake_prefix_path')
[0.511s] INFO:colcon.colcon_core.shell:Creating environment hook '/home/dev_pc/dev_ws/install/racecar_hw_interface/share/racecar_hw_interface/hook/cmake_prefix_path.ps1'
[0.512s] INFO:colcon.colcon_core.shell:Creating environment descriptor '/home/dev_pc/dev_ws/install/racecar_hw_interface/share/racecar_hw_interface/hook/cmake_prefix_path.dsv'
[0.512s] INFO:colcon.colcon_core.shell:Creating environment hook '/home/dev_pc/dev_ws/install/racecar_hw_interface/share/racecar_hw_interface/hook/cmake_prefix_path.sh'
[0.513s] Level 1:colcon.colcon_core.environment:checking '/home/dev_pc/dev_ws/install/racecar_hw_interface/bin'
[0.513s] Level 1:colcon.colcon_core.environment:checking '/home/dev_pc/dev_ws/install/racecar_hw_interface/lib/pkgconfig/racecar_hw_interface.pc'
[0.513s] Level 1:colcon.colcon_core.environment:checking '/home/dev_pc/dev_ws/install/racecar_hw_interface/lib/python3.8/site-packages'
[0.513s] Level 1:colcon.colcon_core.environment:checking '/home/dev_pc/dev_ws/install/racecar_hw_interface/bin'
[0.513s] INFO:colcon.colcon_core.shell:Creating package script '/home/dev_pc/dev_ws/install/racecar_hw_interface/share/racecar_hw_interface/package.ps1'
[0.514s] INFO:colcon.colcon_core.shell:Creating package descriptor '/home/dev_pc/dev_ws/install/racecar_hw_interface/share/racecar_hw_interface/package.dsv'
[0.514s] INFO:colcon.colcon_core.shell:Creating package script '/home/dev_pc/dev_ws/install/racecar_hw_interface/share/racecar_hw_interface/package.sh'
[0.514s] INFO:colcon.colcon_core.shell:Creating package script '/home/dev_pc/dev_ws/install/racecar_hw_interface/share/racecar_hw_interface/package.bash'
[0.515s] INFO:colcon.colcon_core.shell:Creating package script '/home/dev_pc/dev_ws/install/racecar_hw_interface/share/racecar_hw_interface/package.zsh'
[0.515s] Level 1:colcon.colcon_core.environment:create_file_with_runtime_dependencies(/home/dev_pc/dev_ws/install/racecar_hw_interface/share/colcon-core/packages/racecar_hw_interface)
[1.807s] DEBUG:colcon.colcon_core.event_handler.log_command:Invoked command in '/home/dev_pc/dev_ws/build/udp_msgs' returned '0': CMAKE_PREFIX_PATH=${CMAKE_PREFIX_PATH}:/opt/ros/foxy /usr/bin/cmake /home/dev_pc/dev_ws/src/udp_msgs -DCMAKE_INSTALL_PREFIX=/home/dev_pc/dev_ws/install/udp_msgs
[1.810s] DEBUG:colcon.colcon_core.event_handler.log_command:Invoking command in '/home/dev_pc/dev_ws/build/udp_msgs': CMAKE_PREFIX_PATH=${CMAKE_PREFIX_PATH}:/opt/ros/foxy /usr/bin/cmake --build /home/dev_pc/dev_ws/build/udp_msgs -- -j6 -l6
[4.737s] DEBUG:colcon.colcon_core.event_handler.log_command:Invoked command in '/home/dev_pc/dev_ws/build/udp_msgs' returned '0': CMAKE_PREFIX_PATH=${CMAKE_PREFIX_PATH}:/opt/ros/foxy /usr/bin/cmake --build /home/dev_pc/dev_ws/build/udp_msgs -- -j6 -l6
[4.739s] DEBUG:colcon.colcon_core.event_handler.log_command:Invoking command in '/home/dev_pc/dev_ws/build/udp_msgs': CMAKE_PREFIX_PATH=${CMAKE_PREFIX_PATH}:/opt/ros/foxy /usr/bin/cmake --install /home/dev_pc/dev_ws/build/udp_msgs
[4.795s] Level 1:colcon.colcon_core.environment:create_environment_scripts_only(udp_msgs)
[4.795s] DEBUG:colcon.colcon_core.event_handler.log_command:Invoked command in '/home/dev_pc/dev_ws/build/udp_msgs' returned '0': CMAKE_PREFIX_PATH=${CMAKE_PREFIX_PATH}:/opt/ros/foxy /usr/bin/cmake --install /home/dev_pc/dev_ws/build/udp_msgs
[4.796s] Level 1:colcon.colcon_core.environment:checking '/home/dev_pc/dev_ws/install/udp_msgs' for CMake module files
[4.796s] Level 1:colcon.colcon_core.environment:checking '/home/dev_pc/dev_ws/install/udp_msgs' for CMake config files
[4.797s] Level 1:colcon.colcon_core.shell:create_environment_hook('udp_msgs', 'cmake_prefix_path')
[4.797s] INFO:colcon.colcon_core.shell:Creating environment hook '/home/dev_pc/dev_ws/install/udp_msgs/share/udp_msgs/hook/cmake_prefix_path.ps1'
[4.797s] INFO:colcon.colcon_core.shell:Creating environment descriptor '/home/dev_pc/dev_ws/install/udp_msgs/share/udp_msgs/hook/cmake_prefix_path.dsv'
[4.798s] INFO:colcon.colcon_core.shell:Creating environment hook '/home/dev_pc/dev_ws/install/udp_msgs/share/udp_msgs/hook/cmake_prefix_path.sh'
[4.798s] Level 1:colcon.colcon_core.environment:checking '/home/dev_pc/dev_ws/install/udp_msgs/lib'
[4.798s] Level 1:colcon.colcon_core.shell:create_environment_hook('udp_msgs', 'ld_library_path_lib')
[4.798s] INFO:colcon.colcon_core.shell:Creating environment hook '/home/dev_pc/dev_ws/install/udp_msgs/share/udp_msgs/hook/ld_library_path_lib.ps1'
[4.799s] INFO:colcon.colcon_core.shell:Creating environment descriptor '/home/dev_pc/dev_ws/install/udp_msgs/share/udp_msgs/hook/ld_library_path_lib.dsv'
[4.799s] INFO:colcon.colcon_core.shell:Creating environment hook '/home/dev_pc/dev_ws/install/udp_msgs/share/udp_msgs/hook/ld_library_path_lib.sh'
[4.799s] Level 1:colcon.colcon_core.environment:checking '/home/dev_pc/dev_ws/install/udp_msgs/bin'
[4.799s] Level 1:colcon.colcon_core.environment:checking '/home/dev_pc/dev_ws/install/udp_msgs/lib/pkgconfig/udp_msgs.pc'
[4.800s] Level 1:colcon.colcon_core.environment:checking '/home/dev_pc/dev_ws/install/udp_msgs/lib/python3.8/site-packages'
[4.800s] Level 1:colcon.colcon_core.shell:create_environment_hook('udp_msgs', 'pythonpath')
[4.800s] INFO:colcon.colcon_core.shell:Creating environment hook '/home/dev_pc/dev_ws/install/udp_msgs/share/udp_msgs/hook/pythonpath.ps1'
[4.800s] INFO:colcon.colcon_core.shell:Creating environment descriptor '/home/dev_pc/dev_ws/install/udp_msgs/share/udp_msgs/hook/pythonpath.dsv'
[4.800s] INFO:colcon.colcon_core.shell:Creating environment hook '/home/dev_pc/dev_ws/install/udp_msgs/share/udp_msgs/hook/pythonpath.sh'
[4.801s] Level 1:colcon.colcon_core.environment:checking '/home/dev_pc/dev_ws/install/udp_msgs/bin'
[4.801s] INFO:colcon.colcon_core.shell:Creating package script '/home/dev_pc/dev_ws/install/udp_msgs/share/udp_msgs/package.ps1'
[4.801s] INFO:colcon.colcon_core.shell:Creating package descriptor '/home/dev_pc/dev_ws/install/udp_msgs/share/udp_msgs/package.dsv'
[4.802s] INFO:colcon.colcon_core.shell:Creating package script '/home/dev_pc/dev_ws/install/udp_msgs/share/udp_msgs/package.sh'
[4.802s] INFO:colcon.colcon_core.shell:Creating package script '/home/dev_pc/dev_ws/install/udp_msgs/share/udp_msgs/package.bash'
[4.803s] INFO:colcon.colcon_core.shell:Creating package script '/home/dev_pc/dev_ws/install/udp_msgs/share/udp_msgs/package.zsh'
[4.804s] Level 1:colcon.colcon_core.environment:create_file_with_runtime_dependencies(/home/dev_pc/dev_ws/install/udp_msgs/share/colcon-core/packages/udp_msgs)
[4.804s] Level 1:colcon.colcon_core.environment:create_environment_scripts_only(udp_msgs)
[4.804s] Level 1:colcon.colcon_core.environment:checking '/home/dev_pc/dev_ws/install/udp_msgs' for CMake module files
[4.805s] Level 1:colcon.colcon_core.environment:checking '/home/dev_pc/dev_ws/install/udp_msgs' for CMake config files
[4.805s] Level 1:colcon.colcon_core.shell:create_environment_hook('udp_msgs', 'cmake_prefix_path')
[4.805s] INFO:colcon.colcon_core.shell:Creating environment hook '/home/dev_pc/dev_ws/install/udp_msgs/share/udp_msgs/hook/cmake_prefix_path.ps1'
[4.805s] INFO:colcon.colcon_core.shell:Creating environment descriptor '/home/dev_pc/dev_ws/install/udp_msgs/share/udp_msgs/hook/cmake_prefix_path.dsv'
[4.806s] INFO:colcon.colcon_core.shell:Creating environment hook '/home/dev_pc/dev_ws/install/udp_msgs/share/udp_msgs/hook/cmake_prefix_path.sh'
[4.806s] Level 1:colcon.colcon_core.environment:checking '/home/dev_pc/dev_ws/install/udp_msgs/lib'
[4.806s] Level 1:colcon.colcon_core.shell:create_environment_hook('udp_msgs', 'ld_library_path_lib')
[4.806s] INFO:colcon.colcon_core.shell:Creating environment hook '/home/dev_pc/dev_ws/install/udp_msgs/share/udp_msgs/hook/ld_library_path_lib.ps1'
[4.807s] INFO:colcon.colcon_core.shell:Creating environment descriptor '/home/dev_pc/dev_ws/install/udp_msgs/share/udp_msgs/hook/ld_library_path_lib.dsv'
[4.807s] INFO:colcon.colcon_core.shell:Creating environment hook '/home/dev_pc/dev_ws/install/udp_msgs/share/udp_msgs/hook/ld_library_path_lib.sh'
[4.807s] Level 1:colcon.colcon_core.environment:checking '/home/dev_pc/dev_ws/install/udp_msgs/bin'
[4.807s] Level 1:colcon.colcon_core.environment:checking '/home/dev_pc/dev_ws/install/udp_msgs/lib/pkgconfig/udp_msgs.pc'
[4.807s] Level 1:colcon.colcon_core.environment:checking '/home/dev_pc/dev_ws/install/udp_msgs/lib/python3.8/site-packages'
[4.807s] Level 1:colcon.colcon_core.shell:create_environment_hook('udp_msgs', 'pythonpath')
[4.808s] INFO:colcon.colcon_core.shell:Creating environment hook '/home/dev_pc/dev_ws/install/udp_msgs/share/udp_msgs/hook/pythonpath.ps1'
[4.808s] INFO:colcon.colcon_core.shell:Creating environment descriptor '/home/dev_pc/dev_ws/install/udp_msgs/share/udp_msgs/hook/pythonpath.dsv'
[4.808s] INFO:colcon.colcon_core.shell:Creating environment hook '/home/dev_pc/dev_ws/install/udp_msgs/share/udp_msgs/hook/pythonpath.sh'
[4.809s] Level 1:colcon.colcon_core.environment:checking '/home/dev_pc/dev_ws/install/udp_msgs/bin'
[4.809s] INFO:colcon.colcon_core.shell:Creating package script '/home/dev_pc/dev_ws/install/udp_msgs/share/udp_msgs/package.ps1'
[4.809s] INFO:colcon.colcon_core.shell:Creating package descriptor '/home/dev_pc/dev_ws/install/udp_msgs/share/udp_msgs/package.dsv'
[4.810s] INFO:colcon.colcon_core.shell:Creating package script '/home/dev_pc/dev_ws/install/udp_msgs/share/udp_msgs/package.sh'
[4.810s] INFO:colcon.colcon_core.shell:Creating package script '/home/dev_pc/dev_ws/install/udp_msgs/share/udp_msgs/package.bash'
[4.810s] INFO:colcon.colcon_core.shell:Creating package script '/home/dev_pc/dev_ws/install/udp_msgs/share/udp_msgs/package.zsh'
[4.811s] Level 1:colcon.colcon_core.environment:create_file_with_runtime_dependencies(/home/dev_pc/dev_ws/install/udp_msgs/share/colcon-core/packages/udp_msgs)
[4.811s] INFO:colcon.colcon_ros.task.ament_cmake.build:Building ROS package in '/home/dev_pc/dev_ws/src/transport_drivers/io_context' with build type 'ament_cmake'
[4.811s] INFO:colcon.colcon_cmake.task.cmake.build:Building CMake package in '/home/dev_pc/dev_ws/src/transport_drivers/io_context'
[4.811s] INFO:colcon.colcon_core.shell:Skip shell extension 'powershell' for command environment: Not usable outside of PowerShell
[4.811s] DEBUG:colcon.colcon_core.shell:Skip shell extension 'dsv' for command environment
[4.822s] DEBUG:colcon.colcon_core.event_handler.log_command:Invoking command in '/home/dev_pc/dev_ws/build/io_context': AMENT_PREFIX_PATH=/home/dev_pc/dev_ws/install/udp_msgs:/home/dev_pc/dev_ws/install/asio_cmake_module:${AMENT_PREFIX_PATH} CMAKE_PREFIX_PATH=/home/dev_pc/dev_ws/install/udp_msgs:/home/dev_pc/dev_ws/install/asio_cmake_module:/home/dev_pc/dev_ws/install/serial:/home/dev_pc/dev_ws/install/racer_bot:/home/dev_pc/dev_ws/install/racecar_hw_interface:/home/dev_pc/dev_ws/src/install/serial:/home/dev_pc/dev_ws/src/install/racer_bot:/home/dev_pc/dev_ws/src/install/racecar_hw_interface:/opt/ros/foxy LD_LIBRARY_PATH=/home/dev_pc/dev_ws/install/udp_msgs/lib:${LD_LIBRARY_PATH} PYTHONPATH=/home/dev_pc/dev_ws/install/udp_msgs/lib/python3.8/site-packages:${PYTHONPATH} /usr/bin/cmake /home/dev_pc/dev_ws/src/transport_drivers/io_context -DCMAKE_INSTALL_PREFIX=/home/dev_pc/dev_ws/install/io_context
[5.439s] DEBUG:colcon.colcon_core.event_handler.log_command:Invoked command in '/home/dev_pc/dev_ws/build/io_context' returned '0': AMENT_PREFIX_PATH=/home/dev_pc/dev_ws/install/udp_msgs:/home/dev_pc/dev_ws/install/asio_cmake_module:${AMENT_PREFIX_PATH} CMAKE_PREFIX_PATH=/home/dev_pc/dev_ws/install/udp_msgs:/home/dev_pc/dev_ws/install/asio_cmake_module:/home/dev_pc/dev_ws/install/serial:/home/dev_pc/dev_ws/install/racer_bot:/home/dev_pc/dev_ws/install/racecar_hw_interface:/home/dev_pc/dev_ws/src/install/serial:/home/dev_pc/dev_ws/src/install/racer_bot:/home/dev_pc/dev_ws/src/install/racecar_hw_interface:/opt/ros/foxy LD_LIBRARY_PATH=/home/dev_pc/dev_ws/install/udp_msgs/lib:${LD_LIBRARY_PATH} PYTHONPATH=/home/dev_pc/dev_ws/install/udp_msgs/lib/python3.8/site-packages:${PYTHONPATH} /usr/bin/cmake /home/dev_pc/dev_ws/src/transport_drivers/io_context -DCMAKE_INSTALL_PREFIX=/home/dev_pc/dev_ws/install/io_context
[5.440s] DEBUG:colcon.colcon_core.event_handler.log_command:Invoking command in '/home/dev_pc/dev_ws/build/io_context': AMENT_PREFIX_PATH=/home/dev_pc/dev_ws/install/udp_msgs:/home/dev_pc/dev_ws/install/asio_cmake_module:${AMENT_PREFIX_PATH} CMAKE_PREFIX_PATH=/home/dev_pc/dev_ws/install/udp_msgs:/home/dev_pc/dev_ws/install/asio_cmake_module:/home/dev_pc/dev_ws/install/serial:/home/dev_pc/dev_ws/install/racer_bot:/home/dev_pc/dev_ws/install/racecar_hw_interface:/home/dev_pc/dev_ws/src/install/serial:/home/dev_pc/dev_ws/src/install/racer_bot:/home/dev_pc/dev_ws/src/install/racecar_hw_interface:/opt/ros/foxy LD_LIBRARY_PATH=/home/dev_pc/dev_ws/install/udp_msgs/lib:${LD_LIBRARY_PATH} PYTHONPATH=/home/dev_pc/dev_ws/install/udp_msgs/lib/python3.8/site-packages:${PYTHONPATH} /usr/bin/cmake --build /home/dev_pc/dev_ws/build/io_context -- -j6 -l6
[10.192s] DEBUG:colcon.colcon_core.event_handler.log_command:Invoked command in '/home/dev_pc/dev_ws/build/io_context' returned '0': AMENT_PREFIX_PATH=/home/dev_pc/dev_ws/install/udp_msgs:/home/dev_pc/dev_ws/install/asio_cmake_module:${AMENT_PREFIX_PATH} CMAKE_PREFIX_PATH=/home/dev_pc/dev_ws/install/udp_msgs:/home/dev_pc/dev_ws/install/asio_cmake_module:/home/dev_pc/dev_ws/install/serial:/home/dev_pc/dev_ws/install/racer_bot:/home/dev_pc/dev_ws/install/racecar_hw_interface:/home/dev_pc/dev_ws/src/install/serial:/home/dev_pc/dev_ws/src/install/racer_bot:/home/dev_pc/dev_ws/src/install/racecar_hw_interface:/opt/ros/foxy LD_LIBRARY_PATH=/home/dev_pc/dev_ws/install/udp_msgs/lib:${LD_LIBRARY_PATH} PYTHONPATH=/home/dev_pc/dev_ws/install/udp_msgs/lib/python3.8/site-packages:${PYTHONPATH} /usr/bin/cmake --build /home/dev_pc/dev_ws/build/io_context -- -j6 -l6
[10.193s] DEBUG:colcon.colcon_core.event_handler.log_command:Invoking command in '/home/dev_pc/dev_ws/build/io_context': AMENT_PREFIX_PATH=/home/dev_pc/dev_ws/install/udp_msgs:/home/dev_pc/dev_ws/install/asio_cmake_module:${AMENT_PREFIX_PATH} CMAKE_PREFIX_PATH=/home/dev_pc/dev_ws/install/udp_msgs:/home/dev_pc/dev_ws/install/asio_cmake_module:/home/dev_pc/dev_ws/install/serial:/home/dev_pc/dev_ws/install/racer_bot:/home/dev_pc/dev_ws/install/racecar_hw_interface:/home/dev_pc/dev_ws/src/install/serial:/home/dev_pc/dev_ws/src/install/racer_bot:/home/dev_pc/dev_ws/src/install/racecar_hw_interface:/opt/ros/foxy LD_LIBRARY_PATH=/home/dev_pc/dev_ws/install/udp_msgs/lib:${LD_LIBRARY_PATH} PYTHONPATH=/home/dev_pc/dev_ws/install/udp_msgs/lib/python3.8/site-packages:${PYTHONPATH} /usr/bin/cmake --install /home/dev_pc/dev_ws/build/io_context
[10.206s] Level 1:colcon.colcon_core.environment:create_environment_scripts_only(io_context)
[10.207s] Level 1:colcon.colcon_core.environment:checking '/home/dev_pc/dev_ws/install/io_context' for CMake module files
[10.207s] DEBUG:colcon.colcon_core.event_handler.log_command:Invoked command in '/home/dev_pc/dev_ws/build/io_context' returned '0': AMENT_PREFIX_PATH=/home/dev_pc/dev_ws/install/udp_msgs:/home/dev_pc/dev_ws/install/asio_cmake_module:${AMENT_PREFIX_PATH} CMAKE_PREFIX_PATH=/home/dev_pc/dev_ws/install/udp_msgs:/home/dev_pc/dev_ws/install/asio_cmake_module:/home/dev_pc/dev_ws/install/serial:/home/dev_pc/dev_ws/install/racer_bot:/home/dev_pc/dev_ws/install/racecar_hw_interface:/home/dev_pc/dev_ws/src/install/serial:/home/dev_pc/dev_ws/src/install/racer_bot:/home/dev_pc/dev_ws/src/install/racecar_hw_interface:/opt/ros/foxy LD_LIBRARY_PATH=/home/dev_pc/dev_ws/install/udp_msgs/lib:${LD_LIBRARY_PATH} PYTHONPATH=/home/dev_pc/dev_ws/install/udp_msgs/lib/python3.8/site-packages:${PYTHONPATH} /usr/bin/cmake --install /home/dev_pc/dev_ws/build/io_context
[10.208s] Level 1:colcon.colcon_core.environment:checking '/home/dev_pc/dev_ws/install/io_context' for CMake config files
[10.208s] Level 1:colcon.colcon_core.shell:create_environment_hook('io_context', 'cmake_prefix_path')
[10.208s] INFO:colcon.colcon_core.shell:Creating environment hook '/home/dev_pc/dev_ws/install/io_context/share/io_context/hook/cmake_prefix_path.ps1'
[10.209s] INFO:colcon.colcon_core.shell:Creating environment descriptor '/home/dev_pc/dev_ws/install/io_context/share/io_context/hook/cmake_prefix_path.dsv'
[10.209s] INFO:colcon.colcon_core.shell:Creating environment hook '/home/dev_pc/dev_ws/install/io_context/share/io_context/hook/cmake_prefix_path.sh'
[10.209s] Level 1:colcon.colcon_core.environment:checking '/home/dev_pc/dev_ws/install/io_context/lib'
[10.209s] Level 1:colcon.colcon_core.shell:create_environment_hook('io_context', 'ld_library_path_lib')
[10.210s] INFO:colcon.colcon_core.shell:Creating environment hook '/home/dev_pc/dev_ws/install/io_context/share/io_context/hook/ld_library_path_lib.ps1'
[10.210s] INFO:colcon.colcon_core.shell:Creating environment descriptor '/home/dev_pc/dev_ws/install/io_context/share/io_context/hook/ld_library_path_lib.dsv'
[10.210s] INFO:colcon.colcon_core.shell:Creating environment hook '/home/dev_pc/dev_ws/install/io_context/share/io_context/hook/ld_library_path_lib.sh'
[10.210s] Level 1:colcon.colcon_core.environment:checking '/home/dev_pc/dev_ws/install/io_context/bin'
[10.211s] Level 1:colcon.colcon_core.environment:checking '/home/dev_pc/dev_ws/install/io_context/lib/pkgconfig/io_context.pc'
[10.211s] Level 1:colcon.colcon_core.environment:checking '/home/dev_pc/dev_ws/install/io_context/lib/python3.8/site-packages'
[10.211s] Level 1:colcon.colcon_core.environment:checking '/home/dev_pc/dev_ws/install/io_context/bin'
[10.211s] INFO:colcon.colcon_core.shell:Creating package script '/home/dev_pc/dev_ws/install/io_context/share/io_context/package.ps1'
[10.212s] INFO:colcon.colcon_core.shell:Creating package descriptor '/home/dev_pc/dev_ws/install/io_context/share/io_context/package.dsv'
[10.212s] INFO:colcon.colcon_core.shell:Creating package script '/home/dev_pc/dev_ws/install/io_context/share/io_context/package.sh'
[10.212s] INFO:colcon.colcon_core.shell:Creating package script '/home/dev_pc/dev_ws/install/io_context/share/io_context/package.bash'
[10.213s] INFO:colcon.colcon_core.shell:Creating package script '/home/dev_pc/dev_ws/install/io_context/share/io_context/package.zsh'
[10.213s] Level 1:colcon.colcon_core.environment:create_file_with_runtime_dependencies(/home/dev_pc/dev_ws/install/io_context/share/colcon-core/packages/io_context)
[10.214s] Level 1:colcon.colcon_core.environment:create_environment_scripts_only(io_context)
[10.214s] Level 1:colcon.colcon_core.environment:checking '/home/dev_pc/dev_ws/install/io_context' for CMake module files
[10.214s] Level 1:colcon.colcon_core.environment:checking '/home/dev_pc/dev_ws/install/io_context' for CMake config files
[10.214s] Level 1:colcon.colcon_core.shell:create_environment_hook('io_context', 'cmake_prefix_path')
[10.214s] INFO:colcon.colcon_core.shell:Creating environment hook '/home/dev_pc/dev_ws/install/io_context/share/io_context/hook/cmake_prefix_path.ps1'
[10.215s] INFO:colcon.colcon_core.shell:Creating environment descriptor '/home/dev_pc/dev_ws/install/io_context/share/io_context/hook/cmake_prefix_path.dsv'
[10.215s] INFO:colcon.colcon_core.shell:Creating environment hook '/home/dev_pc/dev_ws/install/io_context/share/io_context/hook/cmake_prefix_path.sh'
[10.215s] Level 1:colcon.colcon_core.environment:checking '/home/dev_pc/dev_ws/install/io_context/lib'
[10.215s] Level 1:colcon.colcon_core.shell:create_environment_hook('io_context', 'ld_library_path_lib')
[10.216s] INFO:colcon.colcon_core.shell:Creating environment hook '/home/dev_pc/dev_ws/install/io_context/share/io_context/hook/ld_library_path_lib.ps1'
[10.216s] INFO:colcon.colcon_core.shell:Creating environment descriptor '/home/dev_pc/dev_ws/install/io_context/share/io_context/hook/ld_library_path_lib.dsv'
[10.216s] INFO:colcon.colcon_core.shell:Creating environment hook '/home/dev_pc/dev_ws/install/io_context/share/io_context/hook/ld_library_path_lib.sh'
[10.216s] Level 1:colcon.colcon_core.environment:checking '/home/dev_pc/dev_ws/install/io_context/bin'
[10.217s] Level 1:colcon.colcon_core.environment:checking '/home/dev_pc/dev_ws/install/io_context/lib/pkgconfig/io_context.pc'
[10.217s] Level 1:colcon.colcon_core.environment:checking '/home/dev_pc/dev_ws/install/io_context/lib/python3.8/site-packages'
[10.217s] Level 1:colcon.colcon_core.environment:checking '/home/dev_pc/dev_ws/install/io_context/bin'
[10.217s] INFO:colcon.colcon_core.shell:Creating package script '/home/dev_pc/dev_ws/install/io_context/share/io_context/package.ps1'
[10.217s] INFO:colcon.colcon_core.shell:Creating package descriptor '/home/dev_pc/dev_ws/install/io_context/share/io_context/package.dsv'
[10.218s] INFO:colcon.colcon_core.shell:Creating package script '/home/dev_pc/dev_ws/install/io_context/share/io_context/package.sh'
[10.218s] INFO:colcon.colcon_core.shell:Creating package script '/home/dev_pc/dev_ws/install/io_context/share/io_context/package.bash'
[10.219s] INFO:colcon.colcon_core.shell:Creating package script '/home/dev_pc/dev_ws/install/io_context/share/io_context/package.zsh'
[10.219s] Level 1:colcon.colcon_core.environment:create_file_with_runtime_dependencies(/home/dev_pc/dev_ws/install/io_context/share/colcon-core/packages/io_context)
[10.219s] INFO:colcon.colcon_ros.task.ament_cmake.build:Building ROS package in '/home/dev_pc/dev_ws/src/transport_drivers/serial_driver' with build type 'ament_cmake'
[10.219s] INFO:colcon.colcon_cmake.task.cmake.build:Building CMake package in '/home/dev_pc/dev_ws/src/transport_drivers/serial_driver'
[10.219s] INFO:colcon.colcon_core.shell:Skip shell extension 'powershell' for command environment: Not usable outside of PowerShell
[10.219s] DEBUG:colcon.colcon_core.shell:Skip shell extension 'dsv' for command environment
[10.224s] INFO:colcon.colcon_ros.task.ament_cmake.build:Building ROS package in '/home/dev_pc/dev_ws/src/transport_drivers/udp_driver' with build type 'ament_cmake'
[10.224s] INFO:colcon.colcon_cmake.task.cmake.build:Building CMake package in '/home/dev_pc/dev_ws/src/transport_drivers/udp_driver'
[10.225s] INFO:colcon.colcon_core.shell:Skip shell extension 'powershell' for command environment: Not usable outside of PowerShell
[10.225s] DEBUG:colcon.colcon_core.shell:Skip shell extension 'dsv' for command environment
[10.234s] DEBUG:colcon.colcon_core.event_handler.log_command:Invoking command in '/home/dev_pc/dev_ws/build/serial_driver': AMENT_PREFIX_PATH=/home/dev_pc/dev_ws/install/io_context:/home/dev_pc/dev_ws/install/udp_msgs:/home/dev_pc/dev_ws/install/asio_cmake_module:${AMENT_PREFIX_PATH} CMAKE_PREFIX_PATH=/home/dev_pc/dev_ws/install/io_context:/home/dev_pc/dev_ws/install/udp_msgs:/home/dev_pc/dev_ws/install/asio_cmake_module:/home/dev_pc/dev_ws/install/serial:/home/dev_pc/dev_ws/install/racer_bot:/home/dev_pc/dev_ws/install/racecar_hw_interface:/home/dev_pc/dev_ws/src/install/serial:/home/dev_pc/dev_ws/src/install/racer_bot:/home/dev_pc/dev_ws/src/install/racecar_hw_interface:/opt/ros/foxy LD_LIBRARY_PATH=/home/dev_pc/dev_ws/install/io_context/lib:/home/dev_pc/dev_ws/install/udp_msgs/lib:${LD_LIBRARY_PATH} PYTHONPATH=/home/dev_pc/dev_ws/install/udp_msgs/lib/python3.8/site-packages:${PYTHONPATH} /usr/bin/cmake /home/dev_pc/dev_ws/src/transport_drivers/serial_driver -DCMAKE_INSTALL_PREFIX=/home/dev_pc/dev_ws/install/serial_driver
[10.239s] DEBUG:colcon.colcon_core.event_handler.log_command:Invoking command in '/home/dev_pc/dev_ws/build/udp_driver': AMENT_PREFIX_PATH=/home/dev_pc/dev_ws/install/io_context:/home/dev_pc/dev_ws/install/udp_msgs:/home/dev_pc/dev_ws/install/asio_cmake_module:${AMENT_PREFIX_PATH} CMAKE_PREFIX_PATH=/home/dev_pc/dev_ws/install/io_context:/home/dev_pc/dev_ws/install/udp_msgs:/home/dev_pc/dev_ws/install/asio_cmake_module:/home/dev_pc/dev_ws/install/serial:/home/dev_pc/dev_ws/install/racer_bot:/home/dev_pc/dev_ws/install/racecar_hw_interface:/home/dev_pc/dev_ws/src/install/serial:/home/dev_pc/dev_ws/src/install/racer_bot:/home/dev_pc/dev_ws/src/install/racecar_hw_interface:/opt/ros/foxy LD_LIBRARY_PATH=/home/dev_pc/dev_ws/install/io_context/lib:/home/dev_pc/dev_ws/install/udp_msgs/lib:${LD_LIBRARY_PATH} PYTHONPATH=/home/dev_pc/dev_ws/install/udp_msgs/lib/python3.8/site-packages:${PYTHONPATH} /usr/bin/cmake /home/dev_pc/dev_ws/src/transport_drivers/udp_driver -DCMAKE_INSTALL_PREFIX=/home/dev_pc/dev_ws/install/udp_driver
[11.864s] DEBUG:colcon.colcon_core.event_handler.log_command:Invoked command in '/home/dev_pc/dev_ws/build/serial_driver' returned '0': AMENT_PREFIX_PATH=/home/dev_pc/dev_ws/install/io_context:/home/dev_pc/dev_ws/install/udp_msgs:/home/dev_pc/dev_ws/install/asio_cmake_module:${AMENT_PREFIX_PATH} CMAKE_PREFIX_PATH=/home/dev_pc/dev_ws/install/io_context:/home/dev_pc/dev_ws/install/udp_msgs:/home/dev_pc/dev_ws/install/asio_cmake_module:/home/dev_pc/dev_ws/install/serial:/home/dev_pc/dev_ws/install/racer_bot:/home/dev_pc/dev_ws/install/racecar_hw_interface:/home/dev_pc/dev_ws/src/install/serial:/home/dev_pc/dev_ws/src/install/racer_bot:/home/dev_pc/dev_ws/src/install/racecar_hw_interface:/opt/ros/foxy LD_LIBRARY_PATH=/home/dev_pc/dev_ws/install/io_context/lib:/home/dev_pc/dev_ws/install/udp_msgs/lib:${LD_LIBRARY_PATH} PYTHONPATH=/home/dev_pc/dev_ws/install/udp_msgs/lib/python3.8/site-packages:${PYTHONPATH} /usr/bin/cmake /home/dev_pc/dev_ws/src/transport_drivers/serial_driver -DCMAKE_INSTALL_PREFIX=/home/dev_pc/dev_ws/install/serial_driver
[11.867s] DEBUG:colcon.colcon_core.event_handler.log_command:Invoking command in '/home/dev_pc/dev_ws/build/serial_driver': AMENT_PREFIX_PATH=/home/dev_pc/dev_ws/install/io_context:/home/dev_pc/dev_ws/install/udp_msgs:/home/dev_pc/dev_ws/install/asio_cmake_module:${AMENT_PREFIX_PATH} CMAKE_PREFIX_PATH=/home/dev_pc/dev_ws/install/io_context:/home/dev_pc/dev_ws/install/udp_msgs:/home/dev_pc/dev_ws/install/asio_cmake_module:/home/dev_pc/dev_ws/install/serial:/home/dev_pc/dev_ws/install/racer_bot:/home/dev_pc/dev_ws/install/racecar_hw_interface:/home/dev_pc/dev_ws/src/install/serial:/home/dev_pc/dev_ws/src/install/racer_bot:/home/dev_pc/dev_ws/src/install/racecar_hw_interface:/opt/ros/foxy LD_LIBRARY_PATH=/home/dev_pc/dev_ws/install/io_context/lib:/home/dev_pc/dev_ws/install/udp_msgs/lib:${LD_LIBRARY_PATH} PYTHONPATH=/home/dev_pc/dev_ws/install/udp_msgs/lib/python3.8/site-packages:${PYTHONPATH} /usr/bin/cmake --build /home/dev_pc/dev_ws/build/serial_driver -- -j6 -l6
[11.952s] DEBUG:colcon.colcon_core.event_handler.log_command:Invoked command in '/home/dev_pc/dev_ws/build/udp_driver' returned '0': AMENT_PREFIX_PATH=/home/dev_pc/dev_ws/install/io_context:/home/dev_pc/dev_ws/install/udp_msgs:/home/dev_pc/dev_ws/install/asio_cmake_module:${AMENT_PREFIX_PATH} CMAKE_PREFIX_PATH=/home/dev_pc/dev_ws/install/io_context:/home/dev_pc/dev_ws/install/udp_msgs:/home/dev_pc/dev_ws/install/asio_cmake_module:/home/dev_pc/dev_ws/install/serial:/home/dev_pc/dev_ws/install/racer_bot:/home/dev_pc/dev_ws/install/racecar_hw_interface:/home/dev_pc/dev_ws/src/install/serial:/home/dev_pc/dev_ws/src/install/racer_bot:/home/dev_pc/dev_ws/src/install/racecar_hw_interface:/opt/ros/foxy LD_LIBRARY_PATH=/home/dev_pc/dev_ws/install/io_context/lib:/home/dev_pc/dev_ws/install/udp_msgs/lib:${LD_LIBRARY_PATH} PYTHONPATH=/home/dev_pc/dev_ws/install/udp_msgs/lib/python3.8/site-packages:${PYTHONPATH} /usr/bin/cmake /home/dev_pc/dev_ws/src/transport_drivers/udp_driver -DCMAKE_INSTALL_PREFIX=/home/dev_pc/dev_ws/install/udp_driver
[11.959s] DEBUG:colcon.colcon_core.event_handler.log_command:Invoking command in '/home/dev_pc/dev_ws/build/udp_driver': AMENT_PREFIX_PATH=/home/dev_pc/dev_ws/install/io_context:/home/dev_pc/dev_ws/install/udp_msgs:/home/dev_pc/dev_ws/install/asio_cmake_module:${AMENT_PREFIX_PATH} CMAKE_PREFIX_PATH=/home/dev_pc/dev_ws/install/io_context:/home/dev_pc/dev_ws/install/udp_msgs:/home/dev_pc/dev_ws/install/asio_cmake_module:/home/dev_pc/dev_ws/install/serial:/home/dev_pc/dev_ws/install/racer_bot:/home/dev_pc/dev_ws/install/racecar_hw_interface:/home/dev_pc/dev_ws/src/install/serial:/home/dev_pc/dev_ws/src/install/racer_bot:/home/dev_pc/dev_ws/src/install/racecar_hw_interface:/opt/ros/foxy LD_LIBRARY_PATH=/home/dev_pc/dev_ws/install/io_context/lib:/home/dev_pc/dev_ws/install/udp_msgs/lib:${LD_LIBRARY_PATH} PYTHONPATH=/home/dev_pc/dev_ws/install/udp_msgs/lib/python3.8/site-packages:${PYTHONPATH} /usr/bin/cmake --build /home/dev_pc/dev_ws/build/udp_driver -- -j6 -l6
[20.518s] DEBUG:colcon.colcon_core.event_handler.log_command:Invoked command in '/home/dev_pc/dev_ws/build/serial_driver' returned '0': AMENT_PREFIX_PATH=/home/dev_pc/dev_ws/install/io_context:/home/dev_pc/dev_ws/install/udp_msgs:/home/dev_pc/dev_ws/install/asio_cmake_module:${AMENT_PREFIX_PATH} CMAKE_PREFIX_PATH=/home/dev_pc/dev_ws/install/io_context:/home/dev_pc/dev_ws/install/udp_msgs:/home/dev_pc/dev_ws/install/asio_cmake_module:/home/dev_pc/dev_ws/install/serial:/home/dev_pc/dev_ws/install/racer_bot:/home/dev_pc/dev_ws/install/racecar_hw_interface:/home/dev_pc/dev_ws/src/install/serial:/home/dev_pc/dev_ws/src/install/racer_bot:/home/dev_pc/dev_ws/src/install/racecar_hw_interface:/opt/ros/foxy LD_LIBRARY_PATH=/home/dev_pc/dev_ws/install/io_context/lib:/home/dev_pc/dev_ws/install/udp_msgs/lib:${LD_LIBRARY_PATH} PYTHONPATH=/home/dev_pc/dev_ws/install/udp_msgs/lib/python3.8/site-packages:${PYTHONPATH} /usr/bin/cmake --build /home/dev_pc/dev_ws/build/serial_driver -- -j6 -l6
[20.519s] DEBUG:colcon.colcon_core.event_handler.log_command:Invoking command in '/home/dev_pc/dev_ws/build/serial_driver': AMENT_PREFIX_PATH=/home/dev_pc/dev_ws/install/io_context:/home/dev_pc/dev_ws/install/udp_msgs:/home/dev_pc/dev_ws/install/asio_cmake_module:${AMENT_PREFIX_PATH} CMAKE_PREFIX_PATH=/home/dev_pc/dev_ws/install/io_context:/home/dev_pc/dev_ws/install/udp_msgs:/home/dev_pc/dev_ws/install/asio_cmake_module:/home/dev_pc/dev_ws/install/serial:/home/dev_pc/dev_ws/install/racer_bot:/home/dev_pc/dev_ws/install/racecar_hw_interface:/home/dev_pc/dev_ws/src/install/serial:/home/dev_pc/dev_ws/src/install/racer_bot:/home/dev_pc/dev_ws/src/install/racecar_hw_interface:/opt/ros/foxy LD_LIBRARY_PATH=/home/dev_pc/dev_ws/install/io_context/lib:/home/dev_pc/dev_ws/install/udp_msgs/lib:${LD_LIBRARY_PATH} PYTHONPATH=/home/dev_pc/dev_ws/install/udp_msgs/lib/python3.8/site-packages:${PYTHONPATH} /usr/bin/cmake --install /home/dev_pc/dev_ws/build/serial_driver
[20.539s] Level 1:colcon.colcon_core.environment:create_environment_scripts_only(serial_driver)
[20.540s] Level 1:colcon.colcon_core.environment:checking '/home/dev_pc/dev_ws/install/serial_driver' for CMake module files
[20.540s] Level 1:colcon.colcon_core.environment:checking '/home/dev_pc/dev_ws/install/serial_driver' for CMake config files
[20.541s] Level 1:colcon.colcon_core.shell:create_environment_hook('serial_driver', 'cmake_prefix_path')
[20.541s] INFO:colcon.colcon_core.shell:Creating environment hook '/home/dev_pc/dev_ws/install/serial_driver/share/serial_driver/hook/cmake_prefix_path.ps1'
[20.541s] INFO:colcon.colcon_core.shell:Creating environment descriptor '/home/dev_pc/dev_ws/install/serial_driver/share/serial_driver/hook/cmake_prefix_path.dsv'
[20.542s] INFO:colcon.colcon_core.shell:Creating environment hook '/home/dev_pc/dev_ws/install/serial_driver/share/serial_driver/hook/cmake_prefix_path.sh'
[20.542s] Level 1:colcon.colcon_core.environment:checking '/home/dev_pc/dev_ws/install/serial_driver/lib'
[20.542s] Level 1:colcon.colcon_core.shell:create_environment_hook('serial_driver', 'ld_library_path_lib')
[20.543s] INFO:colcon.colcon_core.shell:Creating environment hook '/home/dev_pc/dev_ws/install/serial_driver/share/serial_driver/hook/ld_library_path_lib.ps1'
[20.543s] INFO:colcon.colcon_core.shell:Creating environment descriptor '/home/dev_pc/dev_ws/install/serial_driver/share/serial_driver/hook/ld_library_path_lib.dsv'
[20.543s] INFO:colcon.colcon_core.shell:Creating environment hook '/home/dev_pc/dev_ws/install/serial_driver/share/serial_driver/hook/ld_library_path_lib.sh'
[20.544s] Level 1:colcon.colcon_core.environment:checking '/home/dev_pc/dev_ws/install/serial_driver/bin'
[20.544s] Level 1:colcon.colcon_core.environment:checking '/home/dev_pc/dev_ws/install/serial_driver/lib/pkgconfig/serial_driver.pc'
[20.544s] Level 1:colcon.colcon_core.environment:checking '/home/dev_pc/dev_ws/install/serial_driver/lib/python3.8/site-packages'
[20.544s] Level 1:colcon.colcon_core.environment:checking '/home/dev_pc/dev_ws/install/serial_driver/bin'
[20.544s] INFO:colcon.colcon_core.shell:Creating package script '/home/dev_pc/dev_ws/install/serial_driver/share/serial_driver/package.ps1'
[20.545s] INFO:colcon.colcon_core.shell:Creating package descriptor '/home/dev_pc/dev_ws/install/serial_driver/share/serial_driver/package.dsv'
[20.545s] INFO:colcon.colcon_core.shell:Creating package script '/home/dev_pc/dev_ws/install/serial_driver/share/serial_driver/package.sh'
[20.545s] DEBUG:colcon.colcon_core.event_handler.log_command:Invoked command in '/home/dev_pc/dev_ws/build/serial_driver' returned '0': AMENT_PREFIX_PATH=/home/dev_pc/dev_ws/install/io_context:/home/dev_pc/dev_ws/install/udp_msgs:/home/dev_pc/dev_ws/install/asio_cmake_module:${AMENT_PREFIX_PATH} CMAKE_PREFIX_PATH=/home/dev_pc/dev_ws/install/io_context:/home/dev_pc/dev_ws/install/udp_msgs:/home/dev_pc/dev_ws/install/asio_cmake_module:/home/dev_pc/dev_ws/install/serial:/home/dev_pc/dev_ws/install/racer_bot:/home/dev_pc/dev_ws/install/racecar_hw_interface:/home/dev_pc/dev_ws/src/install/serial:/home/dev_pc/dev_ws/src/install/racer_bot:/home/dev_pc/dev_ws/src/install/racecar_hw_interface:/opt/ros/foxy LD_LIBRARY_PATH=/home/dev_pc/dev_ws/install/io_context/lib:/home/dev_pc/dev_ws/install/udp_msgs/lib:${LD_LIBRARY_PATH} PYTHONPATH=/home/dev_pc/dev_ws/install/udp_msgs/lib/python3.8/site-packages:${PYTHONPATH} /usr/bin/cmake --install /home/dev_pc/dev_ws/build/serial_driver
[20.546s] INFO:colcon.colcon_core.shell:Creating package script '/home/dev_pc/dev_ws/install/serial_driver/share/serial_driver/package.bash'
[20.546s] INFO:colcon.colcon_core.shell:Creating package script '/home/dev_pc/dev_ws/install/serial_driver/share/serial_driver/package.zsh'
[20.547s] Level 1:colcon.colcon_core.environment:create_file_with_runtime_dependencies(/home/dev_pc/dev_ws/install/serial_driver/share/colcon-core/packages/serial_driver)
[20.547s] Level 1:colcon.colcon_core.environment:create_environment_scripts_only(serial_driver)
[20.548s] Level 1:colcon.colcon_core.environment:checking '/home/dev_pc/dev_ws/install/serial_driver' for CMake module files
[20.548s] Level 1:colcon.colcon_core.environment:checking '/home/dev_pc/dev_ws/install/serial_driver' for CMake config files
[20.549s] Level 1:colcon.colcon_core.shell:create_environment_hook('serial_driver', 'cmake_prefix_path')
[20.549s] INFO:colcon.colcon_core.shell:Creating environment hook '/home/dev_pc/dev_ws/install/serial_driver/share/serial_driver/hook/cmake_prefix_path.ps1'
[20.550s] INFO:colcon.colcon_core.shell:Creating environment descriptor '/home/dev_pc/dev_ws/install/serial_driver/share/serial_driver/hook/cmake_prefix_path.dsv'
[20.550s] INFO:colcon.colcon_core.shell:Creating environment hook '/home/dev_pc/dev_ws/install/serial_driver/share/serial_driver/hook/cmake_prefix_path.sh'
[20.550s] Level 1:colcon.colcon_core.environment:checking '/home/dev_pc/dev_ws/install/serial_driver/lib'
[20.550s] Level 1:colcon.colcon_core.shell:create_environment_hook('serial_driver', 'ld_library_path_lib')
[20.551s] INFO:colcon.colcon_core.shell:Creating environment hook '/home/dev_pc/dev_ws/install/serial_driver/share/serial_driver/hook/ld_library_path_lib.ps1'
[20.551s] INFO:colcon.colcon_core.shell:Creating environment descriptor '/home/dev_pc/dev_ws/install/serial_driver/share/serial_driver/hook/ld_library_path_lib.dsv'
[20.551s] INFO:colcon.colcon_core.shell:Creating environment hook '/home/dev_pc/dev_ws/install/serial_driver/share/serial_driver/hook/ld_library_path_lib.sh'
[20.552s] Level 1:colcon.colcon_core.environment:checking '/home/dev_pc/dev_ws/install/serial_driver/bin'
[20.552s] Level 1:colcon.colcon_core.environment:checking '/home/dev_pc/dev_ws/install/serial_driver/lib/pkgconfig/serial_driver.pc'
[20.552s] Level 1:colcon.colcon_core.environment:checking '/home/dev_pc/dev_ws/install/serial_driver/lib/python3.8/site-packages'
[20.552s] Level 1:colcon.colcon_core.environment:checking '/home/dev_pc/dev_ws/install/serial_driver/bin'
[20.552s] INFO:colcon.colcon_core.shell:Creating package script '/home/dev_pc/dev_ws/install/serial_driver/share/serial_driver/package.ps1'
[20.553s] INFO:colcon.colcon_core.shell:Creating package descriptor '/home/dev_pc/dev_ws/install/serial_driver/share/serial_driver/package.dsv'
[20.553s] INFO:colcon.colcon_core.shell:Creating package script '/home/dev_pc/dev_ws/install/serial_driver/share/serial_driver/package.sh'
[20.554s] INFO:colcon.colcon_core.shell:Creating package script '/home/dev_pc/dev_ws/install/serial_driver/share/serial_driver/package.bash'
[20.554s] INFO:colcon.colcon_core.shell:Creating package script '/home/dev_pc/dev_ws/install/serial_driver/share/serial_driver/package.zsh'
[20.555s] Level 1:colcon.colcon_core.environment:create_file_with_runtime_dependencies(/home/dev_pc/dev_ws/install/serial_driver/share/colcon-core/packages/serial_driver)
[26.572s] DEBUG:colcon.colcon_core.event_handler.log_command:Invoked command in '/home/dev_pc/dev_ws/build/udp_driver' returned '0': AMENT_PREFIX_PATH=/home/dev_pc/dev_ws/install/io_context:/home/dev_pc/dev_ws/install/udp_msgs:/home/dev_pc/dev_ws/install/asio_cmake_module:${AMENT_PREFIX_PATH} CMAKE_PREFIX_PATH=/home/dev_pc/dev_ws/install/io_context:/home/dev_pc/dev_ws/install/udp_msgs:/home/dev_pc/dev_ws/install/asio_cmake_module:/home/dev_pc/dev_ws/install/serial:/home/dev_pc/dev_ws/install/racer_bot:/home/dev_pc/dev_ws/install/racecar_hw_interface:/home/dev_pc/dev_ws/src/install/serial:/home/dev_pc/dev_ws/src/install/racer_bot:/home/dev_pc/dev_ws/src/install/racecar_hw_interface:/opt/ros/foxy LD_LIBRARY_PATH=/home/dev_pc/dev_ws/install/io_context/lib:/home/dev_pc/dev_ws/install/udp_msgs/lib:${LD_LIBRARY_PATH} PYTHONPATH=/home/dev_pc/dev_ws/install/udp_msgs/lib/python3.8/site-packages:${PYTHONPATH} /usr/bin/cmake --build /home/dev_pc/dev_ws/build/udp_driver -- -j6 -l6
[26.574s] DEBUG:colcon.colcon_core.event_handler.log_command:Invoking command in '/home/dev_pc/dev_ws/build/udp_driver': AMENT_PREFIX_PATH=/home/dev_pc/dev_ws/install/io_context:/home/dev_pc/dev_ws/install/udp_msgs:/home/dev_pc/dev_ws/install/asio_cmake_module:${AMENT_PREFIX_PATH} CMAKE_PREFIX_PATH=/home/dev_pc/dev_ws/install/io_context:/home/dev_pc/dev_ws/install/udp_msgs:/home/dev_pc/dev_ws/install/asio_cmake_module:/home/dev_pc/dev_ws/install/serial:/home/dev_pc/dev_ws/install/racer_bot:/home/dev_pc/dev_ws/install/racecar_hw_interface:/home/dev_pc/dev_ws/src/install/serial:/home/dev_pc/dev_ws/src/install/racer_bot:/home/dev_pc/dev_ws/src/install/racecar_hw_interface:/opt/ros/foxy LD_LIBRARY_PATH=/home/dev_pc/dev_ws/install/io_context/lib:/home/dev_pc/dev_ws/install/udp_msgs/lib:${LD_LIBRARY_PATH} PYTHONPATH=/home/dev_pc/dev_ws/install/udp_msgs/lib/python3.8/site-packages:${PYTHONPATH} /usr/bin/cmake --install /home/dev_pc/dev_ws/build/udp_driver
[26.593s] Level 1:colcon.colcon_core.environment:create_environment_scripts_only(udp_driver)
[26.594s] Level 1:colcon.colcon_core.environment:checking '/home/dev_pc/dev_ws/install/udp_driver' for CMake module files
[26.594s] DEBUG:colcon.colcon_core.event_handler.log_command:Invoked command in '/home/dev_pc/dev_ws/build/udp_driver' returned '0': AMENT_PREFIX_PATH=/home/dev_pc/dev_ws/install/io_context:/home/dev_pc/dev_ws/install/udp_msgs:/home/dev_pc/dev_ws/install/asio_cmake_module:${AMENT_PREFIX_PATH} CMAKE_PREFIX_PATH=/home/dev_pc/dev_ws/install/io_context:/home/dev_pc/dev_ws/install/udp_msgs:/home/dev_pc/dev_ws/install/asio_cmake_module:/home/dev_pc/dev_ws/install/serial:/home/dev_pc/dev_ws/install/racer_bot:/home/dev_pc/dev_ws/install/racecar_hw_interface:/home/dev_pc/dev_ws/src/install/serial:/home/dev_pc/dev_ws/src/install/racer_bot:/home/dev_pc/dev_ws/src/install/racecar_hw_interface:/opt/ros/foxy LD_LIBRARY_PATH=/home/dev_pc/dev_ws/install/io_context/lib:/home/dev_pc/dev_ws/install/udp_msgs/lib:${LD_LIBRARY_PATH} PYTHONPATH=/home/dev_pc/dev_ws/install/udp_msgs/lib/python3.8/site-packages:${PYTHONPATH} /usr/bin/cmake --install /home/dev_pc/dev_ws/build/udp_driver
[26.594s] Level 1:colcon.colcon_core.environment:checking '/home/dev_pc/dev_ws/install/udp_driver' for CMake config files
[26.595s] Level 1:colcon.colcon_core.shell:create_environment_hook('udp_driver', 'cmake_prefix_path')
[26.595s] INFO:colcon.colcon_core.shell:Creating environment hook '/home/dev_pc/dev_ws/install/udp_driver/share/udp_driver/hook/cmake_prefix_path.ps1'
[26.595s] INFO:colcon.colcon_core.shell:Creating environment descriptor '/home/dev_pc/dev_ws/install/udp_driver/share/udp_driver/hook/cmake_prefix_path.dsv'
[26.596s] INFO:colcon.colcon_core.shell:Creating environment hook '/home/dev_pc/dev_ws/install/udp_driver/share/udp_driver/hook/cmake_prefix_path.sh'
[26.596s] Level 1:colcon.colcon_core.environment:checking '/home/dev_pc/dev_ws/install/udp_driver/lib'
[26.596s] Level 1:colcon.colcon_core.shell:create_environment_hook('udp_driver', 'ld_library_path_lib')
[26.596s] INFO:colcon.colcon_core.shell:Creating environment hook '/home/dev_pc/dev_ws/install/udp_driver/share/udp_driver/hook/ld_library_path_lib.ps1'
[26.597s] INFO:colcon.colcon_core.shell:Creating environment descriptor '/home/dev_pc/dev_ws/install/udp_driver/share/udp_driver/hook/ld_library_path_lib.dsv'
[26.597s] INFO:colcon.colcon_core.shell:Creating environment hook '/home/dev_pc/dev_ws/install/udp_driver/share/udp_driver/hook/ld_library_path_lib.sh'
[26.597s] Level 1:colcon.colcon_core.environment:checking '/home/dev_pc/dev_ws/install/udp_driver/bin'
[26.597s] Level 1:colcon.colcon_core.environment:checking '/home/dev_pc/dev_ws/install/udp_driver/lib/pkgconfig/udp_driver.pc'
[26.597s] Level 1:colcon.colcon_core.environment:checking '/home/dev_pc/dev_ws/install/udp_driver/lib/python3.8/site-packages'
[26.598s] Level 1:colcon.colcon_core.environment:checking '/home/dev_pc/dev_ws/install/udp_driver/bin'
[26.598s] INFO:colcon.colcon_core.shell:Creating package script '/home/dev_pc/dev_ws/install/udp_driver/share/udp_driver/package.ps1'
[26.598s] INFO:colcon.colcon_core.shell:Creating package descriptor '/home/dev_pc/dev_ws/install/udp_driver/share/udp_driver/package.dsv'
[26.599s] INFO:colcon.colcon_core.shell:Creating package script '/home/dev_pc/dev_ws/install/udp_driver/share/udp_driver/package.sh'
[26.599s] INFO:colcon.colcon_core.shell:Creating package script '/home/dev_pc/dev_ws/install/udp_driver/share/udp_driver/package.bash'
[26.599s] INFO:colcon.colcon_core.shell:Creating package script '/home/dev_pc/dev_ws/install/udp_driver/share/udp_driver/package.zsh'
[26.599s] Level 1:colcon.colcon_core.environment:create_file_with_runtime_dependencies(/home/dev_pc/dev_ws/install/udp_driver/share/colcon-core/packages/udp_driver)
[26.600s] Level 1:colcon.colcon_core.environment:create_environment_scripts_only(udp_driver)
[26.600s] Level 1:colcon.colcon_core.environment:checking '/home/dev_pc/dev_ws/install/udp_driver' for CMake module files
[26.600s] Level 1:colcon.colcon_core.environment:checking '/home/dev_pc/dev_ws/install/udp_driver' for CMake config files
[26.601s] Level 1:colcon.colcon_core.shell:create_environment_hook('udp_driver', 'cmake_prefix_path')
[26.601s] INFO:colcon.colcon_core.shell:Creating environment hook '/home/dev_pc/dev_ws/install/udp_driver/share/udp_driver/hook/cmake_prefix_path.ps1'
[26.601s] INFO:colcon.colcon_core.shell:Creating environment descriptor '/home/dev_pc/dev_ws/install/udp_driver/share/udp_driver/hook/cmake_prefix_path.dsv'
[26.601s] INFO:colcon.colcon_core.shell:Creating environment hook '/home/dev_pc/dev_ws/install/udp_driver/share/udp_driver/hook/cmake_prefix_path.sh'
[26.602s] Level 1:colcon.colcon_core.environment:checking '/home/dev_pc/dev_ws/install/udp_driver/lib'
[26.602s] Level 1:colcon.colcon_core.shell:create_environment_hook('udp_driver', 'ld_library_path_lib')
[26.602s] INFO:colcon.colcon_core.shell:Creating environment hook '/home/dev_pc/dev_ws/install/udp_driver/share/udp_driver/hook/ld_library_path_lib.ps1'
[26.602s] INFO:colcon.colcon_core.shell:Creating environment descriptor '/home/dev_pc/dev_ws/install/udp_driver/share/udp_driver/hook/ld_library_path_lib.dsv'
[26.603s] INFO:colcon.colcon_core.shell:Creating environment hook '/home/dev_pc/dev_ws/install/udp_driver/share/udp_driver/hook/ld_library_path_lib.sh'
[26.603s] Level 1:colcon.colcon_core.environment:checking '/home/dev_pc/dev_ws/install/udp_driver/bin'
[26.603s] Level 1:colcon.colcon_core.environment:checking '/home/dev_pc/dev_ws/install/udp_driver/lib/pkgconfig/udp_driver.pc'
[26.603s] Level 1:colcon.colcon_core.environment:checking '/home/dev_pc/dev_ws/install/udp_driver/lib/python3.8/site-packages'
[26.603s] Level 1:colcon.colcon_core.environment:checking '/home/dev_pc/dev_ws/install/udp_driver/bin'
[26.603s] INFO:colcon.colcon_core.shell:Creating package script '/home/dev_pc/dev_ws/install/udp_driver/share/udp_driver/package.ps1'
[26.604s] INFO:colcon.colcon_core.shell:Creating package descriptor '/home/dev_pc/dev_ws/install/udp_driver/share/udp_driver/package.dsv'
[26.604s] INFO:colcon.colcon_core.shell:Creating package script '/home/dev_pc/dev_ws/install/udp_driver/share/udp_driver/package.sh'
[26.605s] INFO:colcon.colcon_core.shell:Creating package script '/home/dev_pc/dev_ws/install/udp_driver/share/udp_driver/package.bash'
[26.605s] INFO:colcon.colcon_core.shell:Creating package script '/home/dev_pc/dev_ws/install/udp_driver/share/udp_driver/package.zsh'
[26.605s] Level 1:colcon.colcon_core.environment:create_file_with_runtime_dependencies(/home/dev_pc/dev_ws/install/udp_driver/share/colcon-core/packages/udp_driver)
[26.606s] DEBUG:colcon.colcon_parallel_executor.executor.parallel:closing loop
[26.606s] DEBUG:colcon.colcon_parallel_executor.executor.parallel:loop closed
[26.606s] DEBUG:colcon.colcon_parallel_executor.executor.parallel:run_until_complete finished with '0'
[26.606s] DEBUG:colcon.colcon_core.event_reactor:joining thread
[26.610s] INFO:colcon.colcon_core.plugin_system:Skipping extension 'colcon_notification.desktop_notification.terminal_notifier': Not used on non-Darwin systems
[26.610s] INFO:colcon.colcon_core.plugin_system:Skipping extension 'colcon_notification.desktop_notification.win32': Not used on non-Windows systems
[26.610s] INFO:colcon.colcon_notification.desktop_notification:Sending desktop notification using 'notify2'
[26.622s] DEBUG:colcon.colcon_core.event_reactor:joined thread
[26.623s] INFO:colcon.colcon_core.shell:Creating prefix script '/home/dev_pc/dev_ws/install/local_setup.ps1'
[26.623s] INFO:colcon.colcon_core.shell:Creating prefix util module '/home/dev_pc/dev_ws/install/_local_setup_util_ps1.py'
[26.624s] INFO:colcon.colcon_core.shell:Creating prefix chain script '/home/dev_pc/dev_ws/install/setup.ps1'
[26.625s] INFO:colcon.colcon_core.shell:Creating prefix script '/home/dev_pc/dev_ws/install/local_setup.sh'
[26.626s] INFO:colcon.colcon_core.shell:Creating prefix util module '/home/dev_pc/dev_ws/install/_local_setup_util_sh.py'
[26.626s] INFO:colcon.colcon_core.shell:Creating prefix chain script '/home/dev_pc/dev_ws/install/setup.sh'
[26.627s] INFO:colcon.colcon_core.shell:Creating prefix script '/home/dev_pc/dev_ws/install/local_setup.bash'
[26.627s] INFO:colcon.colcon_core.shell:Creating prefix chain script '/home/dev_pc/dev_ws/install/setup.bash'
[26.628s] INFO:colcon.colcon_core.shell:Creating prefix script '/home/dev_pc/dev_ws/install/local_setup.zsh'
[26.629s] INFO:colcon.colcon_core.shell:Creating prefix chain script '/home/dev_pc/dev_ws/install/setup.zsh'
