[0.017s] Invoking command in '/home/dev_pc/dev_ws/build/serial': CMAKE_PREFIX_PATH=${CMAKE_PREFIX_PATH}:/opt/ros/foxy /usr/bin/cmake --build /home/dev_pc/dev_ws/build/serial -- -j6 -l6
[0.053s] [35m[1mScanning dependencies of target serial[0m
[0.063s] [ 28%] Built target gtest_main
[0.063s] [ 28%] Built target gtest
[0.064s] [ 35%] [32mBuilding CXX object CMakeFiles/serial.dir/src/impl/list_ports/list_ports_linux.cc.o[0m
[0.064s] [ 42%] [32mBuilding CXX object CMakeFiles/serial.dir/src/impl/unix.cc.o[0m
[0.064s] [ 50%] [32mBuilding CXX object CMakeFiles/serial.dir/src/serial.cc.o[0m
[0.430s] [ 57%] [32m[1mLinking CXX static library libserial.a[0m
[0.462s] [ 57%] Built target serial
[0.472s] [35m[1mScanning dependencies of target serial_example[0m
[0.472s] [35m[1mScanning dependencies of target serial-test[0m
[0.472s] [35m[1mScanning dependencies of target serial-test-timer[0m
[0.482s] [ 64%] [32mBuilding CXX object CMakeFiles/serial_example.dir/examples/serial_example.cc.o[0m
[0.483s] [ 78%] [32mBuilding CXX object tests/CMakeFiles/serial-test-timer.dir/unit/unix_timer_tests.cc.o[0m
[0.483s] [ 78%] [32mBuilding CXX object tests/CMakeFiles/serial-test.dir/unix_serial_tests.cc.o[0m
[0.746s] [ 85%] [32m[1mLinking CXX executable serial_example[0m
[0.828s] [ 85%] Built target serial_example
[1.056s] [ 92%] [32m[1mLinking CXX executable serial-test-timer[0m
[1.139s] [100%] [32m[1mLinking CXX executable serial-test[0m
[1.177s] [100%] Built target serial-test-timer
[1.256s] [100%] Built target serial-test
[1.266s] Invoked command in '/home/dev_pc/dev_ws/build/serial' returned '0': CMAKE_PREFIX_PATH=${CMAKE_PREFIX_PATH}:/opt/ros/foxy /usr/bin/cmake --build /home/dev_pc/dev_ws/build/serial -- -j6 -l6
[1.268s] Invoking command in '/home/dev_pc/dev_ws/build/serial': CMAKE_PREFIX_PATH=${CMAKE_PREFIX_PATH}:/opt/ros/foxy /usr/bin/cmake --install /home/dev_pc/dev_ws/build/serial
[1.275s] -- Install configuration: ""
[1.276s] -- Execute custom install script
[1.276s] -- Up-to-date symlink: /home/dev_pc/dev_ws/install/serial/include/serial/serial.h
[1.276s] -- Up-to-date symlink: /home/dev_pc/dev_ws/install/serial/include/serial/v8stdint.h
[1.277s] -- Up-to-date symlink: /home/dev_pc/dev_ws/install/serial/share/serial/environment/library_path.sh
[1.277s] -- Up-to-date symlink: /home/dev_pc/dev_ws/install/serial/share/serial/environment/library_path.dsv
[1.277s] -- Up-to-date symlink: /home/dev_pc/dev_ws/install/serial/share/ament_index/resource_index/package_run_dependencies/serial
[1.277s] -- Up-to-date symlink: /home/dev_pc/dev_ws/install/serial/share/ament_index/resource_index/parent_prefix_path/serial
[1.277s] -- Up-to-date symlink: /home/dev_pc/dev_ws/install/serial/share/serial/environment/ament_prefix_path.sh
[1.278s] -- Up-to-date symlink: /home/dev_pc/dev_ws/install/serial/share/serial/environment/ament_prefix_path.dsv
[1.278s] -- Up-to-date symlink: /home/dev_pc/dev_ws/install/serial/share/serial/environment/path.sh
[1.278s] -- Up-to-date symlink: /home/dev_pc/dev_ws/install/serial/share/serial/environment/path.dsv
[1.278s] -- Up-to-date symlink: /home/dev_pc/dev_ws/install/serial/share/serial/local_setup.bash
[1.279s] -- Up-to-date symlink: /home/dev_pc/dev_ws/install/serial/share/serial/local_setup.sh
[1.279s] -- Up-to-date symlink: /home/dev_pc/dev_ws/install/serial/share/serial/local_setup.zsh
[1.279s] -- Up-to-date symlink: /home/dev_pc/dev_ws/install/serial/share/serial/local_setup.dsv
[1.279s] -- Symlinking: /home/dev_pc/dev_ws/install/serial/share/serial/package.dsv
[1.287s] -- Up-to-date symlink: /home/dev_pc/dev_ws/install/serial/share/ament_index/resource_index/packages/serial
[1.288s] -- Up-to-date symlink: /home/dev_pc/dev_ws/install/serial/share/serial/cmake/ament_cmake_export_include_directories-extras.cmake
[1.288s] -- Up-to-date symlink: /home/dev_pc/dev_ws/install/serial/share/serial/cmake/ament_cmake_export_libraries-extras.cmake
[1.288s] -- Up-to-date symlink: /home/dev_pc/dev_ws/install/serial/share/serial/cmake/serialConfig.cmake
[1.288s] -- Up-to-date symlink: /home/dev_pc/dev_ws/install/serial/share/serial/cmake/serialConfig-version.cmake
[1.288s] -- Up-to-date symlink: /home/dev_pc/dev_ws/install/serial/share/serial/package.xml
[1.289s] -- Installing: /home/dev_pc/dev_ws/install/serial/lib/libserial.a
[1.292s] Invoked command in '/home/dev_pc/dev_ws/build/serial' returned '0': CMAKE_PREFIX_PATH=${CMAKE_PREFIX_PATH}:/opt/ros/foxy /usr/bin/cmake --install /home/dev_pc/dev_ws/build/serial
