[0.019s] Invoking command in '/home/dev_pc/dev_ws/build/racecar_hw_interface': CMAKE_PREFIX_PATH=${CMAKE_PREFIX_PATH}:/opt/ros/foxy /usr/bin/cmake /home/dev_pc/dev_ws/src/racecar_hw_interface -DCMAKE_INSTALL_PREFIX=/home/dev_pc/dev_ws/install/racecar_hw_interface
[0.031s] -- Found ament_cmake: 0.9.12 (/opt/ros/foxy/share/ament_cmake/cmake)
[0.050s] -- Using PYTHON_EXECUTABLE: /usr/bin/python3
[0.209s] -- Found rclcpp: 2.4.3 (/opt/ros/foxy/share/rclcpp/cmake)
[0.238s] -- Using all available rosidl_typesupport_c: rosidl_typesupport_fastrtps_c;rosidl_typesupport_introspection_c
[0.241s] -- Found rosidl_adapter: 1.3.1 (/opt/ros/foxy/share/rosidl_adapter/cmake)
[0.341s] -- Using all available rosidl_typesupport_cpp: rosidl_typesupport_fastrtps_cpp;rosidl_typesupport_introspection_cpp
[0.383s] -- Found rmw_implementation_cmake: 1.0.4 (/opt/ros/foxy/share/rmw_implementation_cmake/cmake)
[0.384s] -- Using RMW implementation 'rmw_fastrtps_cpp' as default
[0.507s] -- Found ament_lint_auto: 0.9.8 (/opt/ros/foxy/share/ament_lint_auto/cmake)
[0.564s] -- Added test 'copyright' to check source files copyright and LICENSE
[0.571s] -- Added test 'cppcheck' to perform static code analysis on C / C++ code
[0.571s] -- Configured cppcheck include dirs: 
[0.571s] -- Configured cppcheck exclude dirs and/or files: 
[0.578s] -- Added test 'cpplint' to check C / C++ code against the Google style
[0.578s] -- Configured cpplint exclude dirs and/or files: 
[0.580s] -- Added test 'lint_cmake' to check CMake code style
[0.588s] -- Added test 'uncrustify' to check C / C++ code style
[0.588s] -- Configured uncrustify additional arguments: 
[0.589s] -- Added test 'xmllint' to check XML markup files
[0.591s] -- Configuring done
[0.593s] -- Generating done
[0.599s] -- Build files have been written to: /home/dev_pc/dev_ws/build/racecar_hw_interface
[0.604s] Invoked command in '/home/dev_pc/dev_ws/build/racecar_hw_interface' returned '0': CMAKE_PREFIX_PATH=${CMAKE_PREFIX_PATH}:/opt/ros/foxy /usr/bin/cmake /home/dev_pc/dev_ws/src/racecar_hw_interface -DCMAKE_INSTALL_PREFIX=/home/dev_pc/dev_ws/install/racecar_hw_interface
[0.606s] Invoking command in '/home/dev_pc/dev_ws/build/racecar_hw_interface': CMAKE_PREFIX_PATH=${CMAKE_PREFIX_PATH}:/opt/ros/foxy /usr/bin/cmake --build /home/dev_pc/dev_ws/build/racecar_hw_interface -- -j6 -l6
[0.640s] Invoked command in '/home/dev_pc/dev_ws/build/racecar_hw_interface' returned '0': CMAKE_PREFIX_PATH=${CMAKE_PREFIX_PATH}:/opt/ros/foxy /usr/bin/cmake --build /home/dev_pc/dev_ws/build/racecar_hw_interface -- -j6 -l6
[0.642s] Invoking command in '/home/dev_pc/dev_ws/build/racecar_hw_interface': CMAKE_PREFIX_PATH=${CMAKE_PREFIX_PATH}:/opt/ros/foxy /usr/bin/cmake --install /home/dev_pc/dev_ws/build/racecar_hw_interface
[0.649s] -- Install configuration: ""
[0.649s] -- Installing: /home/dev_pc/dev_ws/install/racecar_hw_interface/share/ament_index/resource_index/package_run_dependencies/racecar_hw_interface
[0.649s] -- Installing: /home/dev_pc/dev_ws/install/racecar_hw_interface/share/ament_index/resource_index/parent_prefix_path/racecar_hw_interface
[0.649s] -- Installing: /home/dev_pc/dev_ws/install/racecar_hw_interface/share/racecar_hw_interface/environment/ament_prefix_path.sh
[0.649s] -- Installing: /home/dev_pc/dev_ws/install/racecar_hw_interface/share/racecar_hw_interface/environment/ament_prefix_path.dsv
[0.650s] -- Installing: /home/dev_pc/dev_ws/install/racecar_hw_interface/share/racecar_hw_interface/environment/path.sh
[0.650s] -- Installing: /home/dev_pc/dev_ws/install/racecar_hw_interface/share/racecar_hw_interface/environment/path.dsv
[0.650s] -- Installing: /home/dev_pc/dev_ws/install/racecar_hw_interface/share/racecar_hw_interface/local_setup.bash
[0.650s] -- Installing: /home/dev_pc/dev_ws/install/racecar_hw_interface/share/racecar_hw_interface/local_setup.sh
[0.650s] -- Installing: /home/dev_pc/dev_ws/install/racecar_hw_interface/share/racecar_hw_interface/local_setup.zsh
[0.650s] -- Installing: /home/dev_pc/dev_ws/install/racecar_hw_interface/share/racecar_hw_interface/local_setup.dsv
[0.650s] -- Installing: /home/dev_pc/dev_ws/install/racecar_hw_interface/share/racecar_hw_interface/package.dsv
[0.650s] -- Installing: /home/dev_pc/dev_ws/install/racecar_hw_interface/share/ament_index/resource_index/packages/racecar_hw_interface
[0.651s] -- Installing: /home/dev_pc/dev_ws/install/racecar_hw_interface/share/racecar_hw_interface/cmake/racecar_hw_interfaceConfig.cmake
[0.651s] -- Installing: /home/dev_pc/dev_ws/install/racecar_hw_interface/share/racecar_hw_interface/cmake/racecar_hw_interfaceConfig-version.cmake
[0.651s] -- Installing: /home/dev_pc/dev_ws/install/racecar_hw_interface/share/racecar_hw_interface/package.xml
[0.653s] Invoked command in '/home/dev_pc/dev_ws/build/racecar_hw_interface' returned '0': CMAKE_PREFIX_PATH=${CMAKE_PREFIX_PATH}:/opt/ros/foxy /usr/bin/cmake --install /home/dev_pc/dev_ws/build/racecar_hw_interface
