[0.017s] Invoking command in '/home/dev_pc/dev_ws/build/serial': CMAKE_PREFIX_PATH=${CMAKE_PREFIX_PATH}:/opt/ros/foxy /usr/bin/cmake /home/dev_pc/dev_ws/src/serial -DCMAKE_INSTALL_PREFIX=/home/dev_pc/dev_ws/install/serial
[0.063s] -- The C compiler identification is GNU 9.4.0
[0.110s] -- The CXX compiler identification is GNU 9.4.0
[0.114s] -- Check for working C compiler: /usr/bin/cc
[0.174s] -- Check for working C compiler: /usr/bin/cc -- works
[0.174s] -- Detecting C compiler ABI info
[0.233s] -- Detecting C compiler ABI info - done
[0.242s] -- Detecting C compile features
[0.242s] -- Detecting C compile features - done
[0.245s] -- Check for working CXX compiler: /usr/bin/c++
[0.313s] -- Check for working CXX compiler: /usr/bin/c++ -- works
[0.313s] -- Detecting CXX compiler ABI info
[0.382s] -- Detecting CXX compiler ABI info - done
[0.392s] -- Detecting CXX compile features
[0.393s] -- Detecting CXX compile features - done
[0.394s] -- Found ament_cmake: 0.9.12 (/opt/ros/foxy/share/ament_cmake/cmake)
[0.414s] -- Found PythonInterp: /usr/bin/python3 (found suitable version "3.8.10", minimum required is "3") 
[0.414s] -- Using PYTHON_EXECUTABLE: /usr/bin/python3
[0.582s] -- Found ament_cmake_gtest: 0.9.12 (/opt/ros/foxy/share/ament_cmake_gtest/cmake)
[0.587s] -- Found Boost: /usr/lib/x86_64-linux-gnu/cmake/Boost-1.71.0/BoostConfig.cmake (found version "1.71.0")  
[0.589s] -- Found gtest sources under '/opt/ros/foxy/src/gtest_vendor': C++ tests using 'Google Test' will be built
[0.591s] -- Looking for pthread.h
[0.653s] -- Looking for pthread.h - found
[0.653s] -- Performing Test CMAKE_HAVE_LIBC_PTHREAD
[0.716s] -- Performing Test CMAKE_HAVE_LIBC_PTHREAD - Failed
[0.716s] -- Check if compiler accepts -pthread
[0.779s] -- Check if compiler accepts -pthread - yes
[0.779s] -- Found Threads: TRUE  
[0.832s] -- Configuring done
[0.841s] -- Generating done
[0.844s] -- Build files have been written to: /home/dev_pc/dev_ws/build/serial
[0.848s] Invoked command in '/home/dev_pc/dev_ws/build/serial' returned '0': CMAKE_PREFIX_PATH=${CMAKE_PREFIX_PATH}:/opt/ros/foxy /usr/bin/cmake /home/dev_pc/dev_ws/src/serial -DCMAKE_INSTALL_PREFIX=/home/dev_pc/dev_ws/install/serial
[0.850s] Invoking command in '/home/dev_pc/dev_ws/build/serial': CMAKE_PREFIX_PATH=${CMAKE_PREFIX_PATH}:/opt/ros/foxy /usr/bin/cmake --build /home/dev_pc/dev_ws/build/serial -- -j6 -l6
[0.882s] [35m[1mScanning dependencies of target serial[0m
[0.882s] [35m[1mScanning dependencies of target gtest[0m
[0.883s] [35m[1mScanning dependencies of target gtest_main[0m
[0.893s] [  7%] [32mBuilding CXX object CMakeFiles/serial.dir/src/impl/list_ports/list_ports_linux.cc.o[0m
[0.894s] [ 14%] [32mBuilding CXX object CMakeFiles/serial.dir/src/impl/unix.cc.o[0m
[0.894s] [ 21%] [32mBuilding CXX object CMakeFiles/serial.dir/src/serial.cc.o[0m
[0.896s] [ 28%] [32mBuilding CXX object gtest/CMakeFiles/gtest_main.dir/src/gtest_main.cc.o[0m
[0.898s] [ 35%] [32mBuilding CXX object gtest/CMakeFiles/gtest.dir/src/gtest-all.cc.o[0m
[1.272s] [ 42%] [32m[1mLinking CXX static library libserial.a[0m
[1.302s] [ 42%] Built target serial
[1.311s] [35m[1mScanning dependencies of target serial_example[0m
[1.321s] [ 50%] [32mBuilding CXX object CMakeFiles/serial_example.dir/examples/serial_example.cc.o[0m
[1.469s] [ 57%] [32m[1mLinking CXX static library libgtest_main.a[0m
[1.498s] [ 57%] Built target gtest_main
[1.586s] [ 64%] [32m[1mLinking CXX executable serial_example[0m
[1.657s] [ 64%] Built target serial_example
[3.346s] [ 71%] [32m[1mLinking CXX static library libgtest.a[0m
[3.395s] [ 71%] Built target gtest
[3.404s] [35m[1mScanning dependencies of target serial-test-timer[0m
[3.404s] [35m[1mScanning dependencies of target serial-test[0m
[3.416s] [ 85%] [32mBuilding CXX object tests/CMakeFiles/serial-test.dir/unix_serial_tests.cc.o[0m
[3.416s] [ 85%] [32mBuilding CXX object tests/CMakeFiles/serial-test-timer.dir/unit/unix_timer_tests.cc.o[0m
[3.990s] [ 92%] [32m[1mLinking CXX executable serial-test-timer[0m
[4.057s] [100%] [32m[1mLinking CXX executable serial-test[0m
[4.108s] [100%] Built target serial-test-timer
[4.174s] [100%] Built target serial-test
