[0.023s] Invoking command in '/home/dev_pc/dev_ws/build/udp_msgs': CMAKE_PREFIX_PATH=${CMAKE_PREFIX_PATH}:/opt/ros/foxy /usr/bin/cmake /home/dev_pc/dev_ws/src/udp_msgs -DCMAKE_INSTALL_PREFIX=/home/dev_pc/dev_ws/install/udp_msgs
[0.081s] -- The C compiler identification is GNU 9.4.0
[0.123s] -- The CXX compiler identification is GNU 9.4.0
[0.127s] -- Check for working C compiler: /usr/bin/cc
[0.185s] -- Check for working C compiler: /usr/bin/cc -- works
[0.186s] -- Detecting C compiler ABI info
[0.244s] -- Detecting C compiler ABI info - done
[0.254s] -- Detecting C compile features
[0.254s] -- Detecting C compile features - done
[0.256s] -- Check for working CXX compiler: /usr/bin/c++
[0.326s] -- Check for working CXX compiler: /usr/bin/c++ -- works
[0.327s] -- Detecting CXX compiler ABI info
[0.399s] -- Detecting CXX compiler ABI info - done
[0.409s] -- Detecting CXX compile features
[0.410s] -- Detecting CXX compile features - done
[0.413s] -- Found ament_cmake: 0.9.12 (/opt/ros/foxy/share/ament_cmake/cmake)
[0.433s] -- Found PythonInterp: /usr/bin/python3 (found suitable version "3.8.10", minimum required is "3") 
[0.433s] -- Using PYTHON_EXECUTABLE: /usr/bin/python3
[0.596s] -- Found std_msgs: 2.0.5 (/opt/ros/foxy/share/std_msgs/cmake)
[0.620s] -- Using all available rosidl_typesupport_c: rosidl_typesupport_fastrtps_c;rosidl_typesupport_introspection_c
[0.626s] -- Found rosidl_adapter: 1.3.1 (/opt/ros/foxy/share/rosidl_adapter/cmake)
[0.693s] -- Found OpenSSL: /usr/lib/x86_64-linux-gnu/libcrypto.so (found version "1.1.1f")  
[0.717s] -- Found FastRTPS: /opt/ros/foxy/include  
[0.783s] -- Using all available rosidl_typesupport_cpp: rosidl_typesupport_fastrtps_cpp;rosidl_typesupport_introspection_cpp
[0.824s] -- Found rosidl_default_generators: 1.0.1 (/opt/ros/foxy/share/rosidl_default_generators/cmake)
[0.851s] -- Found PythonInterp: /usr/bin/python3 (found version "3.8.10") 
[0.989s] -- Found ament_cmake_ros: 0.9.2 (/opt/ros/foxy/share/ament_cmake_ros/cmake)
[1.139s] -- Using all available rosidl_typesupport_c: rosidl_typesupport_fastrtps_c;rosidl_typesupport_introspection_c
[1.193s] -- Using all available rosidl_typesupport_cpp: rosidl_typesupport_fastrtps_cpp;rosidl_typesupport_introspection_cpp
[1.213s] -- Found PythonInterp: /usr/bin/python3 (found suitable version "3.8.10", minimum required is "3.5") 
[1.215s] -- Found python_cmake_module: 0.8.1 (/opt/ros/foxy/share/python_cmake_module/cmake)
[1.243s] -- Found PythonLibs: /usr/lib/x86_64-linux-gnu/libpython3.8.so (found suitable version "3.8.10", minimum required is "3.5") 
[1.243s] -- Using PYTHON_EXECUTABLE: /usr/bin/python3
[1.243s] -- Using PYTHON_INCLUDE_DIRS: /usr/include/python3.8
[1.243s] -- Using PYTHON_LIBRARIES: /usr/lib/x86_64-linux-gnu/libpython3.8.so
[1.261s] -- Found PythonExtra: .so  
[1.314s] -- Found ament_lint_auto: 0.9.8 (/opt/ros/foxy/share/ament_lint_auto/cmake)
[1.332s] -- Added test 'copyright' to check source files copyright and LICENSE
[1.338s] -- Added test 'lint_cmake' to check CMake code style
[1.342s] -- Added test 'xmllint' to check XML markup files
[1.346s] -- Configuring done
[1.390s] -- Generating done
[1.403s] -- Build files have been written to: /home/dev_pc/dev_ws/build/udp_msgs
[1.410s] Invoked command in '/home/dev_pc/dev_ws/build/udp_msgs' returned '0': CMAKE_PREFIX_PATH=${CMAKE_PREFIX_PATH}:/opt/ros/foxy /usr/bin/cmake /home/dev_pc/dev_ws/src/udp_msgs -DCMAKE_INSTALL_PREFIX=/home/dev_pc/dev_ws/install/udp_msgs
[1.412s] Invoking command in '/home/dev_pc/dev_ws/build/udp_msgs': CMAKE_PREFIX_PATH=${CMAKE_PREFIX_PATH}:/opt/ros/foxy /usr/bin/cmake --build /home/dev_pc/dev_ws/build/udp_msgs -- -j6 -l6
[1.448s] [35m[1mScanning dependencies of target udp_msgs__cpp[0m
[1.448s] [  2%] [34m[1mGenerating C code for ROS interfaces[0m
[1.457s] [  4%] [34m[1mGenerating C++ code for ROS interfaces[0m
[1.761s] [  4%] Built target udp_msgs__cpp
[1.771s] [  6%] [34m[1mGenerating C++ type support dispatch for ROS interfaces[0m
[1.775s] [ 10%] [34m[1mGenerating C++ type support for eProsima Fast-RTPS[0m
[1.775s] [ 10%] [34m[1mGenerating C++ introspection for ROS interfaces[0m
[1.781s] [35m[1mScanning dependencies of target udp_msgs__rosidl_generator_c[0m
[1.794s] [ 17%] [32mBuilding C object CMakeFiles/udp_msgs__rosidl_generator_c.dir/rosidl_generator_c/udp_msgs/srv/detail/udp_socket__functions.c.o[0m
[1.794s] [ 17%] [32mBuilding C object CMakeFiles/udp_msgs__rosidl_generator_c.dir/rosidl_generator_c/udp_msgs/msg/detail/udp_packet__functions.c.o[0m
[1.795s] [ 17%] [32mBuilding C object CMakeFiles/udp_msgs__rosidl_generator_c.dir/rosidl_generator_c/udp_msgs/srv/detail/udp_send__functions.c.o[0m
[1.847s] [ 19%] [32m[1mLinking C shared library libudp_msgs__rosidl_generator_c.so[0m
[1.882s] [ 19%] Built target udp_msgs__rosidl_generator_c
[1.891s] [ 21%] [34m[1mGenerating C type support dispatch for ROS interfaces[0m
[1.892s] [ 23%] [34m[1mGenerating C introspection for ROS interfaces[0m
[2.003s] [35m[1mScanning dependencies of target udp_msgs__rosidl_typesupport_cpp[0m
[2.016s] [ 27%] [32mBuilding CXX object CMakeFiles/udp_msgs__rosidl_typesupport_cpp.dir/rosidl_typesupport_cpp/udp_msgs/msg/udp_packet__type_support.cpp.o[0m
[2.016s] [ 27%] [32mBuilding CXX object CMakeFiles/udp_msgs__rosidl_typesupport_cpp.dir/rosidl_typesupport_cpp/udp_msgs/srv/udp_send__type_support.cpp.o[0m
[2.061s] [35m[1mScanning dependencies of target udp_msgs__rosidl_typesupport_introspection_cpp[0m
[2.073s] [ 29%] [32mBuilding CXX object CMakeFiles/udp_msgs__rosidl_typesupport_introspection_cpp.dir/rosidl_typesupport_introspection_cpp/udp_msgs/msg/detail/udp_packet__type_support.cpp.o[0m
[2.090s] [35m[1mScanning dependencies of target udp_msgs__rosidl_typesupport_fastrtps_cpp[0m
[2.107s] [ 31%] [32mBuilding CXX object CMakeFiles/udp_msgs__rosidl_typesupport_fastrtps_cpp.dir/rosidl_typesupport_fastrtps_cpp/udp_msgs/msg/detail/dds_fastrtps/udp_packet__type_support.cpp.o[0m
[2.123s] [35m[1mScanning dependencies of target udp_msgs__rosidl_typesupport_c[0m
[2.138s] [ 34%] [32mBuilding CXX object CMakeFiles/udp_msgs__rosidl_typesupport_c.dir/rosidl_typesupport_c/udp_msgs/msg/udp_packet__type_support.cpp.o[0m
[2.170s] [ 36%] [32mBuilding CXX object CMakeFiles/udp_msgs__rosidl_typesupport_c.dir/rosidl_typesupport_c/udp_msgs/srv/udp_send__type_support.cpp.o[0m
[2.190s] [35m[1mScanning dependencies of target udp_msgs__rosidl_typesupport_introspection_c[0m
[2.201s] [ 38%] [32mBuilding CXX object CMakeFiles/udp_msgs__rosidl_typesupport_c.dir/rosidl_typesupport_c/udp_msgs/srv/udp_socket__type_support.cpp.o[0m
[2.204s] [ 40%] [32mBuilding C object CMakeFiles/udp_msgs__rosidl_typesupport_introspection_c.dir/rosidl_typesupport_introspection_c/udp_msgs/msg/detail/udp_packet__type_support.c.o[0m
[2.231s] [ 42%] [32m[1mLinking CXX shared library libudp_msgs__rosidl_typesupport_c.so[0m
[2.238s] [ 44%] [32mBuilding C object CMakeFiles/udp_msgs__rosidl_typesupport_introspection_c.dir/rosidl_typesupport_introspection_c/udp_msgs/srv/detail/udp_send__type_support.c.o[0m
[2.259s] [ 46%] [32mBuilding CXX object CMakeFiles/udp_msgs__rosidl_typesupport_fastrtps_cpp.dir/rosidl_typesupport_fastrtps_cpp/udp_msgs/srv/detail/dds_fastrtps/udp_send__type_support.cpp.o[0m
[2.270s] [ 48%] [32mBuilding C object CMakeFiles/udp_msgs__rosidl_typesupport_introspection_c.dir/rosidl_typesupport_introspection_c/udp_msgs/srv/detail/udp_socket__type_support.c.o[0m
[2.270s] [ 48%] Built target udp_msgs__rosidl_typesupport_c
[2.280s] [ 51%] [32mBuilding CXX object CMakeFiles/udp_msgs__rosidl_typesupport_fastrtps_cpp.dir/rosidl_typesupport_fastrtps_cpp/udp_msgs/srv/detail/dds_fastrtps/udp_socket__type_support.cpp.o[0m
[2.301s] [ 53%] [32mBuilding CXX object CMakeFiles/udp_msgs__rosidl_typesupport_cpp.dir/rosidl_typesupport_cpp/udp_msgs/srv/udp_socket__type_support.cpp.o[0m
[2.306s] [ 55%] [32m[1mLinking C shared library libudp_msgs__rosidl_typesupport_introspection_c.so[0m
[2.337s] [ 55%] Built target udp_msgs__rosidl_typesupport_introspection_c
[2.346s] [ 57%] [32mBuilding CXX object CMakeFiles/udp_msgs__rosidl_typesupport_introspection_cpp.dir/rosidl_typesupport_introspection_cpp/udp_msgs/srv/detail/udp_send__type_support.cpp.o[0m
[2.359s] [ 59%] [32mBuilding CXX object CMakeFiles/udp_msgs__rosidl_typesupport_introspection_cpp.dir/rosidl_typesupport_introspection_cpp/udp_msgs/srv/detail/udp_socket__type_support.cpp.o[0m
[2.584s] [ 61%] [32m[1mLinking CXX shared library libudp_msgs__rosidl_typesupport_cpp.so[0m
[2.624s] [ 61%] Built target udp_msgs__rosidl_typesupport_cpp
[2.626s] [ 63%] [32m[1mLinking CXX shared library libudp_msgs__rosidl_typesupport_introspection_cpp.so[0m
[2.661s] [ 65%] [32m[1mLinking CXX shared library libudp_msgs__rosidl_typesupport_fastrtps_cpp.so[0m
[2.693s] [ 65%] Built target udp_msgs__rosidl_typesupport_introspection_cpp
[2.739s] [ 65%] Built target udp_msgs__rosidl_typesupport_fastrtps_cpp
[2.748s] [ 68%] [34m[1mGenerating C type support for eProsima Fast-RTPS[0m
[3.009s] [35m[1mScanning dependencies of target udp_msgs__rosidl_typesupport_fastrtps_c[0m
[3.027s] [ 74%] [32mBuilding CXX object CMakeFiles/udp_msgs__rosidl_typesupport_fastrtps_c.dir/rosidl_typesupport_fastrtps_c/udp_msgs/msg/detail/udp_packet__type_support_c.cpp.o[0m
[3.027s] [ 74%] [32mBuilding CXX object CMakeFiles/udp_msgs__rosidl_typesupport_fastrtps_c.dir/rosidl_typesupport_fastrtps_c/udp_msgs/srv/detail/udp_send__type_support_c.cpp.o[0m
[3.027s] [ 74%] [32mBuilding CXX object CMakeFiles/udp_msgs__rosidl_typesupport_fastrtps_c.dir/rosidl_typesupport_fastrtps_c/udp_msgs/srv/detail/udp_socket__type_support_c.cpp.o[0m
[3.329s] [ 76%] [32m[1mLinking CXX shared library libudp_msgs__rosidl_typesupport_fastrtps_c.so[0m
[3.402s] [ 76%] Built target udp_msgs__rosidl_typesupport_fastrtps_c
[3.411s] [35m[1mScanning dependencies of target udp_msgs[0m
[3.420s] [ 76%] Built target udp_msgs
[3.429s] [35m[1mScanning dependencies of target udp_msgs__py[0m
[3.438s] [ 78%] [34m[1mGenerating Python code for ROS interfaces[0m
[4.001s] [ 78%] Built target udp_msgs__py
[4.010s] [35m[1mScanning dependencies of target udp_msgs__python[0m
[4.040s] [ 85%] [32mBuilding C object CMakeFiles/udp_msgs__python.dir/rosidl_generator_py/udp_msgs/srv/_udp_socket_s.c.o[0m
[4.040s] [ 85%] [32mBuilding C object CMakeFiles/udp_msgs__python.dir/rosidl_generator_py/udp_msgs/msg/_udp_packet_s.c.o[0m
[4.040s] [ 85%] [32mBuilding C object CMakeFiles/udp_msgs__python.dir/rosidl_generator_py/udp_msgs/srv/_udp_send_s.c.o[0m
[4.126s] [ 87%] [32m[1mLinking C shared library rosidl_generator_py/udp_msgs/libudp_msgs__python.so[0m
[4.165s] [ 87%] Built target udp_msgs__python
[4.174s] [35m[1mScanning dependencies of target udp_msgs__rosidl_typesupport_c__pyext[0m
[4.174s] [35m[1mScanning dependencies of target udp_msgs__rosidl_typesupport_introspection_c__pyext[0m
[4.174s] [35m[1mScanning dependencies of target udp_msgs__rosidl_typesupport_fastrtps_c__pyext[0m
[4.190s] [ 91%] [32mBuilding C object CMakeFiles/udp_msgs__rosidl_typesupport_introspection_c__pyext.dir/rosidl_generator_py/udp_msgs/_udp_msgs_s.ep.rosidl_typesupport_introspection_c.c.o[0m
[4.190s] [ 91%] [32mBuilding C object CMakeFiles/udp_msgs__rosidl_typesupport_c__pyext.dir/rosidl_generator_py/udp_msgs/_udp_msgs_s.ep.rosidl_typesupport_c.c.o[0m
[4.190s] [ 93%] [32mBuilding C object CMakeFiles/udp_msgs__rosidl_typesupport_fastrtps_c__pyext.dir/rosidl_generator_py/udp_msgs/_udp_msgs_s.ep.rosidl_typesupport_fastrtps_c.c.o[0m
[4.268s] [100%] [32m[1mLinking CXX shared library rosidl_generator_py/udp_msgs/udp_msgs_s__rosidl_typesupport_fastrtps_c.cpython-38-x86_64-linux-gnu.so[0m
[4.268s] [100%] [32m[1mLinking C shared library rosidl_generator_py/udp_msgs/udp_msgs_s__rosidl_typesupport_c.cpython-38-x86_64-linux-gnu.so[0m
[4.268s] [100%] [32m[1mLinking C shared library rosidl_generator_py/udp_msgs/udp_msgs_s__rosidl_typesupport_introspection_c.cpython-38-x86_64-linux-gnu.so[0m
[4.303s] [100%] Built target udp_msgs__rosidl_typesupport_c__pyext
[4.304s] [100%] Built target udp_msgs__rosidl_typesupport_introspection_c__pyext
[4.329s] [100%] Built target udp_msgs__rosidl_typesupport_fastrtps_c__pyext
[4.340s] Invoked command in '/home/dev_pc/dev_ws/build/udp_msgs' returned '0': CMAKE_PREFIX_PATH=${CMAKE_PREFIX_PATH}:/opt/ros/foxy /usr/bin/cmake --build /home/dev_pc/dev_ws/build/udp_msgs -- -j6 -l6
[4.342s] Invoking command in '/home/dev_pc/dev_ws/build/udp_msgs': CMAKE_PREFIX_PATH=${CMAKE_PREFIX_PATH}:/opt/ros/foxy /usr/bin/cmake --install /home/dev_pc/dev_ws/build/udp_msgs
[4.349s] -- Install configuration: ""
[4.350s] -- Installing: /home/dev_pc/dev_ws/install/udp_msgs/share/ament_index/resource_index/rosidl_interfaces/udp_msgs
[4.350s] -- Installing: /home/dev_pc/dev_ws/install/udp_msgs/include/udp_msgs
[4.350s] -- Installing: /home/dev_pc/dev_ws/install/udp_msgs/include/udp_msgs/msg
[4.350s] -- Installing: /home/dev_pc/dev_ws/install/udp_msgs/include/udp_msgs/msg/detail
[4.350s] -- Installing: /home/dev_pc/dev_ws/install/udp_msgs/include/udp_msgs/msg/detail/udp_packet__struct.h
[4.350s] -- Installing: /home/dev_pc/dev_ws/install/udp_msgs/include/udp_msgs/msg/detail/udp_packet__functions.h
[4.350s] -- Installing: /home/dev_pc/dev_ws/install/udp_msgs/include/udp_msgs/msg/detail/udp_packet__type_support.h
[4.350s] -- Installing: /home/dev_pc/dev_ws/install/udp_msgs/include/udp_msgs/msg/detail/udp_packet__functions.c
[4.351s] -- Installing: /home/dev_pc/dev_ws/install/udp_msgs/include/udp_msgs/msg/rosidl_generator_c__visibility_control.h
[4.351s] -- Installing: /home/dev_pc/dev_ws/install/udp_msgs/include/udp_msgs/msg/udp_packet.h
[4.351s] -- Installing: /home/dev_pc/dev_ws/install/udp_msgs/include/udp_msgs/srv
[4.351s] -- Installing: /home/dev_pc/dev_ws/install/udp_msgs/include/udp_msgs/srv/udp_send.h
[4.351s] -- Installing: /home/dev_pc/dev_ws/install/udp_msgs/include/udp_msgs/srv/udp_socket.h
[4.351s] -- Installing: /home/dev_pc/dev_ws/install/udp_msgs/include/udp_msgs/srv/detail
[4.351s] -- Installing: /home/dev_pc/dev_ws/install/udp_msgs/include/udp_msgs/srv/detail/udp_socket__type_support.h
[4.351s] -- Installing: /home/dev_pc/dev_ws/install/udp_msgs/include/udp_msgs/srv/detail/udp_send__type_support.h
[4.351s] -- Installing: /home/dev_pc/dev_ws/install/udp_msgs/include/udp_msgs/srv/detail/udp_send__struct.h
[4.351s] -- Installing: /home/dev_pc/dev_ws/install/udp_msgs/include/udp_msgs/srv/detail/udp_socket__struct.h
[4.351s] -- Installing: /home/dev_pc/dev_ws/install/udp_msgs/include/udp_msgs/srv/detail/udp_socket__functions.c
[4.351s] -- Installing: /home/dev_pc/dev_ws/install/udp_msgs/include/udp_msgs/srv/detail/udp_send__functions.c
[4.351s] -- Installing: /home/dev_pc/dev_ws/install/udp_msgs/include/udp_msgs/srv/detail/udp_send__functions.h
[4.351s] -- Installing: /home/dev_pc/dev_ws/install/udp_msgs/include/udp_msgs/srv/detail/udp_socket__functions.h
[4.351s] -- Installing: /home/dev_pc/dev_ws/install/udp_msgs/share/udp_msgs/environment/library_path.sh
[4.352s] -- Installing: /home/dev_pc/dev_ws/install/udp_msgs/share/udp_msgs/environment/library_path.dsv
[4.352s] -- Installing: /home/dev_pc/dev_ws/install/udp_msgs/lib/libudp_msgs__rosidl_generator_c.so
[4.352s] -- Set runtime path of "/home/dev_pc/dev_ws/install/udp_msgs/lib/libudp_msgs__rosidl_generator_c.so" to ""
[4.352s] -- Up-to-date: /home/dev_pc/dev_ws/install/udp_msgs/include/udp_msgs
[4.352s] -- Up-to-date: /home/dev_pc/dev_ws/install/udp_msgs/include/udp_msgs/msg
[4.352s] -- Installing: /home/dev_pc/dev_ws/install/udp_msgs/include/udp_msgs/msg/rosidl_typesupport_fastrtps_c__visibility_control.h
[4.352s] -- Up-to-date: /home/dev_pc/dev_ws/install/udp_msgs/include/udp_msgs/msg/detail
[4.353s] -- Installing: /home/dev_pc/dev_ws/install/udp_msgs/include/udp_msgs/msg/detail/udp_packet__rosidl_typesupport_fastrtps_c.h
[4.353s] -- Up-to-date: /home/dev_pc/dev_ws/install/udp_msgs/include/udp_msgs/srv
[4.353s] -- Up-to-date: /home/dev_pc/dev_ws/install/udp_msgs/include/udp_msgs/srv/detail
[4.353s] -- Installing: /home/dev_pc/dev_ws/install/udp_msgs/include/udp_msgs/srv/detail/udp_send__rosidl_typesupport_fastrtps_c.h
[4.353s] -- Installing: /home/dev_pc/dev_ws/install/udp_msgs/include/udp_msgs/srv/detail/udp_socket__rosidl_typesupport_fastrtps_c.h
[4.353s] -- Installing: /home/dev_pc/dev_ws/install/udp_msgs/lib/libudp_msgs__rosidl_typesupport_fastrtps_c.so
[4.353s] -- Set runtime path of "/home/dev_pc/dev_ws/install/udp_msgs/lib/libudp_msgs__rosidl_typesupport_fastrtps_c.so" to ""
[4.353s] -- Up-to-date: /home/dev_pc/dev_ws/install/udp_msgs/include/udp_msgs
[4.353s] -- Up-to-date: /home/dev_pc/dev_ws/install/udp_msgs/include/udp_msgs/msg
[4.353s] -- Installing: /home/dev_pc/dev_ws/install/udp_msgs/include/udp_msgs/msg/rosidl_typesupport_fastrtps_cpp__visibility_control.h
[4.353s] -- Up-to-date: /home/dev_pc/dev_ws/install/udp_msgs/include/udp_msgs/msg/detail
[4.353s] -- Installing: /home/dev_pc/dev_ws/install/udp_msgs/include/udp_msgs/msg/detail/dds_fastrtps
[4.354s] -- Installing: /home/dev_pc/dev_ws/install/udp_msgs/include/udp_msgs/msg/detail/udp_packet__rosidl_typesupport_fastrtps_cpp.hpp
[4.354s] -- Up-to-date: /home/dev_pc/dev_ws/install/udp_msgs/include/udp_msgs/srv
[4.354s] -- Up-to-date: /home/dev_pc/dev_ws/install/udp_msgs/include/udp_msgs/srv/detail
[4.354s] -- Installing: /home/dev_pc/dev_ws/install/udp_msgs/include/udp_msgs/srv/detail/udp_send__rosidl_typesupport_fastrtps_cpp.hpp
[4.354s] -- Installing: /home/dev_pc/dev_ws/install/udp_msgs/include/udp_msgs/srv/detail/dds_fastrtps
[4.354s] -- Installing: /home/dev_pc/dev_ws/install/udp_msgs/include/udp_msgs/srv/detail/udp_socket__rosidl_typesupport_fastrtps_cpp.hpp
[4.354s] -- Installing: /home/dev_pc/dev_ws/install/udp_msgs/lib/libudp_msgs__rosidl_typesupport_fastrtps_cpp.so
[4.354s] -- Set runtime path of "/home/dev_pc/dev_ws/install/udp_msgs/lib/libudp_msgs__rosidl_typesupport_fastrtps_cpp.so" to ""
[4.354s] -- Up-to-date: /home/dev_pc/dev_ws/install/udp_msgs/include/udp_msgs
[4.354s] -- Up-to-date: /home/dev_pc/dev_ws/install/udp_msgs/include/udp_msgs/msg
[4.354s] -- Up-to-date: /home/dev_pc/dev_ws/install/udp_msgs/include/udp_msgs/msg/detail
[4.355s] -- Installing: /home/dev_pc/dev_ws/install/udp_msgs/include/udp_msgs/msg/detail/udp_packet__rosidl_typesupport_introspection_c.h
[4.355s] -- Installing: /home/dev_pc/dev_ws/install/udp_msgs/include/udp_msgs/msg/detail/udp_packet__type_support.c
[4.355s] -- Installing: /home/dev_pc/dev_ws/install/udp_msgs/include/udp_msgs/msg/rosidl_typesupport_introspection_c__visibility_control.h
[4.355s] -- Up-to-date: /home/dev_pc/dev_ws/install/udp_msgs/include/udp_msgs/srv
[4.355s] -- Up-to-date: /home/dev_pc/dev_ws/install/udp_msgs/include/udp_msgs/srv/detail
[4.355s] -- Installing: /home/dev_pc/dev_ws/install/udp_msgs/include/udp_msgs/srv/detail/udp_socket__type_support.c
[4.355s] -- Installing: /home/dev_pc/dev_ws/install/udp_msgs/include/udp_msgs/srv/detail/udp_send__rosidl_typesupport_introspection_c.h
[4.355s] -- Installing: /home/dev_pc/dev_ws/install/udp_msgs/include/udp_msgs/srv/detail/udp_send__type_support.c
[4.355s] -- Installing: /home/dev_pc/dev_ws/install/udp_msgs/include/udp_msgs/srv/detail/udp_socket__rosidl_typesupport_introspection_c.h
[4.355s] -- Installing: /home/dev_pc/dev_ws/install/udp_msgs/lib/libudp_msgs__rosidl_typesupport_introspection_c.so
[4.356s] -- Set runtime path of "/home/dev_pc/dev_ws/install/udp_msgs/lib/libudp_msgs__rosidl_typesupport_introspection_c.so" to ""
[4.356s] -- Installing: /home/dev_pc/dev_ws/install/udp_msgs/lib/libudp_msgs__rosidl_typesupport_c.so
[4.356s] -- Set runtime path of "/home/dev_pc/dev_ws/install/udp_msgs/lib/libudp_msgs__rosidl_typesupport_c.so" to ""
[4.356s] -- Up-to-date: /home/dev_pc/dev_ws/install/udp_msgs/include/udp_msgs
[4.356s] -- Up-to-date: /home/dev_pc/dev_ws/install/udp_msgs/include/udp_msgs/msg
[4.356s] -- Installing: /home/dev_pc/dev_ws/install/udp_msgs/include/udp_msgs/msg/rosidl_generator_cpp__visibility_control.hpp
[4.356s] -- Up-to-date: /home/dev_pc/dev_ws/install/udp_msgs/include/udp_msgs/msg/detail
[4.356s] -- Installing: /home/dev_pc/dev_ws/install/udp_msgs/include/udp_msgs/msg/detail/udp_packet__traits.hpp
[4.357s] -- Installing: /home/dev_pc/dev_ws/install/udp_msgs/include/udp_msgs/msg/detail/udp_packet__struct.hpp
[4.357s] -- Installing: /home/dev_pc/dev_ws/install/udp_msgs/include/udp_msgs/msg/detail/udp_packet__type_support.hpp
[4.357s] -- Installing: /home/dev_pc/dev_ws/install/udp_msgs/include/udp_msgs/msg/detail/udp_packet__builder.hpp
[4.357s] -- Installing: /home/dev_pc/dev_ws/install/udp_msgs/include/udp_msgs/msg/udp_packet.hpp
[4.357s] -- Up-to-date: /home/dev_pc/dev_ws/install/udp_msgs/include/udp_msgs/srv
[4.357s] -- Up-to-date: /home/dev_pc/dev_ws/install/udp_msgs/include/udp_msgs/srv/detail
[4.357s] -- Installing: /home/dev_pc/dev_ws/install/udp_msgs/include/udp_msgs/srv/detail/udp_socket__traits.hpp
[4.357s] -- Installing: /home/dev_pc/dev_ws/install/udp_msgs/include/udp_msgs/srv/detail/udp_socket__builder.hpp
[4.357s] -- Installing: /home/dev_pc/dev_ws/install/udp_msgs/include/udp_msgs/srv/detail/udp_send__struct.hpp
[4.357s] -- Installing: /home/dev_pc/dev_ws/install/udp_msgs/include/udp_msgs/srv/detail/udp_socket__struct.hpp
[4.357s] -- Installing: /home/dev_pc/dev_ws/install/udp_msgs/include/udp_msgs/srv/detail/udp_send__traits.hpp
[4.357s] -- Installing: /home/dev_pc/dev_ws/install/udp_msgs/include/udp_msgs/srv/detail/udp_send__builder.hpp
[4.357s] -- Installing: /home/dev_pc/dev_ws/install/udp_msgs/include/udp_msgs/srv/detail/udp_socket__type_support.hpp
[4.357s] -- Installing: /home/dev_pc/dev_ws/install/udp_msgs/include/udp_msgs/srv/detail/udp_send__type_support.hpp
[4.357s] -- Installing: /home/dev_pc/dev_ws/install/udp_msgs/include/udp_msgs/srv/udp_socket.hpp
[4.358s] -- Installing: /home/dev_pc/dev_ws/install/udp_msgs/include/udp_msgs/srv/udp_send.hpp
[4.358s] -- Up-to-date: /home/dev_pc/dev_ws/install/udp_msgs/include/udp_msgs
[4.358s] -- Up-to-date: /home/dev_pc/dev_ws/install/udp_msgs/include/udp_msgs/msg
[4.358s] -- Up-to-date: /home/dev_pc/dev_ws/install/udp_msgs/include/udp_msgs/msg/detail
[4.358s] -- Installing: /home/dev_pc/dev_ws/install/udp_msgs/include/udp_msgs/msg/detail/udp_packet__type_support.cpp
[4.358s] -- Installing: /home/dev_pc/dev_ws/install/udp_msgs/include/udp_msgs/msg/detail/udp_packet__rosidl_typesupport_introspection_cpp.hpp
[4.358s] -- Up-to-date: /home/dev_pc/dev_ws/install/udp_msgs/include/udp_msgs/srv
[4.358s] -- Up-to-date: /home/dev_pc/dev_ws/install/udp_msgs/include/udp_msgs/srv/detail
[4.358s] -- Installing: /home/dev_pc/dev_ws/install/udp_msgs/include/udp_msgs/srv/detail/udp_send__type_support.cpp
[4.358s] -- Installing: /home/dev_pc/dev_ws/install/udp_msgs/include/udp_msgs/srv/detail/udp_socket__type_support.cpp
[4.358s] -- Installing: /home/dev_pc/dev_ws/install/udp_msgs/include/udp_msgs/srv/detail/udp_socket__rosidl_typesupport_introspection_cpp.hpp
[4.358s] -- Installing: /home/dev_pc/dev_ws/install/udp_msgs/include/udp_msgs/srv/detail/udp_send__rosidl_typesupport_introspection_cpp.hpp
[4.358s] -- Installing: /home/dev_pc/dev_ws/install/udp_msgs/lib/libudp_msgs__rosidl_typesupport_introspection_cpp.so
[4.359s] -- Set runtime path of "/home/dev_pc/dev_ws/install/udp_msgs/lib/libudp_msgs__rosidl_typesupport_introspection_cpp.so" to ""
[4.359s] -- Installing: /home/dev_pc/dev_ws/install/udp_msgs/lib/libudp_msgs__rosidl_typesupport_cpp.so
[4.359s] -- Set runtime path of "/home/dev_pc/dev_ws/install/udp_msgs/lib/libudp_msgs__rosidl_typesupport_cpp.so" to ""
[4.359s] -- Installing: /home/dev_pc/dev_ws/install/udp_msgs/share/udp_msgs/environment/pythonpath.sh
[4.359s] -- Installing: /home/dev_pc/dev_ws/install/udp_msgs/share/udp_msgs/environment/pythonpath.dsv
[4.360s] -- Installing: /home/dev_pc/dev_ws/install/udp_msgs/lib/python3.8/site-packages/udp_msgs/__init__.py
[4.384s] Compiling '/home/dev_pc/dev_ws/install/udp_msgs/lib/python3.8/site-packages/udp_msgs/__init__.py'...
[4.387s] -- Installing: /home/dev_pc/dev_ws/install/udp_msgs/lib/python3.8/site-packages/udp_msgs/msg
[4.387s] -- Installing: /home/dev_pc/dev_ws/install/udp_msgs/lib/python3.8/site-packages/udp_msgs/msg/__init__.py
[4.387s] -- Installing: /home/dev_pc/dev_ws/install/udp_msgs/lib/python3.8/site-packages/udp_msgs/msg/_udp_packet_s.c
[4.388s] -- Installing: /home/dev_pc/dev_ws/install/udp_msgs/lib/python3.8/site-packages/udp_msgs/msg/_udp_packet.py
[4.388s] -- Installing: /home/dev_pc/dev_ws/install/udp_msgs/lib/python3.8/site-packages/udp_msgs/srv
[4.388s] -- Installing: /home/dev_pc/dev_ws/install/udp_msgs/lib/python3.8/site-packages/udp_msgs/srv/_udp_send.py
[4.388s] -- Installing: /home/dev_pc/dev_ws/install/udp_msgs/lib/python3.8/site-packages/udp_msgs/srv/__init__.py
[4.388s] -- Installing: /home/dev_pc/dev_ws/install/udp_msgs/lib/python3.8/site-packages/udp_msgs/srv/_udp_socket.py
[4.388s] -- Installing: /home/dev_pc/dev_ws/install/udp_msgs/lib/python3.8/site-packages/udp_msgs/srv/_udp_socket_s.c
[4.388s] -- Installing: /home/dev_pc/dev_ws/install/udp_msgs/lib/python3.8/site-packages/udp_msgs/srv/_udp_send_s.c
[4.388s] -- Installing: /home/dev_pc/dev_ws/install/udp_msgs/lib/python3.8/site-packages/udp_msgs/udp_msgs_s__rosidl_typesupport_fastrtps_c.cpython-38-x86_64-linux-gnu.so
[4.389s] -- Set runtime path of "/home/dev_pc/dev_ws/install/udp_msgs/lib/python3.8/site-packages/udp_msgs/udp_msgs_s__rosidl_typesupport_fastrtps_c.cpython-38-x86_64-linux-gnu.so" to ""
[4.389s] -- Installing: /home/dev_pc/dev_ws/install/udp_msgs/lib/python3.8/site-packages/udp_msgs/udp_msgs_s__rosidl_typesupport_introspection_c.cpython-38-x86_64-linux-gnu.so
[4.389s] -- Set runtime path of "/home/dev_pc/dev_ws/install/udp_msgs/lib/python3.8/site-packages/udp_msgs/udp_msgs_s__rosidl_typesupport_introspection_c.cpython-38-x86_64-linux-gnu.so" to ""
[4.390s] -- Installing: /home/dev_pc/dev_ws/install/udp_msgs/lib/python3.8/site-packages/udp_msgs/udp_msgs_s__rosidl_typesupport_c.cpython-38-x86_64-linux-gnu.so
[4.390s] -- Set runtime path of "/home/dev_pc/dev_ws/install/udp_msgs/lib/python3.8/site-packages/udp_msgs/udp_msgs_s__rosidl_typesupport_c.cpython-38-x86_64-linux-gnu.so" to ""
[4.390s] -- Installing: /home/dev_pc/dev_ws/install/udp_msgs/lib/libudp_msgs__python.so
[4.390s] -- Set runtime path of "/home/dev_pc/dev_ws/install/udp_msgs/lib/libudp_msgs__python.so" to ""
[4.391s] -- Installing: /home/dev_pc/dev_ws/install/udp_msgs/share/udp_msgs/msg/UdpPacket.idl
[4.391s] -- Installing: /home/dev_pc/dev_ws/install/udp_msgs/share/udp_msgs/srv/UdpSend.idl
[4.391s] -- Installing: /home/dev_pc/dev_ws/install/udp_msgs/share/udp_msgs/srv/UdpSocket.idl
[4.391s] -- Installing: /home/dev_pc/dev_ws/install/udp_msgs/share/udp_msgs/msg/UdpPacket.msg
[4.391s] -- Installing: /home/dev_pc/dev_ws/install/udp_msgs/share/udp_msgs/srv/UdpSend.srv
[4.391s] -- Installing: /home/dev_pc/dev_ws/install/udp_msgs/share/udp_msgs/srv/UdpSend_Request.msg
[4.391s] -- Installing: /home/dev_pc/dev_ws/install/udp_msgs/share/udp_msgs/srv/UdpSend_Response.msg
[4.391s] -- Installing: /home/dev_pc/dev_ws/install/udp_msgs/share/udp_msgs/srv/UdpSocket.srv
[4.391s] -- Installing: /home/dev_pc/dev_ws/install/udp_msgs/share/udp_msgs/srv/UdpSocket_Request.msg
[4.392s] -- Installing: /home/dev_pc/dev_ws/install/udp_msgs/share/udp_msgs/srv/UdpSocket_Response.msg
[4.392s] -- Installing: /home/dev_pc/dev_ws/install/udp_msgs/share/ament_index/resource_index/package_run_dependencies/udp_msgs
[4.392s] -- Installing: /home/dev_pc/dev_ws/install/udp_msgs/share/ament_index/resource_index/parent_prefix_path/udp_msgs
[4.392s] -- Installing: /home/dev_pc/dev_ws/install/udp_msgs/share/udp_msgs/environment/ament_prefix_path.sh
[4.392s] -- Installing: /home/dev_pc/dev_ws/install/udp_msgs/share/udp_msgs/environment/ament_prefix_path.dsv
[4.392s] -- Installing: /home/dev_pc/dev_ws/install/udp_msgs/share/udp_msgs/environment/path.sh
[4.392s] -- Installing: /home/dev_pc/dev_ws/install/udp_msgs/share/udp_msgs/environment/path.dsv
[4.392s] -- Installing: /home/dev_pc/dev_ws/install/udp_msgs/share/udp_msgs/local_setup.bash
[4.393s] -- Installing: /home/dev_pc/dev_ws/install/udp_msgs/share/udp_msgs/local_setup.sh
[4.393s] -- Installing: /home/dev_pc/dev_ws/install/udp_msgs/share/udp_msgs/local_setup.zsh
[4.393s] -- Installing: /home/dev_pc/dev_ws/install/udp_msgs/share/udp_msgs/local_setup.dsv
[4.393s] -- Installing: /home/dev_pc/dev_ws/install/udp_msgs/share/udp_msgs/package.dsv
[4.393s] -- Installing: /home/dev_pc/dev_ws/install/udp_msgs/share/ament_index/resource_index/packages/udp_msgs
[4.393s] -- Installing: /home/dev_pc/dev_ws/install/udp_msgs/share/udp_msgs/cmake/udp_msgs__rosidl_generator_cExport.cmake
[4.393s] -- Installing: /home/dev_pc/dev_ws/install/udp_msgs/share/udp_msgs/cmake/udp_msgs__rosidl_generator_cExport-noconfig.cmake
[4.393s] -- Installing: /home/dev_pc/dev_ws/install/udp_msgs/share/udp_msgs/cmake/udp_msgs__rosidl_typesupport_introspection_cExport.cmake
[4.394s] -- Installing: /home/dev_pc/dev_ws/install/udp_msgs/share/udp_msgs/cmake/udp_msgs__rosidl_typesupport_introspection_cExport-noconfig.cmake
[4.394s] -- Installing: /home/dev_pc/dev_ws/install/udp_msgs/share/udp_msgs/cmake/udp_msgs__rosidl_typesupport_cExport.cmake
[4.394s] -- Installing: /home/dev_pc/dev_ws/install/udp_msgs/share/udp_msgs/cmake/udp_msgs__rosidl_typesupport_cExport-noconfig.cmake
[4.394s] -- Installing: /home/dev_pc/dev_ws/install/udp_msgs/share/udp_msgs/cmake/udp_msgs__rosidl_generator_cppExport.cmake
[4.394s] -- Installing: /home/dev_pc/dev_ws/install/udp_msgs/share/udp_msgs/cmake/udp_msgs__rosidl_typesupport_introspection_cppExport.cmake
[4.394s] -- Installing: /home/dev_pc/dev_ws/install/udp_msgs/share/udp_msgs/cmake/udp_msgs__rosidl_typesupport_introspection_cppExport-noconfig.cmake
[4.395s] -- Installing: /home/dev_pc/dev_ws/install/udp_msgs/share/udp_msgs/cmake/udp_msgs__rosidl_typesupport_cppExport.cmake
[4.395s] -- Installing: /home/dev_pc/dev_ws/install/udp_msgs/share/udp_msgs/cmake/udp_msgs__rosidl_typesupport_cppExport-noconfig.cmake
[4.395s] -- Installing: /home/dev_pc/dev_ws/install/udp_msgs/share/udp_msgs/cmake/rosidl_cmake-extras.cmake
[4.395s] -- Installing: /home/dev_pc/dev_ws/install/udp_msgs/share/udp_msgs/cmake/ament_cmake_export_dependencies-extras.cmake
[4.395s] -- Installing: /home/dev_pc/dev_ws/install/udp_msgs/share/udp_msgs/cmake/ament_cmake_export_libraries-extras.cmake
[4.395s] -- Installing: /home/dev_pc/dev_ws/install/udp_msgs/share/udp_msgs/cmake/ament_cmake_export_targets-extras.cmake
[4.395s] -- Installing: /home/dev_pc/dev_ws/install/udp_msgs/share/udp_msgs/cmake/ament_cmake_export_include_directories-extras.cmake
[4.395s] -- Installing: /home/dev_pc/dev_ws/install/udp_msgs/share/udp_msgs/cmake/rosidl_cmake_export_typesupport_libraries-extras.cmake
[4.395s] -- Installing: /home/dev_pc/dev_ws/install/udp_msgs/share/udp_msgs/cmake/rosidl_cmake_export_typesupport_targets-extras.cmake
[4.396s] -- Installing: /home/dev_pc/dev_ws/install/udp_msgs/share/udp_msgs/cmake/udp_msgsConfig.cmake
[4.396s] -- Installing: /home/dev_pc/dev_ws/install/udp_msgs/share/udp_msgs/cmake/udp_msgsConfig-version.cmake
[4.396s] -- Installing: /home/dev_pc/dev_ws/install/udp_msgs/share/udp_msgs/package.xml
[4.398s] Invoked command in '/home/dev_pc/dev_ws/build/udp_msgs' returned '0': CMAKE_PREFIX_PATH=${CMAKE_PREFIX_PATH}:/opt/ros/foxy /usr/bin/cmake --install /home/dev_pc/dev_ws/build/udp_msgs
