[0.009s] Invoking command in '/home/dev_pc/dev_ws/build/io_context': AMENT_PREFIX_PATH=/home/dev_pc/dev_ws/install/asio_cmake_module:${AMENT_PREFIX_PATH} CMAKE_PREFIX_PATH=/home/dev_pc/dev_ws/install/asio_cmake_module:/home/dev_pc/dev_ws/install/serial:/home/dev_pc/dev_ws/install/racer_bot:/home/dev_pc/dev_ws/install/racecar_hw_interface:/home/dev_pc/dev_ws/src/install/serial:/home/dev_pc/dev_ws/src/install/racer_bot:/home/dev_pc/dev_ws/src/install/racecar_hw_interface:/opt/ros/foxy /usr/bin/cmake /home/dev_pc/dev_ws/src/transport_drivers/io_context -DCMAKE_INSTALL_PREFIX=/home/dev_pc/dev_ws/install/io_context
[0.054s] -- The C compiler identification is GNU 9.4.0
[0.100s] -- The CXX compiler identification is GNU 9.4.0
[0.104s] -- Check for working C compiler: /usr/bin/cc
[0.163s] -- Check for working C compiler: /usr/bin/cc -- works
[0.163s] -- Detecting C compiler ABI info
[0.227s] -- Detecting C compiler ABI info - done
[0.238s] -- Detecting C compile features
[0.238s] -- Detecting C compile features - done
[0.241s] -- Check for working CXX compiler: /usr/bin/c++
[0.311s] -- Check for working CXX compiler: /usr/bin/c++ -- works
[0.312s] -- Detecting CXX compiler ABI info
[0.382s] -- Detecting CXX compiler ABI info - done
[0.393s] -- Detecting CXX compile features
[0.393s] -- Detecting CXX compile features - done
[0.395s] -- Found ament_cmake_auto: 0.9.12 (/opt/ros/foxy/share/ament_cmake_auto/cmake)
[0.418s] -- Found PythonInterp: /usr/bin/python3 (found suitable version "3.8.10", minimum required is "3") 
[0.418s] -- Using PYTHON_EXECUTABLE: /usr/bin/python3
[0.675s] -- Using all available rosidl_typesupport_c: rosidl_typesupport_fastrtps_c;rosidl_typesupport_introspection_c
[0.681s] -- Found rosidl_adapter: 1.3.1 (/opt/ros/foxy/share/rosidl_adapter/cmake)
[0.749s] -- Found OpenSSL: /usr/lib/x86_64-linux-gnu/libcrypto.so (found version "1.1.1f")  
[0.773s] -- Found FastRTPS: /opt/ros/foxy/include  
[0.840s] -- Using all available rosidl_typesupport_cpp: rosidl_typesupport_fastrtps_cpp;rosidl_typesupport_introspection_cpp
[0.890s] -- Found rmw_implementation_cmake: 1.0.4 (/opt/ros/foxy/share/rmw_implementation_cmake/cmake)
[0.891s] -- Using RMW implementation 'rmw_fastrtps_cpp' as default
[0.892s] -- Looking for pthread.h
[0.953s] -- Looking for pthread.h - found
[0.953s] -- Performing Test CMAKE_HAVE_LIBC_PTHREAD
[1.024s] -- Performing Test CMAKE_HAVE_LIBC_PTHREAD - Failed
[1.024s] -- Looking for pthread_create in pthreads
[1.088s] -- Looking for pthread_create in pthreads - not found
[1.088s] -- Looking for pthread_create in pthread
[1.187s] -- Looking for pthread_create in pthread - found
[1.189s] -- Found Threads: TRUE  
[1.338s] -- Found ASIO: /usr/include  
[1.341s] -- Found ament_lint_auto: 0.9.8 (/opt/ros/foxy/share/ament_lint_auto/cmake)
[1.358s] -- Found gtest sources under '/opt/ros/foxy/src/gtest_vendor': C++ tests using 'Google Test' will be built
[1.360s] -- Check if compiler accepts -pthread
[1.423s] -- Check if compiler accepts -pthread - yes
[1.424s] CMake Error at /opt/ros/foxy/share/ament_cmake_target_dependencies/cmake/ament_target_dependencies.cmake:77 (message):
[1.424s]   ament_target_dependencies() the passed package name 'udp_msgs' was not
[1.425s]   found before
[1.425s] Call Stack (most recent call first):
[1.425s]   CMakeLists.txt:50 (ament_target_dependencies)
[1.425s] 
[1.425s] 
[1.426s] -- Configuring incomplete, errors occurred!
[1.426s] See also "/home/dev_pc/dev_ws/build/io_context/CMakeFiles/CMakeOutput.log".
[1.426s] See also "/home/dev_pc/dev_ws/build/io_context/CMakeFiles/CMakeError.log".
[1.433s] Invoked command in '/home/dev_pc/dev_ws/build/io_context' returned '1': AMENT_PREFIX_PATH=/home/dev_pc/dev_ws/install/asio_cmake_module:${AMENT_PREFIX_PATH} CMAKE_PREFIX_PATH=/home/dev_pc/dev_ws/install/asio_cmake_module:/home/dev_pc/dev_ws/install/serial:/home/dev_pc/dev_ws/install/racer_bot:/home/dev_pc/dev_ws/install/racecar_hw_interface:/home/dev_pc/dev_ws/src/install/serial:/home/dev_pc/dev_ws/src/install/racer_bot:/home/dev_pc/dev_ws/src/install/racecar_hw_interface:/opt/ros/foxy /usr/bin/cmake /home/dev_pc/dev_ws/src/transport_drivers/io_context -DCMAKE_INSTALL_PREFIX=/home/dev_pc/dev_ws/install/io_context
