[ 14%] Built target gtest
[ 28%] Built target gtest_main
[ 57%] Built target serial
[100%] Built target serial-test
[100%] Built target serial_example
[100%] Built target serial-test-timer
-- Install configuration: ""
-- Installing: /home/dev_pc/dev_ws/install/serial/lib/libserial.a
-- Installing: /home/dev_pc/dev_ws/install/serial/include/serial/serial.h
-- Installing: /home/dev_pc/dev_ws/install/serial/include/serial/v8stdint.h
-- Installing: /home/dev_pc/dev_ws/install/serial/share/serial/environment/library_path.sh
-- Installing: /home/dev_pc/dev_ws/install/serial/share/serial/environment/library_path.dsv
-- Installing: /home/dev_pc/dev_ws/install/serial/share/ament_index/resource_index/package_run_dependencies/serial
-- Installing: /home/dev_pc/dev_ws/install/serial/share/ament_index/resource_index/parent_prefix_path/serial
-- Installing: /home/dev_pc/dev_ws/install/serial/share/serial/environment/ament_prefix_path.sh
-- Installing: /home/dev_pc/dev_ws/install/serial/share/serial/environment/ament_prefix_path.dsv
-- Installing: /home/dev_pc/dev_ws/install/serial/share/serial/environment/path.sh
-- Installing: /home/dev_pc/dev_ws/install/serial/share/serial/environment/path.dsv
-- Installing: /home/dev_pc/dev_ws/install/serial/share/serial/local_setup.bash
-- Installing: /home/dev_pc/dev_ws/install/serial/share/serial/local_setup.sh
-- Installing: /home/dev_pc/dev_ws/install/serial/share/serial/local_setup.zsh
-- Installing: /home/dev_pc/dev_ws/install/serial/share/serial/local_setup.dsv
-- Installing: /home/dev_pc/dev_ws/install/serial/share/serial/package.dsv
-- Installing: /home/dev_pc/dev_ws/install/serial/share/ament_index/resource_index/packages/serial
-- Installing: /home/dev_pc/dev_ws/install/serial/share/serial/cmake/ament_cmake_export_include_directories-extras.cmake
-- Installing: /home/dev_pc/dev_ws/install/serial/share/serial/cmake/ament_cmake_export_libraries-extras.cmake
-- Installing: /home/dev_pc/dev_ws/install/serial/share/serial/cmake/serialConfig.cmake
-- Installing: /home/dev_pc/dev_ws/install/serial/share/serial/cmake/serialConfig-version.cmake
-- Installing: /home/dev_pc/dev_ws/install/serial/share/serial/package.xml
