[0.018s] Invoking command in '/home/dev_pc/dev_ws/build/serial': CMAKE_PREFIX_PATH=${CMAKE_PREFIX_PATH}:/opt/ros/foxy /usr/bin/cmake --build /home/dev_pc/dev_ws/build/serial -- -j6 -l6
[0.060s] [ 14%] Built target gtest
[0.060s] [ 28%] Built target gtest_main
[0.061s] [ 57%] Built target serial
[0.081s] [100%] Built target serial-test
[0.081s] [100%] Built target serial_example
[0.081s] [100%] Built target serial-test-timer
[0.092s] Invoked command in '/home/dev_pc/dev_ws/build/serial' returned '0': CMAKE_PREFIX_PATH=${CMAKE_PREFIX_PATH}:/opt/ros/foxy /usr/bin/cmake --build /home/dev_pc/dev_ws/build/serial -- -j6 -l6
[0.094s] Invoking command in '/home/dev_pc/dev_ws/build/serial': CMAKE_PREFIX_PATH=${CMAKE_PREFIX_PATH}:/opt/ros/foxy /usr/bin/cmake --install /home/dev_pc/dev_ws/build/serial
[0.101s] -- Install configuration: ""
[0.102s] -- Installing: /home/dev_pc/dev_ws/install/serial/lib/libserial.a
[0.102s] -- Installing: /home/dev_pc/dev_ws/install/serial/include/serial/serial.h
[0.102s] -- Installing: /home/dev_pc/dev_ws/install/serial/include/serial/v8stdint.h
[0.102s] -- Installing: /home/dev_pc/dev_ws/install/serial/share/serial/environment/library_path.sh
[0.102s] -- Installing: /home/dev_pc/dev_ws/install/serial/share/serial/environment/library_path.dsv
[0.102s] -- Installing: /home/dev_pc/dev_ws/install/serial/share/ament_index/resource_index/package_run_dependencies/serial
[0.102s] -- Installing: /home/dev_pc/dev_ws/install/serial/share/ament_index/resource_index/parent_prefix_path/serial
[0.103s] -- Installing: /home/dev_pc/dev_ws/install/serial/share/serial/environment/ament_prefix_path.sh
[0.103s] -- Installing: /home/dev_pc/dev_ws/install/serial/share/serial/environment/ament_prefix_path.dsv
[0.103s] -- Installing: /home/dev_pc/dev_ws/install/serial/share/serial/environment/path.sh
[0.103s] -- Installing: /home/dev_pc/dev_ws/install/serial/share/serial/environment/path.dsv
[0.103s] -- Installing: /home/dev_pc/dev_ws/install/serial/share/serial/local_setup.bash
[0.103s] -- Installing: /home/dev_pc/dev_ws/install/serial/share/serial/local_setup.sh
[0.103s] -- Installing: /home/dev_pc/dev_ws/install/serial/share/serial/local_setup.zsh
[0.103s] -- Installing: /home/dev_pc/dev_ws/install/serial/share/serial/local_setup.dsv
[0.104s] -- Installing: /home/dev_pc/dev_ws/install/serial/share/serial/package.dsv
[0.104s] -- Installing: /home/dev_pc/dev_ws/install/serial/share/ament_index/resource_index/packages/serial
[0.104s] -- Installing: /home/dev_pc/dev_ws/install/serial/share/serial/cmake/ament_cmake_export_include_directories-extras.cmake
[0.104s] -- Installing: /home/dev_pc/dev_ws/install/serial/share/serial/cmake/ament_cmake_export_libraries-extras.cmake
[0.104s] -- Installing: /home/dev_pc/dev_ws/install/serial/share/serial/cmake/serialConfig.cmake
[0.104s] -- Installing: /home/dev_pc/dev_ws/install/serial/share/serial/cmake/serialConfig-version.cmake
[0.104s] -- Installing: /home/dev_pc/dev_ws/install/serial/share/serial/package.xml
[0.106s] Invoked command in '/home/dev_pc/dev_ws/build/serial' returned '0': CMAKE_PREFIX_PATH=${CMAKE_PREFIX_PATH}:/opt/ros/foxy /usr/bin/cmake --install /home/dev_pc/dev_ws/build/serial
