[0.017s] Invoking command in '/home/dev_pc/dev_ws/build/serial': CMAKE_PREFIX_PATH=${CMAKE_PREFIX_PATH}:/opt/ros/foxy /usr/bin/cmake /home/dev_pc/dev_ws/src/serial -DCMAKE_INSTALL_PREFIX=/home/dev_pc/dev_ws/install/serial
[0.032s] -- Found ament_cmake: 0.9.12 (/opt/ros/foxy/share/ament_cmake/cmake)
[0.053s] -- Using PYTHON_EXECUTABLE: /usr/bin/python3
[0.220s] -- Override CMake install command with custom implementation using symlinks instead of copying resources
[0.235s] -- Found ament_cmake_gtest: 0.9.12 (/opt/ros/foxy/share/ament_cmake_gtest/cmake)
[0.241s] -- Found gtest sources under '/opt/ros/foxy/src/gtest_vendor': C++ tests using 'Google Test' will be built
[0.300s] -- Configuring done
[0.312s] -- Generating done
[0.316s] -- Build files have been written to: /home/dev_pc/dev_ws/build/serial
[0.318s] Invoked command in '/home/dev_pc/dev_ws/build/serial' returned '0': CMAKE_PREFIX_PATH=${CMAKE_PREFIX_PATH}:/opt/ros/foxy /usr/bin/cmake /home/dev_pc/dev_ws/src/serial -DCMAKE_INSTALL_PREFIX=/home/dev_pc/dev_ws/install/serial
[0.320s] Invoking command in '/home/dev_pc/dev_ws/build/serial': CMAKE_PREFIX_PATH=${CMAKE_PREFIX_PATH}:/opt/ros/foxy /usr/bin/cmake --build /home/dev_pc/dev_ws/build/serial -- -j6 -l6
[0.366s] [ 14%] Built target gtest
[0.367s] [ 42%] Built target serial
[0.369s] [ 57%] Built target gtest_main
[0.387s] [ 71%] Built target serial_example
[0.387s] [ 85%] Built target serial-test-timer
[0.388s] [100%] Built target serial-test
[0.406s] Invoked command in '/home/dev_pc/dev_ws/build/serial' returned '0': CMAKE_PREFIX_PATH=${CMAKE_PREFIX_PATH}:/opt/ros/foxy /usr/bin/cmake --build /home/dev_pc/dev_ws/build/serial -- -j6 -l6
[0.408s] Invoking command in '/home/dev_pc/dev_ws/build/serial': CMAKE_PREFIX_PATH=${CMAKE_PREFIX_PATH}:/opt/ros/foxy /usr/bin/cmake --install /home/dev_pc/dev_ws/build/serial
[0.415s] -- Install configuration: ""
[0.416s] -- Execute custom install script
[0.416s] -- Up-to-date symlink: /home/dev_pc/dev_ws/install/serial/include/serial/serial.h
[0.416s] -- Up-to-date symlink: /home/dev_pc/dev_ws/install/serial/include/serial/v8stdint.h
[0.417s] -- Up-to-date symlink: /home/dev_pc/dev_ws/install/serial/share/serial/environment/library_path.sh
[0.417s] -- Up-to-date symlink: /home/dev_pc/dev_ws/install/serial/share/serial/environment/library_path.dsv
[0.417s] -- Up-to-date symlink: /home/dev_pc/dev_ws/install/serial/share/ament_index/resource_index/package_run_dependencies/serial
[0.417s] -- Up-to-date symlink: /home/dev_pc/dev_ws/install/serial/share/ament_index/resource_index/parent_prefix_path/serial
[0.417s] -- Up-to-date symlink: /home/dev_pc/dev_ws/install/serial/share/serial/environment/ament_prefix_path.sh
[0.418s] -- Up-to-date symlink: /home/dev_pc/dev_ws/install/serial/share/serial/environment/ament_prefix_path.dsv
[0.418s] -- Up-to-date symlink: /home/dev_pc/dev_ws/install/serial/share/serial/environment/path.sh
[0.418s] -- Up-to-date symlink: /home/dev_pc/dev_ws/install/serial/share/serial/environment/path.dsv
[0.418s] -- Up-to-date symlink: /home/dev_pc/dev_ws/install/serial/share/serial/local_setup.bash
[0.418s] -- Up-to-date symlink: /home/dev_pc/dev_ws/install/serial/share/serial/local_setup.sh
[0.419s] -- Up-to-date symlink: /home/dev_pc/dev_ws/install/serial/share/serial/local_setup.zsh
[0.419s] -- Up-to-date symlink: /home/dev_pc/dev_ws/install/serial/share/serial/local_setup.dsv
[0.419s] -- Symlinking: /home/dev_pc/dev_ws/install/serial/share/serial/package.dsv
[0.428s] -- Up-to-date symlink: /home/dev_pc/dev_ws/install/serial/share/ament_index/resource_index/packages/serial
[0.428s] -- Up-to-date symlink: /home/dev_pc/dev_ws/install/serial/share/serial/cmake/ament_cmake_export_include_directories-extras.cmake
[0.428s] -- Up-to-date symlink: /home/dev_pc/dev_ws/install/serial/share/serial/cmake/ament_cmake_export_libraries-extras.cmake
[0.428s] -- Up-to-date symlink: /home/dev_pc/dev_ws/install/serial/share/serial/cmake/serialConfig.cmake
[0.429s] -- Up-to-date symlink: /home/dev_pc/dev_ws/install/serial/share/serial/cmake/serialConfig-version.cmake
[0.429s] -- Up-to-date symlink: /home/dev_pc/dev_ws/install/serial/share/serial/package.xml
[0.429s] -- Up-to-date: /home/dev_pc/dev_ws/install/serial/lib/libserial.a
[0.431s] Invoked command in '/home/dev_pc/dev_ws/build/serial' returned '0': CMAKE_PREFIX_PATH=${CMAKE_PREFIX_PATH}:/opt/ros/foxy /usr/bin/cmake --install /home/dev_pc/dev_ws/build/serial
